Component: ARM Compiler 6.16 Tool: armlink [5dfeaa00]

==============================================================================

Section Cross References

    startup_n32g430.o(RESET) refers to startup_n32g430.o(STACK) for __initial_sp
    startup_n32g430.o(RESET) refers to startup_n32g430.o(.text) for Reset_Handler
    startup_n32g430.o(RESET) refers to n32g430_it.o(.text.NMI_Handler) for NMI_Handler
    startup_n32g430.o(RESET) refers to context_rvds.o(.text) for HardFault_Handler
    startup_n32g430.o(RESET) refers to n32g430_it.o(.text.MemManage_Handler) for MemManage_Handler
    startup_n32g430.o(RESET) refers to n32g430_it.o(.text.BusFault_Handler) for BusFault_Handler
    startup_n32g430.o(RESET) refers to n32g430_it.o(.text.UsageFault_Handler) for UsageFault_Handler
    startup_n32g430.o(RESET) refers to n32g430_it.o(.text.SVC_Handler) for SVC_Handler
    startup_n32g430.o(RESET) refers to n32g430_it.o(.text.DebugMon_Handler) for DebugMon_Handler
    startup_n32g430.o(RESET) refers to board.o(.text.SysTick_Handler) for SysTick_Handler
    startup_n32g430.o(RESET) refers to dma.o(.text.DMA_Channel1_IRQHandler) for DMA_Channel1_IRQHandler
    startup_n32g430.o(RESET) refers to usart1_rx.o(.text.USART1_IRQHandler) for USART1_IRQHandler
    startup_n32g430.o(RESET) refers to exti.o(.text.EXTI15_10_IRQHandler) for EXTI15_10_IRQHandler
    startup_n32g430.o(RESET) refers to tim5.o(.text.TIM5_IRQHandler) for TIM5_IRQHandler
    startup_n32g430.o(.text) refers to system_n32g430.o(.text.System_Initializes) for System_Initializes
    startup_n32g430.o(.text) refers to entry.o(.ARM.Collect$$$$00000000) for __main
    system_n32g430.o(.ARM.exidx.text.PLL_TrimValueLoad) refers to system_n32g430.o(.text.PLL_TrimValueLoad) for [Anonymous Symbol]
    system_n32g430.o(.text.System_Initializes) refers to system_n32g430.o(.text.System_Clock_Set) for System_Clock_Set
    system_n32g430.o(.ARM.exidx.text.System_Initializes) refers to system_n32g430.o(.text.System_Initializes) for [Anonymous Symbol]
    system_n32g430.o(.text.System_Clock_Set) refers to system_n32g430.o(.data.SystemClockFrequency) for SystemClockFrequency
    system_n32g430.o(.text.System_Clock_Set) refers to system_n32g430.o(.text.PLL_TrimValueLoad) for PLL_TrimValueLoad
    system_n32g430.o(.ARM.exidx.text.System_Clock_Set) refers to system_n32g430.o(.text.System_Clock_Set) for [Anonymous Symbol]
    system_n32g430.o(.text.System_Clock_Frequency_Update) refers to system_n32g430.o(.data.SystemClockFrequency) for SystemClockFrequency
    system_n32g430.o(.text.System_Clock_Frequency_Update) refers to system_n32g430.o(.rodata.AHBPrescTable) for AHBPrescTable
    system_n32g430.o(.ARM.exidx.text.System_Clock_Frequency_Update) refers to system_n32g430.o(.text.System_Clock_Frequency_Update) for [Anonymous Symbol]
    n32g430_adc.o(.text.ADC_Vrefint_Get) refers to n32g430_adc.o(.data.Get_NVR) for Get_NVR
    n32g430_adc.o(.text.ADC_Vrefint_Get) refers to n32g430_adc.o(.bss.vrefint_value) for vrefint_value
    n32g430_adc.o(.ARM.exidx.text.ADC_Vrefint_Get) refers to n32g430_adc.o(.text.ADC_Vrefint_Get) for [Anonymous Symbol]
    n32g430_adc.o(.text.ADC_Reset) refers to n32g430_rcc.o(.text.RCC_AHB_Peripheral_Reset) for RCC_AHB_Peripheral_Reset
    n32g430_adc.o(.ARM.exidx.text.ADC_Reset) refers to n32g430_adc.o(.text.ADC_Reset) for [Anonymous Symbol]
    n32g430_adc.o(.ARM.exidx.text.ADC_Multichannels_Enable) refers to n32g430_adc.o(.text.ADC_Multichannels_Enable) for [Anonymous Symbol]
    n32g430_adc.o(.ARM.exidx.text.ADC_Multichannels_Disable) refers to n32g430_adc.o(.text.ADC_Multichannels_Disable) for [Anonymous Symbol]
    n32g430_adc.o(.ARM.exidx.text.ADC_Continue_Conversion_Enable) refers to n32g430_adc.o(.text.ADC_Continue_Conversion_Enable) for [Anonymous Symbol]
    n32g430_adc.o(.ARM.exidx.text.ADC_Continue_Conversion_Disable) refers to n32g430_adc.o(.text.ADC_Continue_Conversion_Disable) for [Anonymous Symbol]
    n32g430_adc.o(.ARM.exidx.text.ADC_Regular_Group_External_Trigger_Source_Config) refers to n32g430_adc.o(.text.ADC_Regular_Group_External_Trigger_Source_Config) for [Anonymous Symbol]
    n32g430_adc.o(.ARM.exidx.text.ADC_Data_Alignment_Config) refers to n32g430_adc.o(.text.ADC_Data_Alignment_Config) for [Anonymous Symbol]
    n32g430_adc.o(.ARM.exidx.text.ADC_Regular_Channels_Number_Config) refers to n32g430_adc.o(.text.ADC_Regular_Channels_Number_Config) for [Anonymous Symbol]
    n32g430_adc.o(.text.ADC_Initializes) refers to n32g430_adc.o(.text.ADC_Multichannels_Enable) for ADC_Multichannels_Enable
    n32g430_adc.o(.text.ADC_Initializes) refers to n32g430_adc.o(.text.ADC_Multichannels_Disable) for ADC_Multichannels_Disable
    n32g430_adc.o(.text.ADC_Initializes) refers to n32g430_adc.o(.text.ADC_Continue_Conversion_Enable) for ADC_Continue_Conversion_Enable
    n32g430_adc.o(.text.ADC_Initializes) refers to n32g430_adc.o(.text.ADC_Continue_Conversion_Disable) for ADC_Continue_Conversion_Disable
[...]
    HeatBase_Rx_Frame_Analyze                0x08001bed   Thumb Code   546  iap_rx.o(.text.HeatBase_Rx_Frame_Analyze)
    IO_Init                                  0x08001e11   Thumb Code   286  io.o(.text.IO_Init)
    IapHeatBase_Rx_Frame_Analyze             0x08001f31   Thumb Code   164  iap_rx.o(.text.IapHeatBase_Rx_Frame_Analyze)
    IapTester_Start                          0x08001fd5   Thumb Code    14  iaptester.o(.text.IapTester_Start)
    IapTester_Stop                           0x08001fe5   Thumb Code     2  iaptester.o(.text.IapTester_Stop)
    IapTester_Task                           0x08001fe9   Thumb Code     2  iaptester.o(.text.IapTester_Task)
    Iap_Copy_Data                            0x08001fed   Thumb Code    64  iap_tx.o(.text.Iap_Copy_Data)
    Iap_GotoHalt_Event                       0x0800202d   Thumb Code    14  app_event.o(.text.Iap_GotoHalt_Event)
    Iap_GotoMcuUpdata_Event                  0x0800203d   Thumb Code     2  app_event.o(.text.Iap_GotoMcuUpdata_Event)
    Iap_GotoTester_Event                     0x08002041   Thumb Code    14  app_event.o(.text.Iap_GotoTester_Event)
    Iap_GotoUser_Event                       0x08002051   Thumb Code    14  app_event.o(.text.Iap_GotoUser_Event)
    Iap_Init                                 0x08002061   Thumb Code     2  iap.o(.text.Iap_Init)
    Iap_PrintArray                           0x08002065   Thumb Code    20  uart.o(.text.Iap_PrintArray)
    Iap_PrintFrame                           0x08002079   Thumb Code   208  iap_tx.o(.text.Iap_PrintFrame)
    Iap_Rx_Byte_Analyze                      0x08002149   Thumb Code   348  iap_rx.o(.text.Iap_Rx_Byte_Analyze)
    Iap_Rx_Clear                             0x080022a5   Thumb Code    14  iap_rx.o(.text.Iap_Rx_Clear)
    Iap_Rx_Frame_Analyze                     0x080022b5   Thumb Code   398  iap_rx.o(.text.Iap_Rx_Frame_Analyze)
    Iap_Task                                 0x08002445   Thumb Code   210  iap.o(.text.Iap_Task)
    Iap_Tx_Request                           0x08002519   Thumb Code   224  iap_tx.o(.text.Iap_Tx_Request)
    Iap_Tx_Respond                           0x080025f9   Thumb Code   296  iap_tx.o(.text.Iap_Tx_Respond)
    Inhale_Duty_Set                          0x08002721   Thumb Code    16  tim5.o(.text.Inhale_Duty_Set)
    Led_Task                                 0x08002731   Thumb Code   258  led.o(.text.Led_Task)
    Magnetic_Valve_ON                        0x08002835   Thumb Code    18  magnetic_valve.o(.text.Magnetic_Valve_ON)
    Magnetic_Valve_Off                       0x08002849   Thumb Code    18  magnetic_valve.o(.text.Magnetic_Valve_Off)
    Magnetic_Valve_Start                     0x0800285d   Thumb Code    20  magnetic_valve.o(.text.Magnetic_Valve_Start)
    Magnetic_Valve_Stop                      0x08002871   Thumb Code    20  magnetic_valve.o(.text.Magnetic_Valve_Stop)
    Mcu_Init                                 0x08002885   Thumb Code     8  mcu.o(.text.Mcu_Init)
    MemManage_Handler                        0x0800288d   Thumb Code     4  n32g430_it.o(.text.MemManage_Handler)
    Monitor_Task                             0x08002891   Thumb Code   230  monitor.o(.text.Monitor_Task)
    Mop_Error                                0x08002979   Thumb Code    42  mop.o(.text.Mop_Error)
    Mop_Shut                                 0x080029a5   Thumb Code    72  mop.o(.text.Mop_Shut)
    Mop_Start                                0x080029ed   Thumb Code    22  mop.o(.text.Mop_Start)
    Mop_Step_Off                             0x08002a05   Thumb Code     8  mop.o(.text.Mop_Step_Off)
    Mop_Step_Shut                            0x08002a0d   Thumb Code    20  mop.o(.text.Mop_Step_Shut)
    Mop_Stop                                 0x08002a21   Thumb Code    36  mop.o(.text.Mop_Stop)
    Mop_Task                                 0x08002a45   Thumb Code   220  mop.o(.text.Mop_Task)
    NMI_Handler                              0x08002b21   Thumb Code     2  n32g430_it.o(.text.NMI_Handler)
    NVIC_Configuration                       0x08002b25   Thumb Code    14  board.o(.text.NVIC_Configuration)
    NVIC_Initializes                         0x08002b35   Thumb Code   170  misc.o(.text.NVIC_Initializes)
    NVIC_Vector_Table_Set                    0x08002be1   Thumb Code    36  misc.o(.text.NVIC_Vector_Table_Set)
    PLL_TrimValueLoad                        0x08002c05   Thumb Code   170  system_n32g430.o(.text.PLL_TrimValueLoad)
    Peristaltic_Pump_Info_Update             0x08002cb1   Thumb Code   122  monitor.o(.text.Peristaltic_Pump_Info_Update)
    Peristaltic_Pump_OFF                     0x08002d2d   Thumb Code    18  peristaltic_pump.o(.text.Peristaltic_Pump_OFF)
    Peristaltic_Pump_ON                      0x08002d41   Thumb Code    18  peristaltic_pump.o(.text.Peristaltic_Pump_ON)
    Peristaltic_Pump_Start                   0x08002d55   Thumb Code    20  peristaltic_pump.o(.text.Peristaltic_Pump_Start)
    Peristaltic_Pump_Stop                    0x08002d69   Thumb Code    20  peristaltic_pump.o(.text.Peristaltic_Pump_Stop)
    RCC_ADC_1M_Clock_Config                  0x08002d7d   Thumb Code    62  n32g430_rcc.o(.text.RCC_ADC_1M_Clock_Config)
    RCC_ADC_Hclk_Config                      0x08002dbd   Thumb Code    44  n32g430_rcc.o(.text.RCC_ADC_Hclk_Config)
    RCC_ADC_Hclk_Enable                      0x08002de9   Thumb Code    18  n32g430_rcc.o(.text.RCC_ADC_Hclk_Enable)
    RCC_ADC_PLL_Clock_Disable                0x08002dfd   Thumb Code    18  n32g430_rcc.o(.text.RCC_ADC_PLL_Clock_Disable)
    RCC_ADC_PLL_Clock_Prescaler_Enable       0x08002e11   Thumb Code    44  n32g430_rcc.o(.text.RCC_ADC_PLL_Clock_Prescaler_Enable)
    RCC_AHB_Peripheral_Clock_Enable          0x08002e3d   Thumb Code    24  n32g430_rcc.o(.text.RCC_AHB_Peripheral_Clock_Enable)
    RCC_APB1_Peripheral_Clock_Enable         0x08002e55   Thumb Code    24  n32g430_rcc.o(.text.RCC_APB1_Peripheral_Clock_Enable)
    RCC_APB2_Peripheral_Clock_Enable         0x08002e6d   Thumb Code    24  n32g430_rcc.o(.text.RCC_APB2_Peripheral_Clock_Enable)
    RCC_Clocks_Frequencies_Value_Get         0x08002e85   Thumb Code   462  n32g430_rcc.o(.text.RCC_Clocks_Frequencies_Value_Get)
    RCC_Configuration                        0x08003055   Thumb Code    40  mcu.o(.text.RCC_Configuration)
    Rubbish_Fan_Info_Update                  0x0800307d   Thumb Code   120  monitor.o(.text.Rubbish_Fan_Info_Update)
    Rubbish_Fan_ON                           0x080030f5   Thumb Code    18  rubbish_fan.o(.text.Rubbish_Fan_ON)
    Rubbish_Fan_Off                          0x08003109   Thumb Code    18  rubbish_fan.o(.text.Rubbish_Fan_Off)
    Rubbish_Fan_Start                        0x0800311d   Thumb Code    20  rubbish_fan.o(.text.Rubbish_Fan_Start)
    Rubbish_Fan_Stop                         0x08003131   Thumb Code    20  rubbish_fan.o(.text.Rubbish_Fan_Stop)
    Rubbish_Full_Led_OFF                     0x08003145   Thumb Code    18  led.o(.text.Rubbish_Full_Led_OFF)
    Rubbish_Full_Led_ON                      0x08003159   Thumb Code    18  led.o(.text.Rubbish_Full_Led_ON)
    Rubbish_Full_Led_Start                   0x0800316d   Thumb Code    20  led.o(.text.Rubbish_Full_Led_Start)
    Rubbish_Full_Led_Stop                    0x08003181   Thumb Code    20  led.o(.text.Rubbish_Full_Led_Stop)
    Rubbish_Heater_ON                        0x08003195   Thumb Code    12  rubbish_heater.o(.text.Rubbish_Heater_ON)
    Rubbish_Heater_Off                       0x080031a1   Thumb Code    10  rubbish_heater.o(.text.Rubbish_Heater_Off)
    Rubbish_Heater_Start                     0x080031ad   Thumb Code    56  rubbish_heater.o(.text.Rubbish_Heater_Start)
    Rubbish_Heater_Stop                      0x080031e5   Thumb Code    20  rubbish_heater.o(.text.Rubbish_Heater_Stop)
    Rubbish_Heater_Task                      0x080031f9   Thumb Code    94  rubbish_heater.o(.text.Rubbish_Heater_Task)
    SVC_Handler                              0x08003259   Thumb Code     2  n32g430_it.o(.text.SVC_Handler)
    SysTick_Handler                          0x080032b1   Thumb Code    16  board.o(.text.SysTick_Handler)
    System_Initializes                       0x08003429   Thumb Code   206  system_n32g430.o(.text.System_Initializes)
    TIM1_CH1_Duty_Set                        0x080034f9   Thumb Code    20  tim1.o(.text.TIM1_CH1_Duty_Set)
    TIM1_CH3_Duty_Set                        0x0800350d   Thumb Code    20  tim1.o(.text.TIM1_CH3_Duty_Set)
    TIM1_CH4_Duty_Set                        0x08003521   Thumb Code    20  tim1.o(.text.TIM1_CH4_Duty_Set)
    TIM1_Init                                0x0800358d   Thumb Code   194  tim1.o(.text.TIM1_Init)
    TIM2_Init                                0x08003651   Thumb Code    84  tim2.o(.text.TIM2_Init)
    TIM3_Init                                0x080036d1   Thumb Code   148  tim3.o(.text.TIM3_Init)
    TIM4_Init                                0x08003765   Thumb Code   110  tim4.o(.text.TIM4_Init)
    TIM4_Start                               0x080037d5   Thumb Code    16  tim4.o(.text.TIM4_Start)
    TIM5_CH1_Duty_Set                        0x080037e5   Thumb Code    20  tim5.o(.text.TIM5_CH1_Duty_Set)
    TIM5_IRQHandler                          0x080037f9   Thumb Code   122  tim5.o(.text.TIM5_IRQHandler)
    TIM5_Init                                0x08003875   Thumb Code   110  tim5.o(.text.TIM5_Init)
    TIM5_NVIC_Initialize                     0x080038e5   Thumb Code    68  tim5.o(.text.TIM5_NVIC_Initialize)
    TIM_Auto_Reload_Preload_Enable           0x08003929   Thumb Code    18  n32g430_tim.o(.text.TIM_Auto_Reload_Preload_Enable)
    TIM_Base_Auto_Reload_Set                 0x0800393d   Thumb Code    20  n32g430_tim.o(.text.TIM_Base_Auto_Reload_Set)
    TIM_Base_Channel1                        0x08003951   Thumb Code    46  n32g430_tim.o(.text.TIM_Base_Channel1)
    TIM_Base_Channel2                        0x08003981   Thumb Code    46  n32g430_tim.o(.text.TIM_Base_Channel2)
    TIM_Base_Channel3                        0x080039b1   Thumb Code    46  n32g430_tim.o(.text.TIM_Base_Channel3)
    TIM_Base_Channel4                        0x080039e1   Thumb Code    46  n32g430_tim.o(.text.TIM_Base_Channel4)
    TIM_Base_Count_Mode_Set                  0x08003a11   Thumb Code    42  n32g430_tim.o(.text.TIM_Base_Count_Mode_Set)
    TIM_Base_Initialize                      0x08003a3d   Thumb Code   308  n32g430_tim.o(.text.TIM_Base_Initialize)
    TIM_Base_OCrefClear                      0x08003b71   Thumb Code    46  n32g430_tim.o(.text.TIM_Base_OCrefClear)
    TIM_Base_Prescaler_Set                   0x08003ba1   Thumb Code    20  n32g430_tim.o(.text.TIM_Base_Prescaler_Set)
    TIM_Base_Reload_Mode_Set                 0x08003bb5   Thumb Code    20  n32g430_tim.o(.text.TIM_Base_Reload_Mode_Set)
    TIM_Base_Repeat_Count_Set                0x08003bc9   Thumb Code    20  n32g430_tim.o(.text.TIM_Base_Repeat_Count_Set)
    TIM_Capture_Compare_Ch_Disable           0x08003bdd   Thumb Code    30  n32g430_tim.o(.text.TIM_Capture_Compare_Ch_Disable)
    TIM_Capture_Compare_Ch_Enable            0x08003bfd   Thumb Code    30  n32g430_tim.o(.text.TIM_Capture_Compare_Ch_Enable)
    TIM_Capture_Compare_Ch_N_Disable         0x08003c1d   Thumb Code    30  n32g430_tim.o(.text.TIM_Capture_Compare_Ch_N_Disable)
    TIM_Capture_Compare_Ch_N_Enable          0x08003c3d   Thumb Code    30  n32g430_tim.o(.text.TIM_Capture_Compare_Ch_N_Enable)
    TIM_Clock_Division_Set                   0x08003c5d   Thumb Code    34  n32g430_tim.o(.text.TIM_Clock_Division_Set)
    TIM_Interrupt_Enable                     0x08003c81   Thumb Code    24  n32g430_tim.o(.text.TIM_Interrupt_Enable)
    TIM_Interrupt_Status_Clear               0x08003c99   Thumb Code    18  n32g430_tim.o(.text.TIM_Interrupt_Status_Clear)
    TIM_Interrupt_Status_Get                 0x08003cad   Thumb Code    68  n32g430_tim.o(.text.TIM_Interrupt_Status_Get)
    TIM_On                                   0x08003cf1   Thumb Code    18  n32g430_tim.o(.text.TIM_On)
    TIM_Output_Channel1_Initialize           0x08003d05   Thumb Code   252  n32g430_tim.o(.text.TIM_Output_Channel1_Initialize)
    TIM_Output_Channel1_Preload_Set          0x08003e01   Thumb Code    60  n32g430_tim.o(.text.TIM_Output_Channel1_Preload_Set)
    TIM_Output_Channel3_Initialize           0x08003e3d   Thumb Code   258  n32g430_tim.o(.text.TIM_Output_Channel3_Initialize)
    TIM_Output_Channel3_Preload_Set          0x08003f41   Thumb Code    60  n32g430_tim.o(.text.TIM_Output_Channel3_Preload_Set)
    TIM_Output_Channel4_Initialize           0x08003f7d   Thumb Code   286  n32g430_tim.o(.text.TIM_Output_Channel4_Initialize)
    TIM_Output_Channel4_Preload_Set          0x0800409d   Thumb Code    62  n32g430_tim.o(.text.TIM_Output_Channel4_Preload_Set)
    TIM_Output_Channel_N_Polarity_Set        0x080040dd   Thumb Code    58  n32g430_tim.o(.text.TIM_Output_Channel_N_Polarity_Set)
    TIM_Output_Channel_Polarity_Set          0x08004119   Thumb Code    58  n32g430_tim.o(.text.TIM_Output_Channel_Polarity_Set)
    TIM_Output_Channel_Struct_Initialize     0x08004155   Thumb Code    42  n32g430_tim.o(.text.TIM_Output_Channel_Struct_Initialize)
    TIM_PWM_Output_Enable                    0x08004181   Thumb Code    22  n32g430_tim.o(.text.TIM_PWM_Output_Enable)
    Trash_Basket_Full_Info_Update            0x08004199   Thumb Code    70  monitor.o(.text.Trash_Basket_Full_Info_Update)
    Trash_Basket_Info_Update                 0x080041e1   Thumb Code    70  monitor.o(.text.Trash_Basket_Info_Update)
    U32_Add_One                              0x08004229   Thumb Code    28  number.o(.text.U32_Add_One)
    USART1_IRQHandler                        0x08004289   Thumb Code   146  usart1_rx.o(.text.USART1_IRQHandler)
    USART1_Init                              0x0800431d   Thumb Code   134  usart1.o(.text.USART1_Init)
    USART1_PrintArray                        0x080043a5   Thumb Code    48  usart1_tx.o(.text.USART1_PrintArray)
    USART1_Printc                            0x080043d5   Thumb Code    50  usart1_tx.o(.text.USART1_Printc)
    USART1_Rx_Byte_Isr                       0x08004409   Thumb Code    20  uart.o(.text.USART1_Rx_Byte_Isr)
    USART_Baud_Rate_Config                   0x0800441d   Thumb Code   176  n32g430_usart.o(.text.USART_Baud_Rate_Config)
    USART_DMA_Transfer_Enable                0x080044cd   Thumb Code    24  n32g430_usart.o(.text.USART_DMA_Transfer_Enable)
    USART_Data_Receive                       0x080044e5   Thumb Code    16  n32g430_usart.o(.text.USART_Data_Receive)
    USART_Data_Send                          0x080044f5   Thumb Code    24  n32g430_usart.o(.text.USART_Data_Send)
    USART_Enable                             0x0800450d   Thumb Code    18  n32g430_usart.o(.text.USART_Enable)
    USART_Flag_Status_Get                    0x08004521   Thumb Code    48  n32g430_usart.o(.text.USART_Flag_Status_Get)
    USART_Hardware_Flow_Control_Config       0x08004551   Thumb Code    46  n32g430_usart.o(.text.USART_Hardware_Flow_Control_Config)
    USART_Initializes                        0x08004581   Thumb Code    72  n32g430_usart.o(.text.USART_Initializes)
    USART_Interrput_Enable                   0x080045c9   Thumb Code   104  n32g430_usart.o(.text.USART_Interrput_Enable)
    USART_Interrupt_Status_Clear             0x08004631   Thumb Code    52  n32g430_usart.o(.text.USART_Interrupt_Status_Clear)
    USART_Interrupt_Status_Get               0x08004665   Thumb Code   156  n32g430_usart.o(.text.USART_Interrupt_Status_Get)
    USART_Mode_Config                        0x08004701   Thumb Code    46  n32g430_usart.o(.text.USART_Mode_Config)
    USART_Parity_Config                      0x08004731   Thumb Code    46  n32g430_usart.o(.text.USART_Parity_Config)
    USART_Stop_Bits_Config                   0x08004761   Thumb Code    46  n32g430_usart.o(.text.USART_Stop_Bits_Config)
    USART_Structure_Initializes              0x08004791   Thumb Code    40  n32g430_usart.o(.text.USART_Structure_Initializes)
    USART_Word_Length_Config                 0x080047b9   Thumb Code    46  n32g430_usart.o(.text.USART_Word_Length_Config)
    UsageFault_Handler                       0x080047e9   Thumb Code     4  n32g430_it.o(.text.UsageFault_Handler)
    UserMain                                 0x080047ed   Thumb Code   306  usermain.o(.text.UserMain)
    __rt_ffs                                 0x08004965   Thumb Code   126  kservice.o(.text.__rt_ffs)
    getVoterResult                           0x08004bd9   Thumb Code   238  monitor.o(.text.getVoterResult)
    get_rubbish_full_signal                  0x08004cc9   Thumb Code    12  exti.o(.text.get_rubbish_full_signal)
    get_zero_signal                          0x08004cd5   Thumb Code    12  exti.o(.text.get_zero_signal)
    gpio_init                                0x08004ce1   Thumb Code    52  io.o(.text.gpio_init)
    $Super$$main                             0x08004d15   Thumb Code    10  main.o(.text.main)
    main_thread_entry                        0x08004d21   Thumb Code    18  components.o(.text.main_thread_entry)
    rt_application_init                      0x0800507d   Thumb Code    52  components.o(.text.rt_application_init)
    rt_components_board_init                 0x080050b1   Thumb Code    52  components.o(.text.rt_components_board_init)
    rt_components_init                       0x080050e5   Thumb Code    52  components.o(.text.rt_components_init)
    rt_enter_critical                        0x08005119   Thumb Code    34  scheduler.o(.text.rt_enter_critical)
    rt_exit_critical                         0x0800513d   Thumb Code    86  scheduler.o(.text.rt_exit_critical)
    rt_free                                  0x08005195   Thumb Code   198  mem.o(.text.rt_free)
    rt_hw_board_init                         0x0800525d   Thumb Code    56  board.o(.text.rt_hw_board_init)
    rt_hw_hard_fault_exception               0x08005295   Thumb Code    94  cpuport.o(.text.rt_hw_hard_fault_exception)
    rt_hw_stack_init                         0x080052f5   Thumb Code   128  cpuport.o(.text.rt_hw_stack_init)
    rt_interrupt_enter                       0x08005375   Thumb Code    34  irq.o(.text.rt_interrupt_enter)
    rt_interrupt_leave                       0x08005399   Thumb Code    34  irq.o(.text.rt_interrupt_leave)
    rt_malloc                                0x0800568d   Thumb Code   650  mem.o(.text.rt_malloc)
    rt_mb_create                             0x08005919   Thumb Code   122  ipc.o(.text.rt_mb_create)
    rt_mb_recv                               0x08005995   Thumb Code   340  ipc.o(.text.rt_mb_recv)
    rt_mb_send                               0x08005ae9   Thumb Code    22  ipc.o(.text.rt_mb_send)
    rt_mb_send_wait                          0x08005b01   Thumb Code   358  ipc.o(.text.rt_mb_send_wait)
    rt_memset                                0x08005c69   Thumb Code   178  kservice.o(.text.rt_memset)
    rt_object_allocate                       0x08005d1d   Thumb Code   116  object.o(.text.rt_object_allocate)
    rt_object_delete                         0x08005d91   Thumb Code    42  object.o(.text.rt_object_delete)
    rt_object_detach                         0x08005dbd   Thumb Code    36  object.o(.text.rt_object_detach)
    rt_object_get_information                0x08005de1   Thumb Code    84  object.o(.text.rt_object_get_information)
    rt_object_init                           0x08005e35   Thumb Code   128  object.o(.text.rt_object_init)
    rt_object_is_systemobject                0x08005eb5   Thumb Code    34  object.o(.text.rt_object_is_systemobject)
    rt_schedule                              0x08005ed9   Thumb Code   174  scheduler.o(.text.rt_schedule)
    rt_schedule_insert_thread                0x08005f89   Thumb Code    80  scheduler.o(.text.rt_schedule_insert_thread)
    rt_schedule_remove_thread                0x08005fd9   Thumb Code    76  scheduler.o(.text.rt_schedule_remove_thread)
    rt_sem_create                            0x08006025   Thumb Code    66  ipc.o(.text.rt_sem_create)
    rt_sem_init                              0x08006069   Thumb Code    50  ipc.o(.text.rt_sem_init)
    rt_sem_release                           0x0800609d   Thumb Code   114  ipc.o(.text.rt_sem_release)
    rt_sem_take                              0x08006111   Thumb Code   158  ipc.o(.text.rt_sem_take)
    rt_show_version                          0x080061b1   Thumb Code     2  kservice.o(.text.rt_show_version)
    rt_sprintf                               0x080061b5   Thumb Code    42  kservice.o(.text.rt_sprintf)
    rt_strncpy                               0x080061e1   Thumb Code    92  kservice.o(.text.rt_strncpy)
    rt_system_heap_init                      0x0800623d   Thumb Code   238  mem.o(.text.rt_system_heap_init)
    rt_system_scheduler_init                 0x0800632d   Thumb Code   106  scheduler.o(.text.rt_system_scheduler_init)
    rt_system_scheduler_start                0x08006399   Thumb Code    64  scheduler.o(.text.rt_system_scheduler_start)
    rt_system_timer_init                     0x080063d9   Thumb Code    48  timer.o(.text.rt_system_timer_init)
    rt_system_timer_thread_init              0x08006409   Thumb Code     2  timer.o(.text.rt_system_timer_thread_init)
    rt_thread_create                         0x0800640d   Thumb Code   126  thread.o(.text.rt_thread_create)
    rt_thread_exit                           0x0800648d   Thumb Code   104  thread.o(.text.rt_thread_exit)
    rt_thread_idle_excute                    0x08006505   Thumb Code    76  idle.o(.text.rt_thread_idle_excute)
    rt_thread_idle_init                      0x08006551   Thumb Code    72  idle.o(.text.rt_thread_idle_init)
    rt_thread_init                           0x08006599   Thumb Code    88  thread.o(.text.rt_thread_init)
    rt_thread_resume                         0x080065f1   Thumb Code    76  thread.o(.text.rt_thread_resume)
    rt_thread_self                           0x0800663d   Thumb Code    12  thread.o(.text.rt_thread_self)
    rt_thread_startup                        0x08006649   Thumb Code    62  thread.o(.text.rt_thread_startup)
    rt_thread_suspend                        0x08006689   Thumb Code    84  thread.o(.text.rt_thread_suspend)
    rt_thread_timeout                        0x080066dd   Thumb Code    40  thread.o(.text.rt_thread_timeout)
    rt_thread_yield                          0x08006705   Thumb Code   116  thread.o(.text.rt_thread_yield)
    rt_tick_get                              0x08006779   Thumb Code    12  clock.o(.text.rt_tick_get)
    rt_tick_increase                         0x08006785   Thumb Code    60  clock.o(.text.rt_tick_increase)
    rt_timer_check                           0x080067c1   Thumb Code   214  timer.o(.text.rt_timer_check)
    rt_timer_control                         0x08006899   Thumb Code   122  timer.o(.text.rt_timer_control)
    rt_timer_detach                          0x08006915   Thumb Code    46  timer.o(.text.rt_timer_detach)
    rt_timer_init                            0x08006945   Thumb Code    62  timer.o(.text.rt_timer_init)
    rt_timer_start                           0x08006985   Thumb Code   330  timer.o(.text.rt_timer_start)
    rt_timer_stop                            0x08006ad1   Thumb Code    64  timer.o(.text.rt_timer_stop)
    rt_vsnprintf                             0x08006b11   Thumb Code  1480  kservice.o(.text.rt_vsnprintf)
    rt_vsprintf                              0x080070d9   Thumb Code    28  kservice.o(.text.rt_vsprintf)
    rtthread_startup                         0x08007105   Thumb Code    42  components.o(.text.rtthread_startup)
    set_rubbish_full_signal                  0x08007131   Thumb Code    24  exti.o(.text.set_rubbish_full_signal)
    set_zero_signal                          0x08007149   Thumb Code    24  exti.o(.text.set_zero_signal)
    __scatterload_copy                       0x08007199   Thumb Code    14  handlers.o(i.__scatterload_copy)
    __scatterload_null                       0x080071a7   Thumb Code     2  handlers.o(i.__scatterload_null)
    __scatterload_zeroinit                   0x080071a9   Thumb Code    14  handlers.o(i.__scatterload_zeroinit)
    __lowest_bit_bitmap                      0x080071f6   Data         256  kservice.o(.rodata.__lowest_bit_bitmap)
    nCrcTab_Crc8Poly0x07Ref0                 0x080072f6   Data         256  crc8.o(.rodata.nCrcTab_Crc8Poly0x07Ref0)
    __rt_init_rti_start                      0x0800746c   Data           4  components.o(.rti_fn.0)
    __rt_init_rti_board_start                0x08007470   Data           4  components.o(.rti_fn.0.end)
    __rt_init_rti_board_end                  0x08007474   Data           4  components.o(.rti_fn.1.end)
    __rt_init_rti_end                        0x08007478   Data           4  components.o(.rti_fn.6.end)
    Region$$Table$$Base                      0x0800747c   Number         0  anon$$obj.o(Region$$Table)
    Region$$Table$$Limit                     0x0800749c   Number         0  anon$$obj.o(Region$$Table)
    SystemClockFrequency                     0x20000000   Data           4  system_n32g430.o(.data.SystemClockFrequency)
    App                                      0x20000048   Data           8  app.o(.bss.App)
    Fan                                      0x20000050   Data           8  fan.o(.bss.Fan)
    Iap                                      0x20000058   Data           8  iap.o(.bss.Iap)
    IapTester                                0x20000060   Data           8  iaptester.o(.bss.IapTester)
    Iap_Rx                                   0x20000068   Data         124  iap_rx.o(.bss.Iap_Rx)
    Iap_Tx                                   0x200000e4   Data         101  iap_tx.o(.bss.Iap_Tx)
    Mcu                                      0x2000014c   Data          32  mcu.o(.bss.Mcu)
    Mop                                      0x20000170   Data          16  mop.o(.bss.Mop)
    base_module                              0x20000180   Data         132  monitor.o(.bss.base_module)
    brush_fan                                0x20000204   Data           8  brush_fan.o(.bss.brush_fan)
    brush_heater                             0x2000020c   Data           8  brush_heater.o(.bss.brush_heater)
    clean_led                                0x20000214   Data           8  led.o(.bss.clean_led)
    drain_valve                              0x2000021c   Data           8  drain_valve.o(.bss.drain_valve)
    fault_led                                0x20000224   Data           8  led.o(.bss.fault_led)
    g_adc_filter                             0x2000022c   Data          22  monitor.o(.bss.g_adc_filter)
    i                                        0x2000026c   Data           2  usart1_rx.o(.bss.i)
    magnetic_valve                           0x200002ec   Data           8  magnetic_valve.o(.bss.magnetic_valve)
    mb_AppEvent                              0x200002f8   Data           4  app_event.o(.bss.mb_AppEvent)
    peristaltic_pump                         0x20000300   Data           8  peristaltic_pump.o(.bss.peristaltic_pump)
    rt_current_priority                      0x20000308   Data           1  scheduler.o(.bss.rt_current_priority)
    rt_current_thread                        0x2000030c   Data           4  scheduler.o(.bss.rt_current_thread)
    rt_interrupt_from_thread                 0x20000314   Data           4  cpuport.o(.bss.rt_interrupt_from_thread)
    rt_interrupt_nest                        0x20000318   Data           1  irq.o(.bss.rt_interrupt_nest)
    rt_interrupt_to_thread                   0x2000031c   Data           4  cpuport.o(.bss.rt_interrupt_to_thread)
    rt_thread_defunct                        0x20000324   Data           8  scheduler.o(.bss.rt_thread_defunct)
    rt_thread_priority_table                 0x2000032c   Data         256  scheduler.o(.bss.rt_thread_priority_table)
    rt_thread_ready_priority_group           0x2000042c   Data           4  scheduler.o(.bss.rt_thread_ready_priority_group)
    rt_thread_switch_interrupt_flag          0x20000530   Data           4  cpuport.o(.bss.rt_thread_switch_interrupt_flag)
    rubbish_fan                              0x20000544   Data           8  rubbish_fan.o(.bss.rubbish_fan)
    rubbish_full_led                         0x2000054c   Data           8  led.o(.bss.rubbish_full_led)
    rubbish_full_signal                      0x20000554   Data           1  exti.o(.bss.rubbish_full_signal)
    rubbish_heater                           0x20000558   Data           8  rubbish_heater.o(.bss.rubbish_heater)
    sADC                                     0x20000560   Data         288  sadc.o(.bss.sADC)
    sem_UserTick_1ms                         0x20000680   Data           4  usermain.o(.bss.sem_UserTick_1ms)
    tmp_array                                0x20000684   Data         512  usart1_rx.o(.bss.tmp_array)
    zero_check_signal                        0x20000888   Data           1  exti.o(.bss.zero_check_signal)
    __initial_sp                             0x20001d90   Data           0  startup_n32g430.o(STACK)



==============================================================================

Memory Map of the image

  Image Entry point : 0x08000115

  Load Region LR_IROM1 (Base: 0x08000000, Size: 0x000074e8, Max: 0x00010000, ABSOLUTE)

    Execution Region ER_IROM1 (Exec base: 0x08000000, Load base: 0x08000000, Size: 0x0000749c, Max: 0x00010000, ABSOLUTE)

    Exec Addr    Load Addr    Size         Type   Attr      Idx    E Section Name        Object

    0x08000000   0x08000000   0x00000114   Data   RO            3    RESET               startup_n32g430.o
    0x08000114   0x08000114   0x00000000   Code   RO         2232  * .ARM.Collect$$$$00000000  mc_w.l(entry.o)
    0x08000114   0x08000114   0x00000004   Code   RO         2247    .ARM.Collect$$$$00000001  mc_w.l(entry2.o)
    0x08000118   0x08000118   0x00000004   Code   RO         2250    .ARM.Collect$$$$00000004  mc_w.l(entry5.o)
    0x0800011c   0x0800011c   0x00000000   Code   RO         2252    .ARM.Collect$$$$00000008  mc_w.l(entry7b.o)
    0x0800011c   0x0800011c   0x00000000   Code   RO         2254    .ARM.Collect$$$$0000000A  mc_w.l(entry8b.o)
    0x0800011c   0x0800011c   0x00000008   Code   RO         2255    .ARM.Collect$$$$0000000B  mc_w.l(entry9a.o)
    0x08000124   0x08000124   0x00000000   Code   RO         2257    .ARM.Collect$$$$0000000D  mc_w.l(entry10a.o)
    0x08000124   0x08000124   0x00000000   Code   RO         2259    .ARM.Collect$$$$0000000F  mc_w.l(entry11a.o)
    0x08000124   0x08000124   0x00000004   Code   RO         2248    .ARM.Collect$$$$00002712  mc_w.l(entry2.o)
    0x08000128   0x08000128   0x00000024   Code   RO            4    .text               startup_n32g430.o
    0x0800014c   0x0800014c   0x00000134   Code   RO         1782    .text               context_rvds.o
    0x08000280   0x08000280   0x00000024   Code   RO         2237    .text               mc_w.l(memseta.o)
    0x080002a4   0x080002a4   0x00000024   Code   RO         2275    .text               mc_w.l(init.o)
    0x080002c8   0x080002c8   0x0000000a   Code   RO         1838    .text.$Sub$$main    components.o
    0x080002d2   0x080002d2   0x00000002   PAD
    0x080002d4   0x080002d4   0x00000012   Code   RO          124    .text.ADC_AHB_Clock_Mode_Config  n32g430_adc.o
    0x080002e6   0x080002e6   0x00000002   PAD
    0x080002e8   0x080002e8   0x00000080   Code   RO           62    .text.ADC_Calibration_Operation  n32g430_adc.o
    0x08000368   0x08000368   0x000000bc   Code   RO           70    .text.ADC_Channel_Sample_Time_Config  n32g430_adc.o
    0x08000424   0x08000424   0x00000036   Code   RO          150    .text.ADC_Clock_Mode_Config  n32g430_adc.o
    0x0800045a   0x0800045a   0x00000002   PAD
    0x0800045c   0x0800045c   0x00000012   Code   RO           38    .text.ADC_Continue_Conversion_Disable  n32g430_adc.o
    0x0800046e   0x0800046e   0x00000002   PAD
    0x08000470   0x08000470   0x00000012   Code   RO           36    .text.ADC_Continue_Conversion_Enable  n32g430_adc.o
    0x08000482   0x08000482   0x00000002   PAD
    0x08000484   0x08000484   0x00000012   Code   RO           54    .text.ADC_DMA_Transfer_Enable  n32g430_adc.o
    0x08000496   0x08000496   0x00000002   PAD
    0x08000498   0x08000498   0x00000020   Code   RO           42    .text.ADC_Data_Alignment_Config  n32g430_adc.o
    0x080004b8   0x080004b8   0x00000082   Code   RO           74    .text.ADC_External_Trigger_Conversion_Config  n32g430_adc.o
    0x0800053a   0x0800053a   0x00000002   PAD
    0x0800053c   0x0800053c   0x00000068   Code   RO          110    .text.ADC_Flag_Status_Get  n32g430_adc.o
    0x080005a4   0x080005a4   0x00000152   Code   RO         1238    .text.ADC_Init      sadc.o
    0x080006f6   0x080006f6   0x00000002   PAD
    0x080006f8   0x080006f8   0x0000004a   Code   RO           46    .text.ADC_Initializes  n32g430_adc.o
    0x08000742   0x08000742   0x00000002   PAD
    0x08000744   0x08000744   0x0000001e   Code   RO           48    .text.ADC_Initializes_Structure  n32g430_adc.o
    0x08000762   0x08000762   0x00000002   PAD
    0x08000764   0x08000764   0x00000012   Code   RO           34    .text.ADC_Multichannels_Disable  n32g430_adc.o
    0x08000776   0x08000776   0x00000002   PAD
    0x08000778   0x08000778   0x00000012   Code   RO           32    .text.ADC_Multichannels_Enable  n32g430_adc.o
    0x0800078a   0x0800078a   0x00000002   PAD
    0x0800078c   0x0800078c   0x00000012   Code   RO           50    .text.ADC_ON        n32g430_adc.o
    0x0800079e   0x0800079e   0x00000002   PAD
    0x080007a0   0x080007a0   0x00000012   Code   RO          126    .text.ADC_PLL_Clock_Mode_Config  n32g430_adc.o
    0x080007b2   0x080007b2   0x00000002   PAD
    0x080007b4   0x080007b4   0x00000020   Code   RO           44    .text.ADC_Regular_Channels_Number_Config  n32g430_adc.o
    0x080007d4   0x080007d4   0x0000007e   Code   RO           64    .text.ADC_Regular_Channels_Software_Conversion_Operation  n32g430_adc.o
    0x08000852   0x08000852   0x00000002   PAD
    0x08000854   0x08000854   0x00000020   Code   RO           40    .text.ADC_Regular_Group_External_Trigger_Source_Config  n32g430_adc.o
    0x08000874   0x08000874   0x000000cc   Code   RO           72    .text.ADC_Regular_Sequence_Conversion_Number_Config  n32g430_adc.o
    0x08000940   0x08000940   0x00000010   Code   RO         1591    .text.All_Led_Close  led.o
    0x08000950   0x08000950   0x0000001e   Code   RO         1420    .text.Alternating_Current_Zero_Info_Updata  monitor.o
    0x0800096e   0x0800096e   0x00000002   PAD
    0x08000970   0x08000970   0x00000098   Code   RO         1689    .text.AppState_Goto  app.o
    0x08000a08   0x08000a08   0x0000001e   Code   RO         1685    .text.App_Init      app.o
    0x08000a26   0x08000a26   0x00000002   PAD
    0x08000a28   0x08000a28   0x00000094   Code   RO         1687    .text.App_Task      app.o
    0x08000abc   0x08000abc   0x0000006a   Code   RO         1408    .text.Base_Inflow_Info_Update  monitor.o
    0x08000b26   0x08000b26   0x00000002   PAD
    0x08000b28   0x08000b28   0x0000006a   Code   RO         1410    .text.Base_NTC_Info_Update  monitor.o
    0x08000b92   0x08000b92   0x00000002   PAD
    0x08000b94   0x08000b94   0x0000007a   Code   RO         1406    .text.Brush_Fan_Info_Update  monitor.o
    0x08000c0e   0x08000c0e   0x00000002   PAD
    0x08000c10   0x08000c10   0x00000012   Code   RO         1609    .text.Brush_Fan_OFF  brush_fan.o
    0x08000c22   0x08000c22   0x00000002   PAD
    0x08000c24   0x08000c24   0x00000012   Code   RO         1607    .text.Brush_Fan_ON  brush_fan.o
    0x08000c36   0x08000c36   0x00000002   PAD
    0x08000c38   0x08000c38   0x00000014   Code   RO         1611    .text.Brush_Fan_Start  brush_fan.o
    0x08000c4c   0x08000c4c   0x00000014   Code   RO         1613    .text.Brush_Fan_Stop  brush_fan.o
    0x08000c60   0x08000c60   0x0000000c   Code   RO         1487    .text.Brush_Heater_ON  brush_heater.o
    0x08000c6c   0x08000c6c   0x0000000a   Code   RO         1489    .text.Brush_Heater_Off  brush_heater.o
    0x08000c76   0x08000c76   0x00000002   PAD
    0x08000c78   0x08000c78   0x00000038   Code   RO         1491    .text.Brush_Heater_Start  brush_heater.o
    0x08000cb0   0x08000cb0   0x00000014   Code   RO         1493    .text.Brush_Heater_Stop  brush_heater.o
    0x08000cc4   0x08000cc4   0x00000060   Code   RO         1495    .text.Brush_Heater_Task  brush_heater.o
    0x08000d24   0x08000d24   0x00000010   Code   RO         1266    .text.Bsp_Brush_Heater_Duty_Set  tim1.o
    0x08000d34   0x08000d34   0x000000a2   Code   RO         1178    .text.Bsp_DMA_Init  dma.o
    0x08000dd6   0x08000dd6   0x00000002   PAD
    0x08000dd8   0x08000dd8   0x00000010   Code   RO         1260    .text.Bsp_Drain_Valve_Duty_Set  tim1.o
    0x08000de8   0x08000de8   0x00000030   Code   RO         1164    .text.Bsp_Init      bsp.o
    0x08000e18   0x08000e18   0x00000010   Code   RO         1264    .text.Bsp_Rubbish_Heater_Duty_Set  tim1.o
    0x08000e28   0x08000e28   0x00000008   Code   RO         1166    .text.Bsp_Start     bsp.o
    0x08000e30   0x08000e30   0x00000002   Code   RO         1168    .text.Bsp_Task      bsp.o
    0x08000e32   0x08000e32   0x00000002   PAD
    0x08000e34   0x08000e34   0x00000004   Code   RO          960    .text.BusFault_Handler  n32g430_it.o
    0x08000e38   0x08000e38   0x00000040   Code   RO          988    .text.CRC8_Calc     crc8.o
    0x08000e78   0x08000e78   0x00000034   Code   RO         1223    .text.Cal_General_TIM_CLock  mcu.o
    0x08000eac   0x08000eac   0x00000014   Code   RO         1573    .text.Clean_Led_OFF  led.o
    0x08000ec0   0x08000ec0   0x00000014   Code   RO         1571    .text.Clean_Led_ON  led.o
    0x08000ed4   0x08000ed4   0x00000014   Code   RO         1583    .text.Clean_Led_Start  led.o
    0x08000ee8   0x08000ee8   0x00000014   Code   RO         1585    .text.Clean_Led_Stop  led.o
    0x08000efc   0x08000efc   0x00000030   Code   RO         1700    .text.Comm_Connect_Event  app_event.o
    0x08000f2c   0x08000f2c   0x00000040   Code   RO         1702    .text.Comm_Disconnect_Event  app_event.o
    0x08000f6c   0x08000f6c   0x00000022   Code   RO          986    .text.Crc8_Byte     crc8.o
    0x08000f8e   0x08000f8e   0x00000002   PAD
    0x08000f90   0x08000f90   0x00000010   Code   RO          172    .text.DMA_Buffer_Size_Config  n32g430_dma.o
    0x08000fa0   0x08000fa0   0x0000017a   Code   RO         1180    .text.DMA_Channel1_IRQHandler  dma.o
    0x0800111a   0x0800111a   0x00000002   PAD
    0x0800111c   0x0800111c   0x00000012   Code   RO          190    .text.DMA_Channel_Enable  n32g430_dma.o
    0x0800112e   0x0800112e   0x00000002   PAD
    0x08001130   0x08001130   0x00000010   Code   RO          210    .text.DMA_Channel_Request_Remap  n32g430_dma.o
    0x08001140   0x08001140   0x0000001e   Code   RO          182    .text.DMA_Circular_Mode_Config  n32g430_dma.o
    0x0800115e   0x0800115e   0x00000002   PAD
    0x08001160   0x08001160   0x0000001e   Code   RO          170    .text.DMA_Destination_Config  n32g430_dma.o
    0x0800117e   0x0800117e   0x00000002   PAD
    0x08001180   0x08001180   0x00000010   Code   RO          204    .text.DMA_Flag_Status_Clear  n32g430_dma.o
    0x08001190   0x08001190   0x0000002a   Code   RO          202    .text.DMA_Flag_Status_Get  n32g430_dma.o
    0x080011ba   0x080011ba   0x00000002   PAD
    0x080011bc   0x080011bc   0x0000007a   Code   RO          164    .text.DMA_Initializes  n32g430_dma.o
    0x08001236   0x08001236   0x00000002   PAD
    0x08001238   0x08001238   0x00000014   Code   RO          194    .text.DMA_Interrupts_Enable  n32g430_dma.o
    0x0800124c   0x0800124c   0x0000001e   Code   RO          186    .text.DMA_Memory_2_Memory_Config  n32g430_dma.o
    0x0800126a   0x0800126a   0x00000002   PAD
    0x0800126c   0x0800126c   0x0000001e   Code   RO          176    .text.DMA_Memory_Addr_Increment_Config  n32g430_dma.o
    0x0800128a   0x0800128a   0x00000002   PAD
    0x0800128c   0x0800128c   0x00000010   Code   RO          168    .text.DMA_Memory_Address_Config  n32g430_dma.o
    0x0800129c   0x0800129c   0x0000001e   Code   RO          180    .text.DMA_Memory_Data_Width_Config  n32g430_dma.o
    0x080012ba   0x080012ba   0x00000002   PAD
    0x080012bc   0x080012bc   0x0000001e   Code   RO          174    .text.DMA_Peripheral_Addr_Increment_Config  n32g430_dma.o
    0x080012da   0x080012da   0x00000002   PAD
    0x080012dc   0x080012dc   0x00000010   Code   RO          166    .text.DMA_Peripheral_Address_Config  n32g430_dma.o
    0x080012ec   0x080012ec   0x0000001e   Code   RO          178    .text.DMA_Peripheral_Data_Width_Config  n32g430_dma.o
    0x0800130a   0x0800130a   0x00000002   PAD
    0x0800130c   0x0800130c   0x0000001e   Code   RO          184    .text.DMA_Priority_Config  n32g430_dma.o
    0x0800132a   0x0800132a   0x00000002   PAD
    0x0800132c   0x0800132c   0x00000122   Code   RO          162    .text.DMA_Reset     n32g430_dma.o
    0x0800144e   0x0800144e   0x00000002   PAD
    0x08001450   0x08001450   0x00000002   Code   RO          966    .text.DebugMon_Handler  n32g430_it.o
    0x08001452   0x08001452   0x00000002   PAD
    0x08001454   0x08001454   0x0000007a   Code   RO         1400    .text.Drain_Valve_Info_Update  monitor.o
    0x080014ce   0x080014ce   0x00000002   PAD
    0x080014d0   0x080014d0   0x0000000c   Code   RO         1527    .text.Drain_Valve_ON  drain_valve.o
    0x080014dc   0x080014dc   0x0000000a   Code   RO         1529    .text.Drain_Valve_Off  drain_valve.o
    0x080014e6   0x080014e6   0x00000002   PAD
    0x080014e8   0x080014e8   0x00000014   Code   RO         1531    .text.Drain_Valve_Start  drain_valve.o
    0x080014fc   0x080014fc   0x00000014   Code   RO         1533    .text.Drain_Valve_Stop  drain_valve.o
    0x08001510   0x08001510   0x00000010   Code   RO         1383    .text.Drv_Init      drv.o
    0x08001520   0x08001520   0x00000024   Code   RO         1389    .text.Drv_Stop_All  drv.o
    0x08001544   0x08001544   0x0000001c   Code   RO         1385    .text.Drv_Task      drv.o
    0x08001560   0x08001560   0x0000005c   Code   RO         1199    .text.EXTI15_10_IRQHandler  exti.o
    0x080015bc   0x080015bc   0x00000014   Code   RO          932    .text.EXTI_Flag_Status_Clear  n32g430_exti.o
    0x080015d0   0x080015d0   0x0000002e   Code   RO          930    .text.EXTI_Flag_Status_Get  n32g430_exti.o
    0x080015fe   0x080015fe   0x00000002   PAD
    0x08001600   0x08001600   0x00000014   Code   RO          936    .text.EXTI_Interrupt_Status_Clear  n32g430_exti.o
    0x08001614   0x08001614   0x00000034   Code   RO          924    .text.EXTI_LineCmd_Disable  n32g430_exti.o
    0x08001648   0x08001648   0x0000002a   Code   RO          918    .text.EXTI_Peripheral_Initializes  n32g430_exti.o
    0x08001672   0x08001672   0x00000002   PAD
    0x08001674   0x08001674   0x00000080   Code   RO          922    .text.EXTI_Trigger_Config  n32g430_exti.o
    0x080016f4   0x080016f4   0x00000042   Code   RO          920    .text.EXTI_Work_Mode_Config  n32g430_exti.o
    0x08001736   0x08001736   0x00000002   PAD
    0x08001738   0x08001738   0x000000a0   Code   RO         1197    .text.Exti_Init     exti.o
    0x080017d8   0x080017d8   0x00000002   Code   RO         1625    .text.Fan_Init      fan.o
    0x080017da   0x080017da   0x00000002   PAD
    0x080017dc   0x080017dc   0x0000000a   Code   RO         1627    .text.Fan_ON        fan.o
    0x080017e6   0x080017e6   0x00000002   PAD
    0x080017e8   0x080017e8   0x0000000a   Code   RO         1629    .text.Fan_Off       fan.o
    0x080017f2   0x080017f2   0x00000002   PAD
    0x080017f4   0x080017f4   0x00000028   Code   RO         1631    .text.Fan_Start     fan.o
    0x0800181c   0x0800181c   0x00000014   Code   RO         1633    .text.Fan_Stop      fan.o
    0x08001830   0x08001830   0x00000050   Code   RO         1635    .text.Fan_Task      fan.o
    0x08001880   0x08001880   0x00000014   Code   RO         1577    .text.Fault_Led_OFF  led.o
    0x08001894   0x08001894   0x00000014   Code   RO         1575    .text.Fault_Led_ON  led.o
    0x080018a8   0x080018a8   0x00000014   Code   RO         1587    .text.Fault_Led_Start  led.o
    0x080018bc   0x080018bc   0x00000014   Code   RO         1589    .text.Fault_Led_Stop  led.o
    0x080018d0   0x080018d0   0x00000088   Code   RO          233    .text.GPIO_Alternate_Set  n32g430_gpio.o
    0x08001958   0x08001958   0x0000003c   Code   RO          241    .text.GPIO_Driver_Set  n32g430_gpio.o
    0x08001994   0x08001994   0x00000046   Code   RO          273    .text.GPIO_EXTI_Line_Set  n32g430_gpio.o
    0x080019da   0x080019da   0x00000002   PAD
    0x080019dc   0x080019dc   0x0000002e   Code   RO          249    .text.GPIO_Input_Pin_Data_Get  n32g430_gpio.o
    0x08001a0a   0x08001a0a   0x00000002   PAD
    0x08001a0c   0x08001a0c   0x00000094   Code   RO          235    .text.GPIO_Mode_Set  n32g430_gpio.o
    0x08001aa0   0x08001aa0   0x0000007a   Code   RO          243    .text.GPIO_Peripheral_Initialize  n32g430_gpio.o
    0x08001b1a   0x08001b1a   0x00000002   PAD
    0x08001b1c   0x08001b1c   0x00000014   Code   RO          259    .text.GPIO_Pins_Reset  n32g430_gpio.o
    0x08001b30   0x08001b30   0x00000014   Code   RO          257    .text.GPIO_Pins_Set  n32g430_gpio.o
    0x08001b44   0x08001b44   0x0000003c   Code   RO          237    .text.GPIO_Pull_Set  n32g430_gpio.o
    0x08001b80   0x08001b80   0x00000038   Code   RO          239    .text.GPIO_SlewRate_Set  n32g430_gpio.o
    0x08001bb8   0x08001bb8   0x00000028   Code   RO          247    .text.GPIO_Structure_Initialize  n32g430_gpio.o
    0x08001be0   0x08001be0   0x0000000a   Code   RO         1704    .text.Goto_Standby_Event  app_event.o
    0x08001bea   0x08001bea   0x00000002   PAD
    0x08001bec   0x08001bec   0x00000222   Code   RO         1458    .text.HeatBase_Rx_Frame_Analyze  iap_rx.o
    0x08001e0e   0x08001e0e   0x00000002   PAD
    0x08001e10   0x08001e10   0x0000011e   Code   RO         1212    .text.IO_Init       io.o
    0x08001f2e   0x08001f2e   0x00000002   PAD
    0x08001f30   0x08001f30   0x000000a4   Code   RO         1454    .text.IapHeatBase_Rx_Frame_Analyze  iap_rx.o
    0x08001fd4   0x08001fd4   0x0000000e   Code   RO         1722    .text.IapTester_Start  iaptester.o
    0x08001fe2   0x08001fe2   0x00000002   PAD
    0x08001fe4   0x08001fe4   0x00000002   Code   RO         1724    .text.IapTester_Stop  iaptester.o
    0x08001fe6   0x08001fe6   0x00000002   PAD
    0x08001fe8   0x08001fe8   0x00000002   Code   RO         1726    .text.IapTester_Task  iaptester.o
    0x08001fea   0x08001fea   0x00000002   PAD
    0x08001fec   0x08001fec   0x00000040   Code   RO         1470    .text.Iap_Copy_Data  iap_tx.o
    0x0800202c   0x0800202c   0x0000000e   Code   RO         1708    .text.Iap_GotoHalt_Event  app_event.o
    0x0800203a   0x0800203a   0x00000002   PAD
    0x0800203c   0x0800203c   0x00000002   Code   RO         1712    .text.Iap_GotoMcuUpdata_Event  app_event.o
    0x0800203e   0x0800203e   0x00000002   PAD
    0x08002040   0x08002040   0x0000000e   Code   RO         1710    .text.Iap_GotoTester_Event  app_event.o
    0x0800204e   0x0800204e   0x00000002   PAD
    0x08002050   0x08002050   0x0000000e   Code   RO         1706    .text.Iap_GotoUser_Event  app_event.o
    0x0800205e   0x0800205e   0x00000002   PAD
    0x08002060   0x08002060   0x00000002   Code   RO         1436    .text.Iap_Init      iap.o
    0x08002062   0x08002062   0x00000002   PAD
    0x08002064   0x08002064   0x00000014   Code   RO         1331    .text.Iap_PrintArray  uart.o
    0x08002078   0x08002078   0x000000d0   Code   RO         1468    .text.Iap_PrintFrame  iap_tx.o
    0x08002148   0x08002148   0x0000015c   Code   RO         1452    .text.Iap_Rx_Byte_Analyze  iap_rx.o
    0x080022a4   0x080022a4   0x0000000e   Code   RO         1450    .text.Iap_Rx_Clear  iap_rx.o
    0x080022b2   0x080022b2   0x00000002   PAD
    0x080022b4   0x080022b4   0x0000018e   Code   RO         1456    .text.Iap_Rx_Frame_Analyze  iap_rx.o
    0x08002442   0x08002442   0x00000002   PAD
    0x08002444   0x08002444   0x000000d2   Code   RO         1440    .text.Iap_Task      iap.o
    0x08002516   0x08002516   0x00000002   PAD
    0x08002518   0x08002518   0x000000e0   Code   RO         1474    .text.Iap_Tx_Request  iap_tx.o
    0x080025f8   0x080025f8   0x00000128   Code   RO         1472    .text.Iap_Tx_Respond  iap_tx.o
    0x08002720   0x08002720   0x00000010   Code   RO         1320    .text.Inhale_Duty_Set  tim5.o
    0x08002730   0x08002730   0x00000102   Code   RO         1593    .text.Led_Task      led.o
    0x08002832   0x08002832   0x00000002   PAD
    0x08002834   0x08002834   0x00000012   Code   RO         1547    .text.Magnetic_Valve_ON  magnetic_valve.o
    0x08002846   0x08002846   0x00000002   PAD
    0x08002848   0x08002848   0x00000012   Code   RO         1549    .text.Magnetic_Valve_Off  magnetic_valve.o
    0x0800285a   0x0800285a   0x00000002   PAD
    0x0800285c   0x0800285c   0x00000014   Code   RO         1551    .text.Magnetic_Valve_Start  magnetic_valve.o
    0x08002870   0x08002870   0x00000014   Code   RO         1553    .text.Magnetic_Valve_Stop  magnetic_valve.o
    0x08002884   0x08002884   0x00000008   Code   RO         1225    .text.Mcu_Init      mcu.o
    0x0800288c   0x0800288c   0x00000004   Code   RO          958    .text.MemManage_Handler  n32g430_it.o
    0x08002890   0x08002890   0x000000e6   Code   RO         1424    .text.Monitor_Task  monitor.o
    0x08002976   0x08002976   0x00000002   PAD
    0x08002978   0x08002978   0x0000002a   Code   RO         1746    .text.Mop_Error     mop.o
    0x080029a2   0x080029a2   0x00000002   PAD
    0x080029a4   0x080029a4   0x00000048   Code   RO         1742    .text.Mop_Shut      mop.o
    0x080029ec   0x080029ec   0x00000016   Code   RO         1740    .text.Mop_Start     mop.o
    0x08002a02   0x08002a02   0x00000002   PAD
    0x08002a04   0x08002a04   0x00000008   Code   RO         1738    .text.Mop_Step_Off  mop.o
    0x08002a0c   0x08002a0c   0x00000014   Code   RO         1736    .text.Mop_Step_Shut  mop.o
    0x08002a20   0x08002a20   0x00000024   Code   RO         1744    .text.Mop_Stop      mop.o
    0x08002a44   0x08002a44   0x000000dc   Code   RO         1748    .text.Mop_Task      mop.o
    0x08002b20   0x08002b20   0x00000002   Code   RO          956    .text.NMI_Handler   n32g430_it.o
    0x08002b22   0x08002b22   0x00000002   PAD
    0x08002b24   0x08002b24   0x0000000e   Code   RO         2210    .text.NVIC_Configuration  board.o
    0x08002b32   0x08002b32   0x00000002   PAD
    0x08002b34   0x08002b34   0x000000aa   Code   RO          899    .text.NVIC_Initializes  misc.o
    0x08002bde   0x08002bde   0x00000002   PAD
    0x08002be0   0x08002be0   0x00000024   Code   RO          901    .text.NVIC_Vector_Table_Set  misc.o
    0x08002c04   0x08002c04   0x000000aa   Code   RO           11    .text.PLL_TrimValueLoad  system_n32g430.o
    0x08002cae   0x08002cae   0x00000002   PAD
    0x08002cb0   0x08002cb0   0x0000007a   Code   RO         1402    .text.Peristaltic_Pump_Info_Update  monitor.o
    0x08002d2a   0x08002d2a   0x00000002   PAD
    0x08002d2c   0x08002d2c   0x00000012   Code   RO         1669    .text.Peristaltic_Pump_OFF  peristaltic_pump.o
    0x08002d3e   0x08002d3e   0x00000002   PAD
    0x08002d40   0x08002d40   0x00000012   Code   RO         1667    .text.Peristaltic_Pump_ON  peristaltic_pump.o
    0x08002d52   0x08002d52   0x00000002   PAD
    0x08002d54   0x08002d54   0x00000014   Code   RO         1671    .text.Peristaltic_Pump_Start  peristaltic_pump.o
    0x08002d68   0x08002d68   0x00000014   Code   RO         1673    .text.Peristaltic_Pump_Stop  peristaltic_pump.o
    0x08002d7c   0x08002d7c   0x0000003e   Code   RO          369    .text.RCC_ADC_1M_Clock_Config  n32g430_rcc.o
    0x08002dba   0x08002dba   0x00000002   PAD
    0x08002dbc   0x08002dbc   0x0000002c   Code   RO          375    .text.RCC_ADC_Hclk_Config  n32g430_rcc.o
    0x08002de8   0x08002de8   0x00000012   Code   RO          377    .text.RCC_ADC_Hclk_Enable  n32g430_rcc.o
    0x08002dfa   0x08002dfa   0x00000002   PAD
    0x08002dfc   0x08002dfc   0x00000012   Code   RO          373    .text.RCC_ADC_PLL_Clock_Disable  n32g430_rcc.o
    0x08002e0e   0x08002e0e   0x00000002   PAD
    0x08002e10   0x08002e10   0x0000002c   Code   RO          371    .text.RCC_ADC_PLL_Clock_Prescaler_Enable  n32g430_rcc.o
    0x08002e3c   0x08002e3c   0x00000018   Code   RO          415    .text.RCC_AHB_Peripheral_Clock_Enable  n32g430_rcc.o
    0x08002e54   0x08002e54   0x00000018   Code   RO          385    .text.RCC_APB1_Peripheral_Clock_Enable  n32g430_rcc.o
    0x08002e6c   0x08002e6c   0x00000018   Code   RO          419    .text.RCC_APB2_Peripheral_Clock_Enable  n32g430_rcc.o
    0x08002e84   0x08002e84   0x000001ce   Code   RO          331    .text.RCC_Clocks_Frequencies_Value_Get  n32g430_rcc.o
    0x08003052   0x08003052   0x00000002   PAD
    0x08003054   0x08003054   0x00000028   Code   RO         1221    .text.RCC_Configuration  mcu.o
    0x0800307c   0x0800307c   0x00000078   Code   RO         1404    .text.Rubbish_Fan_Info_Update  monitor.o
    0x080030f4   0x080030f4   0x00000012   Code   RO         1647    .text.Rubbish_Fan_ON  rubbish_fan.o
    0x08003106   0x08003106   0x00000002   PAD
    0x08003108   0x08003108   0x00000012   Code   RO         1649    .text.Rubbish_Fan_Off  rubbish_fan.o
    0x0800311a   0x0800311a   0x00000002   PAD
    0x0800311c   0x0800311c   0x00000014   Code   RO         1651    .text.Rubbish_Fan_Start  rubbish_fan.o
    0x08003130   0x08003130   0x00000014   Code   RO         1653    .text.Rubbish_Fan_Stop  rubbish_fan.o
    0x08003144   0x08003144   0x00000012   Code   RO         1569    .text.Rubbish_Full_Led_OFF  led.o
    0x08003156   0x08003156   0x00000002   PAD
    0x08003158   0x08003158   0x00000012   Code   RO         1567    .text.Rubbish_Full_Led_ON  led.o
    0x0800316a   0x0800316a   0x00000002   PAD
    0x0800316c   0x0800316c   0x00000014   Code   RO         1579    .text.Rubbish_Full_Led_Start  led.o
    0x08003180   0x08003180   0x00000014   Code   RO         1581    .text.Rubbish_Full_Led_Stop  led.o
    0x08003194   0x08003194   0x0000000c   Code   RO         1507    .text.Rubbish_Heater_ON  rubbish_heater.o
    0x080031a0   0x080031a0   0x0000000a   Code   RO         1509    .text.Rubbish_Heater_Off  rubbish_heater.o
    0x080031aa   0x080031aa   0x00000002   PAD
    0x080031ac   0x080031ac   0x00000038   Code   RO         1511    .text.Rubbish_Heater_Start  rubbish_heater.o
    0x080031e4   0x080031e4   0x00000014   Code   RO         1513    .text.Rubbish_Heater_Stop  rubbish_heater.o
    0x080031f8   0x080031f8   0x0000005e   Code   RO         1515    .text.Rubbish_Heater_Task  rubbish_heater.o
    0x08003256   0x08003256   0x00000002   PAD
    0x08003258   0x08003258   0x00000002   Code   RO          964    .text.SVC_Handler   n32g430_it.o
    0x0800325a   0x0800325a   0x00000002   PAD
    0x0800325c   0x0800325c   0x00000052   Code   RO         2216    .text.SysTick_Config  board.o
    0x080032ae   0x080032ae   0x00000002   PAD
    0x080032b0   0x080032b0   0x00000010   Code   RO         2212    .text.SysTick_Handler  board.o
    0x080032c0   0x080032c0   0x00000168   Code   RO           15    .text.System_Clock_Set  system_n32g430.o
    0x08003428   0x08003428   0x000000ce   Code   RO           13    .text.System_Initializes  system_n32g430.o
    0x080034f6   0x080034f6   0x00000002   PAD
    0x080034f8   0x080034f8   0x00000014   Code   RO         1252    .text.TIM1_CH1_Duty_Set  tim1.o
    0x0800350c   0x0800350c   0x00000014   Code   RO         1256    .text.TIM1_CH3_Duty_Set  tim1.o
    0x08003520   0x08003520   0x00000014   Code   RO         1258    .text.TIM1_CH4_Duty_Set  tim1.o
    0x08003534   0x08003534   0x00000056   Code   RO         1250    .text.TIM1_GPIO_Configuration  tim1.o
    0x0800358a   0x0800358a   0x00000002   PAD
    0x0800358c   0x0800358c   0x000000c2   Code   RO         1248    .text.TIM1_Init     tim1.o
    0x0800364e   0x0800364e   0x00000002   PAD
    0x08003650   0x08003650   0x00000054   Code   RO         1275    .text.TIM2_Init     tim2.o
    0x080036a4   0x080036a4   0x0000002c   Code   RO         1290    .text.TIM3_GPIO_Configuration  tim3.o
    0x080036d0   0x080036d0   0x00000094   Code   RO         1288    .text.TIM3_Init     tim3.o
    0x08003764   0x08003764   0x0000006e   Code   RO         1303    .text.TIM4_Init     tim4.o
    0x080037d2   0x080037d2   0x00000002   PAD
    0x080037d4   0x080037d4   0x00000010   Code   RO         1305    .text.TIM4_Start    tim4.o
    0x080037e4   0x080037e4   0x00000014   Code   RO         1318    .text.TIM5_CH1_Duty_Set  tim5.o
    0x080037f8   0x080037f8   0x0000007a   Code   RO         1322    .text.TIM5_IRQHandler  tim5.o
    0x08003872   0x08003872   0x00000002   PAD
    0x08003874   0x08003874   0x0000006e   Code   RO         1316    .text.TIM5_Init     tim5.o
    0x080038e2   0x080038e2   0x00000002   PAD
    0x080038e4   0x080038e4   0x00000044   Code   RO         1314    .text.TIM5_NVIC_Initialize  tim5.o
    0x08003928   0x08003928   0x00000012   Code   RO          517    .text.TIM_Auto_Reload_Preload_Enable  n32g430_tim.o
    0x0800393a   0x0800393a   0x00000002   PAD
    0x0800393c   0x0800393c   0x00000014   Code   RO          463    .text.TIM_Base_Auto_Reload_Set  n32g430_tim.o
    0x08003950   0x08003950   0x0000002e   Code   RO          471    .text.TIM_Base_Channel1  n32g430_tim.o
    0x0800397e   0x0800397e   0x00000002   PAD
    0x08003980   0x08003980   0x0000002e   Code   RO          473    .text.TIM_Base_Channel2  n32g430_tim.o
    0x080039ae   0x080039ae   0x00000002   PAD
    0x080039b0   0x080039b0   0x0000002e   Code   RO          475    .text.TIM_Base_Channel3  n32g430_tim.o
    0x080039de   0x080039de   0x00000002   PAD
    0x080039e0   0x080039e0   0x0000002e   Code   RO          477    .text.TIM_Base_Channel4  n32g430_tim.o
    0x08003a0e   0x08003a0e   0x00000002   PAD
    0x08003a10   0x08003a10   0x0000002a   Code   RO          455    .text.TIM_Base_Count_Mode_Set  n32g430_tim.o
    0x08003a3a   0x08003a3a   0x00000002   PAD
    0x08003a3c   0x08003a3c   0x00000134   Code   RO          481    .text.TIM_Base_Initialize  n32g430_tim.o
    0x08003b70   0x08003b70   0x0000002e   Code   RO          479    .text.TIM_Base_OCrefClear  n32g430_tim.o
    0x08003b9e   0x08003b9e   0x00000002   PAD
    0x08003ba0   0x08003ba0   0x00000014   Code   RO          465    .text.TIM_Base_Prescaler_Set  n32g430_tim.o
    0x08003bb4   0x08003bb4   0x00000014   Code   RO          467    .text.TIM_Base_Reload_Mode_Set  n32g430_tim.o
    0x08003bc8   0x08003bc8   0x00000014   Code   RO          469    .text.TIM_Base_Repeat_Count_Set  n32g430_tim.o
    0x08003bdc   0x08003bdc   0x0000001e   Code   RO          659    .text.TIM_Capture_Compare_Ch_Disable  n32g430_tim.o
    0x08003bfa   0x08003bfa   0x00000002   PAD
    0x08003bfc   0x08003bfc   0x0000001e   Code   RO          657    .text.TIM_Capture_Compare_Ch_Enable  n32g430_tim.o
    0x08003c1a   0x08003c1a   0x00000002   PAD
    0x08003c1c   0x08003c1c   0x0000001e   Code   RO          663    .text.TIM_Capture_Compare_Ch_N_Disable  n32g430_tim.o
    0x08003c3a   0x08003c3a   0x00000002   PAD
    0x08003c3c   0x08003c3c   0x0000001e   Code   RO          661    .text.TIM_Capture_Compare_Ch_N_Enable  n32g430_tim.o
    0x08003c5a   0x08003c5a   0x00000002   PAD
    0x08003c5c   0x08003c5c   0x00000022   Code   RO          483    .text.TIM_Clock_Division_Set  n32g430_tim.o
    0x08003c7e   0x08003c7e   0x00000002   PAD
    0x08003c80   0x08003c80   0x00000018   Code   RO          737    .text.TIM_Interrupt_Enable  n32g430_tim.o
    0x08003c98   0x08003c98   0x00000012   Code   RO          743    .text.TIM_Interrupt_Status_Clear  n32g430_tim.o
    0x08003caa   0x08003caa   0x00000002   PAD
    0x08003cac   0x08003cac   0x00000044   Code   RO          741    .text.TIM_Interrupt_Status_Get  n32g430_tim.o
    0x08003cf0   0x08003cf0   0x00000012   Code   RO          495    .text.TIM_On        n32g430_tim.o
    0x08003d02   0x08003d02   0x00000002   PAD
    0x08003d04   0x08003d04   0x000000fc   Code   RO          705    .text.TIM_Output_Channel1_Initialize  n32g430_tim.o
    0x08003e00   0x08003e00   0x0000003c   Code   RO          499    .text.TIM_Output_Channel1_Preload_Set  n32g430_tim.o
    0x08003e3c   0x08003e3c   0x00000102   Code   RO          709    .text.TIM_Output_Channel3_Initialize  n32g430_tim.o
    0x08003f3e   0x08003f3e   0x00000002   PAD
    0x08003f40   0x08003f40   0x0000003c   Code   RO          503    .text.TIM_Output_Channel3_Preload_Set  n32g430_tim.o
    0x08003f7c   0x08003f7c   0x0000011e   Code   RO          711    .text.TIM_Output_Channel4_Initialize  n32g430_tim.o
    0x0800409a   0x0800409a   0x00000002   PAD
    0x0800409c   0x0800409c   0x0000003e   Code   RO          505    .text.TIM_Output_Channel4_Preload_Set  n32g430_tim.o
    0x080040da   0x080040da   0x00000002   PAD
    0x080040dc   0x080040dc   0x0000003a   Code   RO          655    .text.TIM_Output_Channel_N_Polarity_Set  n32g430_tim.o
    0x08004116   0x08004116   0x00000002   PAD
    0x08004118   0x08004118   0x0000003a   Code   RO          653    .text.TIM_Output_Channel_Polarity_Set  n32g430_tim.o
    0x08004152   0x08004152   0x00000002   PAD
    0x08004154   0x08004154   0x0000002a   Code   RO          721    .text.TIM_Output_Channel_Struct_Initialize  n32g430_tim.o
    0x0800417e   0x0800417e   0x00000002   PAD
    0x08004180   0x08004180   0x00000016   Code   RO          717    .text.TIM_PWM_Output_Enable  n32g430_tim.o
    0x08004196   0x08004196   0x00000002   PAD
    0x08004198   0x08004198   0x00000046   Code   RO         1414    .text.Trash_Basket_Full_Info_Update  monitor.o
    0x080041de   0x080041de   0x00000002   PAD
    0x080041e0   0x080041e0   0x00000046   Code   RO         1412    .text.Trash_Basket_Info_Update  monitor.o
    0x08004226   0x08004226   0x00000002   PAD
    0x08004228   0x08004228   0x0000001c   Code   RO         1040    .text.U32_Add_One   number.o
    0x08004244   0x08004244   0x00000042   Code   RO         1344    .text.USART1_GPIO_Configuration  usart1.o
    0x08004286   0x08004286   0x00000002   PAD
    0x08004288   0x08004288   0x00000092   Code   RO         1353    .text.USART1_IRQHandler  usart1_rx.o
    0x0800431a   0x0800431a   0x00000002   PAD
    0x0800431c   0x0800431c   0x00000086   Code   RO         1342    .text.USART1_Init   usart1.o
    0x080043a2   0x080043a2   0x00000002   PAD
    0x080043a4   0x080043a4   0x00000030   Code   RO         1367    .text.USART1_PrintArray  usart1_tx.o
    0x080043d4   0x080043d4   0x00000032   Code   RO         1365    .text.USART1_Printc  usart1_tx.o
    0x08004406   0x08004406   0x00000002   PAD
    0x08004408   0x08004408   0x00000014   Code   RO         1333    .text.USART1_Rx_Byte_Isr  uart.o
    0x0800441c   0x0800441c   0x000000b0   Code   RO          802    .text.USART_Baud_Rate_Config  n32g430_usart.o
    0x080044cc   0x080044cc   0x00000018   Code   RO          836    .text.USART_DMA_Transfer_Enable  n32g430_usart.o
    0x080044e4   0x080044e4   0x00000010   Code   RO          856    .text.USART_Data_Receive  n32g430_usart.o
    0x080044f4   0x080044f4   0x00000018   Code   RO          854    .text.USART_Data_Send  n32g430_usart.o
    0x0800450c   0x0800450c   0x00000012   Code   RO          828    .text.USART_Enable  n32g430_usart.o
    0x0800451e   0x0800451e   0x00000002   PAD
    0x08004520   0x08004520   0x00000030   Code   RO          882    .text.USART_Flag_Status_Get  n32g430_usart.o
    0x08004550   0x08004550   0x0000002e   Code   RO          812    .text.USART_Hardware_Flow_Control_Config  n32g430_usart.o
    0x0800457e   0x0800457e   0x00000002   PAD
    0x08004580   0x08004580   0x00000048   Code   RO          800    .text.USART_Initializes  n32g430_usart.o
    0x080045c8   0x080045c8   0x00000068   Code   RO          832    .text.USART_Interrput_Enable  n32g430_usart.o
    0x08004630   0x08004630   0x00000034   Code   RO          888    .text.USART_Interrupt_Status_Clear  n32g430_usart.o
    0x08004664   0x08004664   0x0000009c   Code   RO          886    .text.USART_Interrupt_Status_Get  n32g430_usart.o
    0x08004700   0x08004700   0x0000002e   Code   RO          810    .text.USART_Mode_Config  n32g430_usart.o
    0x0800472e   0x0800472e   0x00000002   PAD
    0x08004730   0x08004730   0x0000002e   Code   RO          808    .text.USART_Parity_Config  n32g430_usart.o
    0x0800475e   0x0800475e   0x00000002   PAD
    0x08004760   0x08004760   0x0000002e   Code   RO          806    .text.USART_Stop_Bits_Config  n32g430_usart.o
    0x0800478e   0x0800478e   0x00000002   PAD
    0x08004790   0x08004790   0x00000028   Code   RO          814    .text.USART_Structure_Initializes  n32g430_usart.o
    0x080047b8   0x080047b8   0x0000002e   Code   RO          804    .text.USART_Word_Length_Config  n32g430_usart.o
    0x080047e6   0x080047e6   0x00000002   PAD
    0x080047e8   0x080047e8   0x00000004   Code   RO          962    .text.UsageFault_Handler  n32g430_it.o
    0x080047ec   0x080047ec   0x00000132   Code   RO         1772    .text.UserMain      usermain.o
    0x0800491e   0x0800491e   0x00000002   PAD
    0x08004920   0x08004920   0x00000042   Code   RO         2218    .text.__NVIC_SetPriority  board.o
    0x08004962   0x08004962   0x00000002   PAD
    0x08004964   0x08004964   0x0000007e   Code   RO         1995    .text.__rt_ffs      kservice.o
    0x080049e2   0x080049e2   0x00000002   PAD
    0x080049e4   0x080049e4   0x0000001c   Code   RO         1860    .text._has_defunct_thread  idle.o
    0x08004a00   0x08004a00   0x000000c4   Code   RO         2120    .text._rt_thread_init  thread.o
    0x08004ac4   0x08004ac4   0x00000068   Code   RO         2167    .text._rt_timer_init  timer.o
    0x08004b2c   0x08004b2c   0x00000030   Code   RO         2171    .text._rt_timer_remove  timer.o
    0x08004b5c   0x08004b5c   0x00000026   Code   RO         2114    .text._thread_cleanup_execute  thread.o
    0x08004b82   0x08004b82   0x00000002   PAD
    0x08004b84   0x08004b84   0x00000052   Code   RO         1997    .text.divide        kservice.o
    0x08004bd6   0x08004bd6   0x00000002   PAD
    0x08004bd8   0x08004bd8   0x000000ee   Code   RO         1398    .text.getVoterResult  monitor.o
    0x08004cc6   0x08004cc6   0x00000002   PAD
    0x08004cc8   0x08004cc8   0x0000000c   Code   RO         1193    .text.get_rubbish_full_signal  exti.o
    0x08004cd4   0x08004cd4   0x0000000c   Code   RO         1189    .text.get_zero_signal  exti.o
    0x08004ce0   0x08004ce0   0x00000034   Code   RO         1210    .text.gpio_init     io.o
    0x08004d14   0x08004d14   0x0000000a   Code   RO          947    .text.main          main.o
    0x08004d1e   0x08004d1e   0x00000002   PAD
    0x08004d20   0x08004d20   0x00000012   Code   RO         1842    .text.main_thread_entry  components.o
    0x08004d32   0x08004d32   0x00000002   PAD
    0x08004d34   0x08004d34   0x000000e2   Code   RO         2019    .text.plug_holes    mem.o
    0x08004e16   0x08004e16   0x00000002   PAD
    0x08004e18   0x08004e18   0x00000264   Code   RO         1983    .text.print_number  kservice.o
    0x0800507c   0x0800507c   0x00000034   Code   RO         1844    .text.rt_application_init  components.o
    0x080050b0   0x080050b0   0x00000034   Code   RO         1834    .text.rt_components_board_init  components.o
    0x080050e4   0x080050e4   0x00000034   Code   RO         1836    .text.rt_components_init  components.o
    0x08005118   0x08005118   0x00000022   Code   RO         2093    .text.rt_enter_critical  scheduler.o
    0x0800513a   0x0800513a   0x00000002   PAD
    0x0800513c   0x0800513c   0x00000056   Code   RO         2095    .text.rt_exit_critical  scheduler.o
    0x08005192   0x08005192   0x00000002   PAD
    0x08005194   0x08005194   0x000000c6   Code   RO         2017    .text.rt_free       mem.o
    0x0800525a   0x0800525a   0x00000002   PAD
    0x0800525c   0x0800525c   0x00000038   Code   RO         2214    .text.rt_hw_board_init  board.o
    0x08005294   0x08005294   0x0000005e   Code   RO         1791    .text.rt_hw_hard_fault_exception  cpuport.o
    0x080052f2   0x080052f2   0x00000002   PAD
    0x080052f4   0x080052f4   0x00000080   Code   RO         1787    .text.rt_hw_stack_init  cpuport.o
    0x08005374   0x08005374   0x00000022   Code   RO         1933    .text.rt_interrupt_enter  irq.o
    0x08005396   0x08005396   0x00000002   PAD
    0x08005398   0x08005398   0x00000022   Code   RO         1935    .text.rt_interrupt_leave  irq.o
    0x080053ba   0x080053ba   0x00000002   PAD
    0x080053bc   0x080053bc   0x0000001a   Code   RO         1902    .text.rt_ipc_list_resume  ipc.o
    0x080053d6   0x080053d6   0x00000002   PAD
    0x080053d8   0x080053d8   0x00000094   Code   RO         1894    .text.rt_ipc_list_suspend  ipc.o
    0x0800546c   0x0800546c   0x00000014   Code   RO         1882    .text.rt_ipc_object_init  ipc.o
    0x08005480   0x08005480   0x00000010   Code   RO         1908    .text.rt_list_init  ipc.o
    0x08005490   0x08005490   0x00000010   Code   RO         2077    .text.rt_list_init  scheduler.o
    0x080054a0   0x080054a0   0x00000010   Code   RO         2156    .text.rt_list_init  thread.o
    0x080054b0   0x080054b0   0x00000010   Code   RO         2187    .text.rt_list_init  timer.o
    0x080054c0   0x080054c0   0x00000026   Code   RO         2051    .text.rt_list_insert_after  object.o
    0x080054e6   0x080054e6   0x00000002   PAD
    0x080054e8   0x080054e8   0x00000026   Code   RO         2116    .text.rt_list_insert_after  thread.o
    0x0800550e   0x0800550e   0x00000002   PAD
    0x08005510   0x08005510   0x00000026   Code   RO         2179    .text.rt_list_insert_after  timer.o
    0x08005536   0x08005536   0x00000002   PAD
    0x08005538   0x08005538   0x00000026   Code   RO         1924    .text.rt_list_insert_before  ipc.o
    0x0800555e   0x0800555e   0x00000002   PAD
    0x08005560   0x08005560   0x00000026   Code   RO         2085    .text.rt_list_insert_before  scheduler.o
    0x08005586   0x08005586   0x00000002   PAD
    0x08005588   0x08005588   0x00000026   Code   RO         2138    .text.rt_list_insert_before  thread.o
    0x080055ae   0x080055ae   0x00000002   PAD
    0x080055b0   0x080055b0   0x00000014   Code   RO         1900    .text.rt_list_isempty  ipc.o
    0x080055c4   0x080055c4   0x00000014   Code   RO         2091    .text.rt_list_isempty  scheduler.o
    0x080055d8   0x080055d8   0x00000014   Code   RO         2189    .text.rt_list_isempty  timer.o
    0x080055ec   0x080055ec   0x00000020   Code   RO         1862    .text.rt_list_remove  idle.o
    0x0800560c   0x0800560c   0x00000020   Code   RO         2055    .text.rt_list_remove  object.o
    0x0800562c   0x0800562c   0x00000020   Code   RO         2089    .text.rt_list_remove  scheduler.o
    0x0800564c   0x0800564c   0x00000020   Code   RO         2136    .text.rt_list_remove  thread.o
    0x0800566c   0x0800566c   0x00000020   Code   RO         2191    .text.rt_list_remove  timer.o
    0x0800568c   0x0800568c   0x0000028a   Code   RO         2013    .text.rt_malloc     mem.o
    0x08005916   0x08005916   0x00000002   PAD
    0x08005918   0x08005918   0x0000007a   Code   RO         1912    .text.rt_mb_create  ipc.o
    0x08005992   0x08005992   0x00000002   PAD
    0x08005994   0x08005994   0x00000154   Code   RO         1920    .text.rt_mb_recv    ipc.o
    0x08005ae8   0x08005ae8   0x00000016   Code   RO         1918    .text.rt_mb_send    ipc.o
    0x08005afe   0x08005afe   0x00000002   PAD
    0x08005b00   0x08005b00   0x00000166   Code   RO         1916    .text.rt_mb_send_wait  ipc.o
    0x08005c66   0x08005c66   0x00000002   PAD
    0x08005c68   0x08005c68   0x000000b2   Code   RO         1953    .text.rt_memset     kservice.o
    0x08005d1a   0x08005d1a   0x00000002   PAD
    0x08005d1c   0x08005d1c   0x00000074   Code   RO         2057    .text.rt_object_allocate  object.o
    0x08005d90   0x08005d90   0x0000002a   Code   RO         2059    .text.rt_object_delete  object.o
    0x08005dba   0x08005dba   0x00000002   PAD
    0x08005dbc   0x08005dbc   0x00000024   Code   RO         2053    .text.rt_object_detach  object.o
    0x08005de0   0x08005de0   0x00000054   Code   RO         2043    .text.rt_object_get_information  object.o
    0x08005e34   0x08005e34   0x00000080   Code   RO         2049    .text.rt_object_init  object.o
    0x08005eb4   0x08005eb4   0x00000022   Code   RO         2061    .text.rt_object_is_systemobject  object.o
    0x08005ed6   0x08005ed6   0x00000002   PAD
    0x08005ed8   0x08005ed8   0x000000ae   Code   RO         2081    .text.rt_schedule   scheduler.o
    0x08005f86   0x08005f86   0x00000002   PAD
    0x08005f88   0x08005f88   0x00000050   Code   RO         2083    .text.rt_schedule_insert_thread  scheduler.o
    0x08005fd8   0x08005fd8   0x0000004c   Code   RO         2087    .text.rt_schedule_remove_thread  scheduler.o
    0x08006024   0x08006024   0x00000042   Code   RO         1888    .text.rt_sem_create  ipc.o
    0x08006066   0x08006066   0x00000002   PAD
    0x08006068   0x08006068   0x00000032   Code   RO         1880    .text.rt_sem_init   ipc.o
    0x0800609a   0x0800609a   0x00000002   PAD
    0x0800609c   0x0800609c   0x00000072   Code   RO         1898    .text.rt_sem_release  ipc.o
    0x0800610e   0x0800610e   0x00000002   PAD
    0x08006110   0x08006110   0x0000009e   Code   RO         1892    .text.rt_sem_take   ipc.o
    0x080061ae   0x080061ae   0x00000002   PAD
    0x080061b0   0x080061b0   0x00000002   Code   RO         1977    .text.rt_show_version  kservice.o
    0x080061b2   0x080061b2   0x00000002   PAD
    0x080061b4   0x080061b4   0x0000002a   Code   RO         1989    .text.rt_sprintf    kservice.o
    0x080061de   0x080061de   0x00000002   PAD
    0x080061e0   0x080061e0   0x0000005c   Code   RO         1967    .text.rt_strncpy    kservice.o
    0x0800623c   0x0800623c   0x000000ee   Code   RO         2011    .text.rt_system_heap_init  mem.o
    0x0800632a   0x0800632a   0x00000002   PAD
    0x0800632c   0x0800632c   0x0000006a   Code   RO         2075    .text.rt_system_scheduler_init  scheduler.o
    0x08006396   0x08006396   0x00000002   PAD
    0x08006398   0x08006398   0x00000040   Code   RO         2079    .text.rt_system_scheduler_start  scheduler.o
    0x080063d8   0x080063d8   0x00000030   Code   RO         2197    .text.rt_system_timer_init  timer.o
    0x08006408   0x08006408   0x00000002   Code   RO         2199    .text.rt_system_timer_thread_init  timer.o
    0x0800640a   0x0800640a   0x00000002   PAD
    0x0800640c   0x0800640c   0x0000007e   Code   RO         2130    .text.rt_thread_create  thread.o
    0x0800648a   0x0800648a   0x00000002   PAD
    0x0800648c   0x0800648c   0x00000068   Code   RO         2112    .text.rt_thread_exit  thread.o
    0x080064f4   0x080064f4   0x0000000e   Code   RO         1866    .text.rt_thread_idle_entry  idle.o
    0x08006502   0x08006502   0x00000002   PAD
    0x08006504   0x08006504   0x0000004c   Code   RO         1858    .text.rt_thread_idle_excute  idle.o
    0x08006550   0x08006550   0x00000048   Code   RO         1864    .text.rt_thread_idle_init  idle.o
    0x08006598   0x08006598   0x00000058   Code   RO         2118    .text.rt_thread_init  thread.o
    0x080065f0   0x080065f0   0x0000004c   Code   RO         2126    .text.rt_thread_resume  thread.o
    0x0800663c   0x0800663c   0x0000000c   Code   RO         2122    .text.rt_thread_self  thread.o
    0x08006648   0x08006648   0x0000003e   Code   RO         2124    .text.rt_thread_startup  thread.o
    0x08006686   0x08006686   0x00000002   PAD
    0x08006688   0x08006688   0x00000054   Code   RO         2142    .text.rt_thread_suspend  thread.o
    0x080066dc   0x080066dc   0x00000028   Code   RO         2152    .text.rt_thread_timeout  thread.o
    0x08006704   0x08006704   0x00000074   Code   RO         2134    .text.rt_thread_yield  thread.o
    0x08006778   0x08006778   0x0000000c   Code   RO         1810    .text.rt_tick_get   clock.o
    0x08006784   0x08006784   0x0000003c   Code   RO         1814    .text.rt_tick_increase  clock.o
    0x080067c0   0x080067c0   0x000000d6   Code   RO         2185    .text.rt_timer_check  timer.o
    0x08006896   0x08006896   0x00000002   PAD
    0x08006898   0x08006898   0x0000007a   Code   RO         2183    .text.rt_timer_control  timer.o
    0x08006912   0x08006912   0x00000002   PAD
    0x08006914   0x08006914   0x0000002e   Code   RO         2169    .text.rt_timer_detach  timer.o
    0x08006942   0x08006942   0x00000002   PAD
    0x08006944   0x08006944   0x0000003e   Code   RO         2165    .text.rt_timer_init  timer.o
    0x08006982   0x08006982   0x00000002   PAD
    0x08006984   0x08006984   0x0000014a   Code   RO         2177    .text.rt_timer_start  timer.o
    0x08006ace   0x08006ace   0x00000002   PAD
    0x08006ad0   0x08006ad0   0x00000040   Code   RO         2181    .text.rt_timer_stop  timer.o
    0x08006b10   0x08006b10   0x000005c8   Code   RO         1979    .text.rt_vsnprintf  kservice.o
    0x080070d8   0x080070d8   0x0000001c   Code   RO         1987    .text.rt_vsprintf   kservice.o
    0x080070f4   0x080070f4   0x00000004   Code   RO         1830    .text.rti_board_end  components.o
    0x080070f8   0x080070f8   0x00000004   Code   RO         1828    .text.rti_board_start  components.o
    0x080070fc   0x080070fc   0x00000004   Code   RO         1832    .text.rti_end       components.o
    0x08007100   0x08007100   0x00000004   Code   RO         1826    .text.rti_start     components.o
    0x08007104   0x08007104   0x0000002a   Code   RO         1840    .text.rtthread_startup  components.o
    0x0800712e   0x0800712e   0x00000002   PAD
    0x08007130   0x08007130   0x00000018   Code   RO         1195    .text.set_rubbish_full_signal  exti.o
    0x08007148   0x08007148   0x00000018   Code   RO         1191    .text.set_zero_signal  exti.o
    0x08007160   0x08007160   0x00000038   Code   RO         1981    .text.skip_atoi     kservice.o
    0x08007198   0x08007198   0x0000000e   Code   RO         2281    i.__scatterload_copy  mc_w.l(handlers.o)
    0x080071a6   0x080071a6   0x00000002   Code   RO         2282    i.__scatterload_null  mc_w.l(handlers.o)
    0x080071a8   0x080071a8   0x0000000e   Code   RO         2283    i.__scatterload_zeroinit  mc_w.l(handlers.o)
    0x080071b6   0x080071b6   0x00000010   Data   RO          444    .rodata.ADCHCLKPresTable  n32g430_rcc.o
    0x080071c6   0x080071c6   0x00000020   Data   RO          445    .rodata.ADCPLLCLKPresTable  n32g430_rcc.o
    0x080071e6   0x080071e6   0x00000010   Data   RO          443    .rodata.APBAHBPresTable  n32g430_rcc.o
    0x080071f6   0x080071f6   0x00000100   Data   RO         2001    .rodata.__lowest_bit_bitmap  kservice.o
    0x080072f6   0x080072f6   0x00000100   Data   RO          990    .rodata.nCrcTab_Crc8Poly0x07Ref0  crc8.o
    0x080073f6   0x080073f6   0x00000011   Data   RO         2003    .rodata.print_number.large_digits  kservice.o
    0x08007407   0x08007407   0x00000011   Data   RO         2002    .rodata.print_number.small_digits  kservice.o
    0x08007418   0x08007418   0x0000002f   Data   RO         1477    .rodata.str1.1      iap_tx.o
    0x08007447   0x08007447   0x00000004   Data   RO         1692    .rodata.str1.1      app.o
    0x0800744b   0x0800744b   0x00000008   Data   RO         1775    .rodata.str1.1      usermain.o
    0x08007453   0x08007453   0x00000005   Data   RO         1850    .rodata.str1.1      components.o
    0x08007458   0x08007458   0x00000006   Data   RO         1871    .rodata.str1.1      idle.o
    0x0800745e   0x0800745e   0x00000007   Data   RO         2000    .rodata.str1.1      kservice.o
    0x08007465   0x08007465   0x00000005   Data   RO         2029    .rodata.str1.1      mem.o
    0x0800746a   0x0800746a   0x00000002   PAD
    0x0800746c   0x0800746c   0x00000004   Data   RO         1846    .rti_fn.0           components.o
    0x08007470   0x08007470   0x00000004   Data   RO         1847    .rti_fn.0.end       components.o
    0x08007474   0x08007474   0x00000004   Data   RO         1848    .rti_fn.1.end       components.o
    0x08007478   0x08007478   0x00000004   Data   RO         1849    .rti_fn.6.end       components.o
    0x0800747c   0x0800747c   0x00000020   Data   RO         2280    Region$$Table       anon$$obj.o


    Execution Region RW_IRAM1 (Exec base: 0x20000000, Load base: 0x080074a0, Size: 0x00001d90, Max: 0x00004000, ABSOLUTE)

    Exec Addr    Load Addr    Size         Type   Attr      Idx    E Section Name        Object

    0x20000000   0x080074a0   0x00000004   Data   RW           19    .data.SystemClockFrequency  system_n32g430.o
    0x20000004   0x080074a4   0x00000040   Data   RW         2067    .data.rt_object_container  object.o
    0x20000044   0x080074e4   0x00000004   PAD
    0x20000048        -       0x00000008   Zero   RW         1691    .bss.App            app.o
    0x20000050        -       0x00000008   Zero   RW         1637    .bss.Fan            fan.o
    0x20000058        -       0x00000008   Zero   RW         1442    .bss.Iap            iap.o
    0x20000060        -       0x00000008   Zero   RW         1728    .bss.IapTester      iaptester.o
    0x20000068        -       0x0000007c   Zero   RW         1460    .bss.Iap_Rx         iap_rx.o
    0x200000e4        -       0x00000065   Zero   RW         1476    .bss.Iap_Tx         iap_tx.o
    0x20000149   0x080074e4   0x00000003   PAD
    0x2000014c        -       0x00000020   Zero   RW         1227    .bss.Mcu            mcu.o
    0x2000016c        -       0x00000001   Zero   RW         1428    .bss.Monitor_Task.zero_signal_filter  monitor.o
    0x2000016d   0x080074e4   0x00000003   PAD
    0x20000170        -       0x00000010   Zero   RW         1750    .bss.Mop            mop.o
    0x20000180        -       0x00000084   Zero   RW         1426    .bss.base_module    monitor.o
    0x20000204        -       0x00000008   Zero   RW         1617    .bss.brush_fan      brush_fan.o
    0x2000020c        -       0x00000008   Zero   RW         1497    .bss.brush_heater   brush_heater.o
    0x20000214        -       0x00000008   Zero   RW         1596    .bss.clean_led      led.o
    0x2000021c        -       0x00000008   Zero   RW         1537    .bss.drain_valve    drain_valve.o
    0x20000224        -       0x00000008   Zero   RW         1597    .bss.fault_led      led.o
    0x2000022c        -       0x00000016   Zero   RW         1427    .bss.g_adc_filter   monitor.o
    0x20000242   0x080074e4   0x00000002   PAD
    0x20000244        -       0x00000004   Zero   RW         2027    .bss.heap_end       mem.o
    0x20000248        -       0x00000004   Zero   RW         2026    .bss.heap_ptr       mem.o
    0x2000024c        -       0x00000020   Zero   RW         2028    .bss.heap_sem       mem.o
    0x2000026c        -       0x00000002   Zero   RW         1355    .bss.i              usart1_rx.o
    0x2000026e   0x080074e4   0x00000002   PAD
    0x20000270        -       0x00000078   Zero   RW         1870    .bss.idle           idle.o
    0x200002e8        -       0x00000004   Zero   RW         2030    .bss.lfree          mem.o
    0x200002ec        -       0x00000008   Zero   RW         1557    .bss.magnetic_valve  magnetic_valve.o
    0x200002f4        -       0x00000004   Zero   RW         2032    .bss.max_mem        mem.o
    0x200002f8        -       0x00000004   Zero   RW         1714    .bss.mb_AppEvent    app_event.o
    0x200002fc        -       0x00000004   Zero   RW         2025    .bss.mem_size_aligned  mem.o
    0x20000300        -       0x00000008   Zero   RW         1677    .bss.peristaltic_pump  peristaltic_pump.o
    0x20000308        -       0x00000001   Zero   RW         2102    .bss.rt_current_priority  scheduler.o
    0x20000309   0x080074e4   0x00000003   PAD
    0x2000030c        -       0x00000004   Zero   RW         2099    .bss.rt_current_thread  scheduler.o
    0x20000310        -       0x00000004   Zero   RW         1797    .bss.rt_exception_hook  cpuport.o
    0x20000314        -       0x00000004   Zero   RW         1798    .bss.rt_interrupt_from_thread  cpuport.o
    0x20000318        -       0x00000001   Zero   RW         1939    .bss.rt_interrupt_nest  irq.o
    0x20000319   0x080074e4   0x00000003   PAD
    0x2000031c        -       0x00000004   Zero   RW         1799    .bss.rt_interrupt_to_thread  cpuport.o
    0x20000320        -       0x00000002   Zero   RW         2100    .bss.rt_scheduler_lock_nest  scheduler.o
    0x20000322   0x080074e4   0x00000002   PAD
    0x20000324        -       0x00000008   Zero   RW         2104    .bss.rt_thread_defunct  scheduler.o
    0x2000032c        -       0x00000100   Zero   RW         2101    .bss.rt_thread_priority_table  scheduler.o
    0x2000042c        -       0x00000004   Zero   RW         2103    .bss.rt_thread_ready_priority_group  scheduler.o
    0x20000430        -       0x00000100   Zero   RW         1872    .bss.rt_thread_stack  idle.o
    0x20000530        -       0x00000004   Zero   RW         1800    .bss.rt_thread_switch_interrupt_flag  cpuport.o
    0x20000534        -       0x00000004   Zero   RW         1818    .bss.rt_tick        clock.o
    0x20000538        -       0x00000008   Zero   RW         2202    .bss.rt_timer_list  timer.o
    0x20000540        -       0x00000004   Zero   RW         2201    .bss.rt_timer_start.random_nr  timer.o
    0x20000544        -       0x00000008   Zero   RW         1657    .bss.rubbish_fan    rubbish_fan.o
    0x2000054c        -       0x00000008   Zero   RW         1595    .bss.rubbish_full_led  led.o
    0x20000554        -       0x00000001   Zero   RW         1202    .bss.rubbish_full_signal  exti.o
    0x20000555   0x080074e4   0x00000003   PAD
    0x20000558        -       0x00000008   Zero   RW         1517    .bss.rubbish_heater  rubbish_heater.o
    0x20000560        -       0x00000120   Zero   RW         1240    .bss.sADC           sadc.o
    0x20000680        -       0x00000004   Zero   RW         1776    .bss.sem_UserTick_1ms  usermain.o
    0x20000684        -       0x00000200   Zero   RW         1356    .bss.tmp_array      usart1_rx.o
    0x20000884        -       0x00000004   Zero   RW         2031    .bss.used_mem       mem.o
    0x20000888        -       0x00000001   Zero   RW         1201    .bss.zero_check_signal  exti.o
    0x20000889   0x080074e4   0x00000007   PAD
    0x20000890        -       0x00001500   Zero   RW            1    STACK               startup_n32g430.o


==============================================================================

Image component sizes


      Code (inc. data)   RO Data    RW Data    ZI Data      Debug   Object Name

       330         26          4          0          8       1414   app.o
       166          0          0          0          4       2057   app_event.o
       234          0          0          0          0       3645   board.o
        76          0          0          0          8       1619   brush_fan.o
       194          0          0          0          8       1402   brush_heater.o
        58          0          0          0          0        555   bsp.o
        72          0          0          0          4       2513   clock.o
       242          0         21          0          0       3108   components.o
       308         28          0          0          0        936   context_rvds.o
       222          0          0          0         16       2559   cpuport.o
        98          0        256          0          0       1023   crc8.o
       540          0          0          0          0       4314   dma.o
        62          0          0          0          8       1254   drain_valve.o
        80          0          0          0          0       1163   drv.o
       324          0          0          0          2       3888   exti.o
       162          0          0          0          8       1303   fan.o
       212          0          0          0          8       1252   iap.o
      1470         58          0          0        124       2886   iap_rx.o
       792          0         47          0        101       2415   iap_tx.o
        18          0          0          0          8       1025   iaptester.o
       222          0          6          0        376       2830   idle.o
       338          0          0          0          0       1511   io.o
      1498          0          0          0          0       7955   ipc.o
        68          0          0          0          1       1127   irq.o
      2698        168        297          0          0      10258   kservice.o
       510          0          0          0         24       2837   led.o
        76          0          0          0          8       1668   magnetic_valve.o
        10          0          0          0          0        379   main.o
       100          0          0          0         32       2240   mcu.o
      1312          0          5          0         56       4366   mem.o
       206          0          0          0          0       3183   misc.o
      1336          0          0          0        155       4999   monitor.o
       420          6          0          0         16       2017   mop.o
      1278          0          0          0          0      11059   n32g430_adc.o
       812          0          0          0          0       5440   n32g430_dma.o
       374          0          0          0          0       3296   n32g430_exti.o
       778          0          0          0          0      10055   n32g430_gpio.o
        18          0          0          0          0        762   n32g430_it.o
       720          0         64          0          0      11254   n32g430_rcc.o
      2118          0          0          0          0      32774   n32g430_tim.o
       960          0          0          0          0       9477   n32g430_usart.o
        28          0          0          0          0       2564   number.o
       510          0          0         64          0       4770   object.o
        76          0          0          0          8       1684   peristaltic_pump.o
        76          0          0          0          8       1637   rubbish_fan.o
       192          0          0          0          8       1422   rubbish_heater.o
       338          0          0          0        288       2055   sadc.o
       726          0          0          0        275       4251   scheduler.o
        36          8        276          0       5376        908   startup_n32g430.o
       736          0          0          4          0       4155   system_n32g430.o
      1066          0          0          0          0       7174   thread.o
       388          0          0          0          0       4083   tim1.o
        84          0          0          0          0       2451   tim2.o
       192          0          0          0          0       3392   tim3.o
       126          0          0          0          0       2607   tim4.o
       336          0          0          0          0       4746   tim5.o
      1146          6          0          0         12       5797   timer.o
        40          0          0          0          0        770   uart.o
       200          0          0          0          0       3690   usart1.o
       146          0          0          0        514       1323   usart1_rx.o
        98          0          0          0          0       2297   usart1_tx.o
       306          0          8          0          4       1329   usermain.o

    ----------------------------------------------------------------------
     28712        300       1018         68       7500     232923   Object Totals
         0          0         32          0          0          0   (incl. Generated)
       354          0          2          0         32          0   (incl. Padding)

    ----------------------------------------------------------------------

      Code (inc. data)   RO Data    RW Data    ZI Data      Debug   Library Member Name

         0          0          0          0          0          0   entry.o
         0          0          0          0          0          0   entry10a.o
         0          0          0          0          0          0   entry11a.o
         8          4          0          0          0          0   entry2.o
         4          0          0          0          0          0   entry5.o
         0          0          0          0          0          0   entry7b.o
         0          0          0          0          0          0   entry8b.o
         8          4          0          0          0          0   entry9a.o
        30          0          0          0          0          0   handlers.o
        36          8          0          0          0         68   init.o
        36          0          0          0          0        108   memseta.o

    ----------------------------------------------------------------------
       122         16          0          0          0        176   Library Totals
         0          0          0          0          0          0   (incl. Padding)

    ----------------------------------------------------------------------

      Code (inc. data)   RO Data    RW Data    ZI Data      Debug   Library Name

       122         16          0          0          0        176   mc_w.l

    ----------------------------------------------------------------------
       122         16          0          0          0        176   Library Totals

    ----------------------------------------------------------------------

==============================================================================


      Code (inc. data)   RO Data    RW Data    ZI Data      Debug   

     28834        316       1018         68       7500     232023   Grand Totals
     28834        316       1018         68       7500     232023   ELF Image Totals
     28834        316       1018         68          0          0   ROM Totals

==============================================================================

    Total RO  Size (Code + RO Data)                29852 (  29.15kB)
    Total RW  Size (RW Data + ZI Data)              7568 (   7.39kB)
    Total ROM Size (Code + RO Data + RW Data)      29920 (  29.22kB)

==============================================================================

