Component: ARM Compiler 6.16 Tool: armlink [5dfeaa00]

==============================================================================

Section Cross References

    startup_n32g430.o(RESET) refers to startup_n32g430.o(STACK) for __initial_sp
    startup_n32g430.o(RESET) refers to startup_n32g430.o(.text) for Reset_Handler
    startup_n32g430.o(RESET) refers to n32g430_it.o(.text.NMI_Handler) for NMI_Handler
    startup_n32g430.o(RESET) refers to context_rvds.o(.text) for HardFault_Handler
    startup_n32g430.o(RESET) refers to n32g430_it.o(.text.MemManage_Handler) for MemManage_Handler
    startup_n32g430.o(RESET) refers to n32g430_it.o(.text.BusFault_Handler) for BusFault_Handler
    startup_n32g430.o(RESET) refers to n32g430_it.o(.text.UsageFault_Handler) for UsageFault_Handler
    startup_n32g430.o(RESET) refers to n32g430_it.o(.text.SVC_Handler) for SVC_Handler
    startup_n32g430.o(RESET) refers to n32g430_it.o(.text.DebugMon_Handler) for DebugMon_Handler
    startup_n32g430.o(RESET) refers to board.o(.text.SysTick_Handler) for SysTick_Handler
    startup_n32g430.o(RESET) refers to dma.o(.text.DMA_Channel1_IRQHandler) for DMA_Channel1_IRQHandler
    startup_n32g430.o(RESET) refers to usart1_rx.o(.text.USART1_IRQHandler) for USART1_IRQHandler
    startup_n32g430.o(.text) refers to system_n32g430.o(.text.System_Initializes) for System_Initializes
    startup_n32g430.o(.text) refers to entry.o(.ARM.Collect$$$$00000000) for __main
    system_n32g430.o(.ARM.exidx.text.PLL_TrimValueLoad) refers to system_n32g430.o(.text.PLL_TrimValueLoad) for [Anonymous Symbol]
    system_n32g430.o(.text.System_Initializes) refers to system_n32g430.o(.text.System_Clock_Set) for System_Clock_Set
    system_n32g430.o(.ARM.exidx.text.System_Initializes) refers to system_n32g430.o(.text.System_Initializes) for [Anonymous Symbol]
    system_n32g430.o(.text.System_Clock_Set) refers to system_n32g430.o(.data.SystemClockFrequency) for SystemClockFrequency
    system_n32g430.o(.text.System_Clock_Set) refers to system_n32g430.o(.text.PLL_TrimValueLoad) for PLL_TrimValueLoad
    system_n32g430.o(.ARM.exidx.text.System_Clock_Set) refers to system_n32g430.o(.text.System_Clock_Set) for [Anonymous Symbol]
    system_n32g430.o(.text.System_Clock_Frequency_Update) refers to system_n32g430.o(.data.SystemClockFrequency) for SystemClockFrequency
    system_n32g430.o(.text.System_Clock_Frequency_Update) refers to system_n32g430.o(.rodata.AHBPrescTable) for AHBPrescTable
    system_n32g430.o(.ARM.exidx.text.System_Clock_Frequency_Update) refers to system_n32g430.o(.text.System_Clock_Frequency_Update) for [Anonymous Symbol]
    n32g430_adc.o(.text.ADC_Vrefint_Get) refers to n32g430_adc.o(.data.Get_NVR) for Get_NVR
    n32g430_adc.o(.text.ADC_Vrefint_Get) refers to n32g430_adc.o(.bss.vrefint_value) for vrefint_value
    n32g430_adc.o(.ARM.exidx.text.ADC_Vrefint_Get) refers to n32g430_adc.o(.text.ADC_Vrefint_Get) for [Anonymous Symbol]
    n32g430_adc.o(.text.ADC_Reset) refers to n32g430_rcc.o(.text.RCC_AHB_Peripheral_Reset) for RCC_AHB_Peripheral_Reset
    n32g430_adc.o(.ARM.exidx.text.ADC_Reset) refers to n32g430_adc.o(.text.ADC_Reset) for [Anonymous Symbol]
    n32g430_adc.o(.ARM.exidx.text.ADC_Multichannels_Enable) refers to n32g430_adc.o(.text.ADC_Multichannels_Enable) for [Anonymous Symbol]
    n32g430_adc.o(.ARM.exidx.text.ADC_Multichannels_Disable) refers to n32g430_adc.o(.text.ADC_Multichannels_Disable) for [Anonymous Symbol]
    n32g430_adc.o(.ARM.exidx.text.ADC_Continue_Conversion_Enable) refers to n32g430_adc.o(.text.ADC_Continue_Conversion_Enable) for [Anonymous Symbol]
    n32g430_adc.o(.ARM.exidx.text.ADC_Continue_Conversion_Disable) refers to n32g430_adc.o(.text.ADC_Continue_Conversion_Disable) for [Anonymous Symbol]
    n32g430_adc.o(.ARM.exidx.text.ADC_Regular_Group_External_Trigger_Source_Config) refers to n32g430_adc.o(.text.ADC_Regular_Group_External_Trigger_Source_Config) for [Anonymous Symbol]
    n32g430_adc.o(.ARM.exidx.text.ADC_Data_Alignment_Config) refers to n32g430_adc.o(.text.ADC_Data_Alignment_Config) for [Anonymous Symbol]
    n32g430_adc.o(.ARM.exidx.text.ADC_Regular_Channels_Number_Config) refers to n32g430_adc.o(.text.ADC_Regular_Channels_Number_Config) for [Anonymous Symbol]
    n32g430_adc.o(.text.ADC_Initializes) refers to n32g430_adc.o(.text.ADC_Multichannels_Enable) for ADC_Multichannels_Enable
    n32g430_adc.o(.text.ADC_Initializes) refers to n32g430_adc.o(.text.ADC_Multichannels_Disable) for ADC_Multichannels_Disable
    n32g430_adc.o(.text.ADC_Initializes) refers to n32g430_adc.o(.text.ADC_Continue_Conversion_Enable) for ADC_Continue_Conversion_Enable
    n32g430_adc.o(.text.ADC_Initializes) refers to n32g430_adc.o(.text.ADC_Continue_Conversion_Disable) for ADC_Continue_Conversion_Disable
    n32g430_adc.o(.text.ADC_Initializes) refers to n32g430_adc.o(.text.ADC_Regular_Group_External_Trigger_Source_Config) for ADC_Regular_Group_External_Trigger_Source_Config
[...]
    __aeabi_memcpy4                          0x08000281   Thumb Code     0  memcpya.o(.text)
    __aeabi_memcpy8                          0x08000281   Thumb Code     0  memcpya.o(.text)
    __aeabi_memset                           0x080002a5   Thumb Code    14  memseta.o(.text)
    __aeabi_memset4                          0x080002a5   Thumb Code     0  memseta.o(.text)
    __aeabi_memset8                          0x080002a5   Thumb Code     0  memseta.o(.text)
    __aeabi_memclr                           0x080002b3   Thumb Code     4  memseta.o(.text)
    __aeabi_memclr4                          0x080002b3   Thumb Code     0  memseta.o(.text)
    __aeabi_memclr8                          0x080002b3   Thumb Code     0  memseta.o(.text)
    _memset$wrapper                          0x080002b7   Thumb Code    18  memseta.o(.text)
    __aeabi_uidiv                            0x080002c9   Thumb Code     0  uidiv.o(.text)
    __aeabi_uidivmod                         0x080002c9   Thumb Code    44  uidiv.o(.text)
    __aeabi_uldivmod                         0x080002f5   Thumb Code    98  uldiv.o(.text)
    __aeabi_llsr                             0x08000357   Thumb Code    32  llushr.o(.text)
    _ll_ushift_r                             0x08000357   Thumb Code     0  llushr.o(.text)
    __I$use$fp                               0x08000377   Thumb Code     0  iusefp.o(.text)
    _double_round                            0x08000377   Thumb Code    30  depilogue.o(.text)
    _double_epilogue                         0x08000395   Thumb Code   156  depilogue.o(.text)
    __aeabi_dadd                             0x08000431   Thumb Code   322  dadd.o(.text)
    __aeabi_dsub                             0x08000573   Thumb Code     6  dadd.o(.text)
    __aeabi_drsub                            0x08000579   Thumb Code     6  dadd.o(.text)
    __aeabi_dmul                             0x0800057f   Thumb Code   228  dmul.o(.text)
    __aeabi_ddiv                             0x08000663   Thumb Code   222  ddiv.o(.text)
    __aeabi_d2ulz                            0x08000741   Thumb Code    48  dfixul.o(.text)
    __aeabi_cdrcmple                         0x08000771   Thumb Code    48  cdrcmple.o(.text)
    __scatterload                            0x080007a1   Thumb Code    28  init.o(.text)
    __scatterload_rt2                        0x080007a1   Thumb Code     0  init.o(.text)
    __aeabi_llsl                             0x080007c5   Thumb Code    30  llshl.o(.text)
    _ll_shift_l                              0x080007c5   Thumb Code     0  llshl.o(.text)
    __aeabi_lasr                             0x080007e3   Thumb Code    36  llsshr.o(.text)
    _ll_sshift_r                             0x080007e3   Thumb Code     0  llsshr.o(.text)
    main                                     0x08000809   Thumb Code    10  components.o(.text.$Sub$$main)
    ADC_AHB_Clock_Mode_Config                0x08000815   Thumb Code    18  n32g430_adc.o(.text.ADC_AHB_Clock_Mode_Config)
    ADC_Calibration_Operation                0x08000829   Thumb Code   128  n32g430_adc.o(.text.ADC_Calibration_Operation)
    ADC_Channel_Sample_Time_Config           0x080008a9   Thumb Code   188  n32g430_adc.o(.text.ADC_Channel_Sample_Time_Config)
    ADC_Clock_Mode_Config                    0x08000965   Thumb Code    54  n32g430_adc.o(.text.ADC_Clock_Mode_Config)
    ADC_Continue_Conversion_Disable          0x0800099d   Thumb Code    18  n32g430_adc.o(.text.ADC_Continue_Conversion_Disable)
    ADC_Continue_Conversion_Enable           0x080009b1   Thumb Code    18  n32g430_adc.o(.text.ADC_Continue_Conversion_Enable)
    ADC_DMA_Transfer_Enable                  0x080009c5   Thumb Code    18  n32g430_adc.o(.text.ADC_DMA_Transfer_Enable)
    ADC_Data_Alignment_Config                0x080009d9   Thumb Code    32  n32g430_adc.o(.text.ADC_Data_Alignment_Config)
    ADC_External_Trigger_Conversion_Config   0x080009f9   Thumb Code   130  n32g430_adc.o(.text.ADC_External_Trigger_Conversion_Config)
    ADC_Flag_Status_Get                      0x08000a7d   Thumb Code   104  n32g430_adc.o(.text.ADC_Flag_Status_Get)
    ADC_Init                                 0x08000ae5   Thumb Code   246  sadc.o(.text.ADC_Init)
    ADC_Initializes                          0x08000bdd   Thumb Code    74  n32g430_adc.o(.text.ADC_Initializes)
    ADC_Initializes_Structure                0x08000c29   Thumb Code    30  n32g430_adc.o(.text.ADC_Initializes_Structure)
    ADC_Multichannels_Disable                0x08000c49   Thumb Code    18  n32g430_adc.o(.text.ADC_Multichannels_Disable)
    ADC_Multichannels_Enable                 0x08000c5d   Thumb Code    18  n32g430_adc.o(.text.ADC_Multichannels_Enable)
    ADC_ON                                   0x08000c71   Thumb Code    18  n32g430_adc.o(.text.ADC_ON)
    ADC_PLL_Clock_Mode_Config                0x08000c85   Thumb Code    18  n32g430_adc.o(.text.ADC_PLL_Clock_Mode_Config)
    ADC_Regular_Channels_Number_Config       0x08000c99   Thumb Code    32  n32g430_adc.o(.text.ADC_Regular_Channels_Number_Config)
    ADC_Regular_Channels_Software_Conversion_Operation 0x08000cb9   Thumb Code   126  n32g430_adc.o(.text.ADC_Regular_Channels_Software_Conversion_Operation)
    ADC_Regular_Group_External_Trigger_Source_Config 0x08000d39   Thumb Code    32  n32g430_adc.o(.text.ADC_Regular_Group_External_Trigger_Source_Config)
    ADC_Regular_Sequence_Conversion_Number_Config 0x08000d59   Thumb Code   204  n32g430_adc.o(.text.ADC_Regular_Sequence_Conversion_Number_Config)
    AppState_Goto                            0x08000e25   Thumb Code   152  app.o(.text.AppState_Goto)
    App_Init                                 0x08000ebd   Thumb Code    30  app.o(.text.App_Init)
    App_Task                                 0x08000edd   Thumb Code   148  app.o(.text.App_Task)
    Base_Inflow_Info_Update                  0x08000f71   Thumb Code   104  monitor.o(.text.Base_Inflow_Info_Update)
    Base_NTC_Info_Update                     0x08000fd9   Thumb Code   104  monitor.o(.text.Base_NTC_Info_Update)
    Brush_Fan_Info_Update                    0x08001041   Thumb Code   120  monitor.o(.text.Brush_Fan_Info_Update)
    Brush_Fan_OFF                            0x080010b9   Thumb Code    18  brush_fan.o(.text.Brush_Fan_OFF)
    Brush_Fan_ON                             0x080010cd   Thumb Code    18  brush_fan.o(.text.Brush_Fan_ON)
    Brush_Fan_Start                          0x080010e1   Thumb Code    20  brush_fan.o(.text.Brush_Fan_Start)
    Brush_Fan_Stop                           0x080010f5   Thumb Code    20  brush_fan.o(.text.Brush_Fan_Stop)
    Brush_Heater_Start                       0x08001131   Thumb Code    38  brush_heater.o(.text.Brush_Heater_Start)
    Brush_Heater_Stop                        0x08001159   Thumb Code    20  brush_heater.o(.text.Brush_Heater_Stop)
    Brush_Heater_Task                        0x0800116d   Thumb Code    78  brush_heater.o(.text.Brush_Heater_Task)
    Bsp_DMA_Init                             0x080011bd   Thumb Code   162  dma.o(.text.Bsp_DMA_Init)
    Bsp_Init                                 0x08001261   Thumb Code    32  bsp.o(.text.Bsp_Init)
    Bsp_Start                                0x08001281   Thumb Code     8  bsp.o(.text.Bsp_Start)
    Bsp_Task                                 0x08001289   Thumb Code     2  bsp.o(.text.Bsp_Task)
    BusFault_Handler                         0x0800128d   Thumb Code     4  n32g430_it.o(.text.BusFault_Handler)
    CRC8_Calc                                0x08001291   Thumb Code    64  crc8.o(.text.CRC8_Calc)
    Cal_General_TIM_CLock                    0x080012d1   Thumb Code    52  mcu.o(.text.Cal_General_TIM_CLock)
    Comm_Connect_Event                       0x08001305   Thumb Code    48  app_event.o(.text.Comm_Connect_Event)
    Comm_Disconnect_Event                    0x08001335   Thumb Code    64  app_event.o(.text.Comm_Disconnect_Event)
    Crc8_Byte                                0x08001375   Thumb Code    34  crc8.o(.text.Crc8_Byte)
    DMA_Buffer_Size_Config                   0x08001399   Thumb Code    16  n32g430_dma.o(.text.DMA_Buffer_Size_Config)
    DMA_Channel1_IRQHandler                  0x080013a9   Thumb Code   376  dma.o(.text.DMA_Channel1_IRQHandler)
    DMA_Channel_Enable                       0x08001521   Thumb Code    18  n32g430_dma.o(.text.DMA_Channel_Enable)
    DMA_Channel_Request_Remap                0x08001535   Thumb Code    16  n32g430_dma.o(.text.DMA_Channel_Request_Remap)
    DMA_Circular_Mode_Config                 0x08001545   Thumb Code    30  n32g430_dma.o(.text.DMA_Circular_Mode_Config)
    DMA_Destination_Config                   0x08001565   Thumb Code    30  n32g430_dma.o(.text.DMA_Destination_Config)
    DMA_Flag_Status_Clear                    0x08001585   Thumb Code    16  n32g430_dma.o(.text.DMA_Flag_Status_Clear)
    DMA_Flag_Status_Get                      0x08001595   Thumb Code    42  n32g430_dma.o(.text.DMA_Flag_Status_Get)
    DMA_Initializes                          0x080015c1   Thumb Code   122  n32g430_dma.o(.text.DMA_Initializes)
    DMA_Interrupts_Enable                    0x0800163d   Thumb Code    20  n32g430_dma.o(.text.DMA_Interrupts_Enable)
    DMA_Memory_2_Memory_Config               0x08001651   Thumb Code    30  n32g430_dma.o(.text.DMA_Memory_2_Memory_Config)
    DMA_Memory_Addr_Increment_Config         0x08001671   Thumb Code    30  n32g430_dma.o(.text.DMA_Memory_Addr_Increment_Config)
    DMA_Memory_Address_Config                0x08001691   Thumb Code    16  n32g430_dma.o(.text.DMA_Memory_Address_Config)
    DMA_Memory_Data_Width_Config             0x080016a1   Thumb Code    30  n32g430_dma.o(.text.DMA_Memory_Data_Width_Config)
    DMA_Peripheral_Addr_Increment_Config     0x080016c1   Thumb Code    30  n32g430_dma.o(.text.DMA_Peripheral_Addr_Increment_Config)
    DMA_Peripheral_Address_Config            0x080016e1   Thumb Code    16  n32g430_dma.o(.text.DMA_Peripheral_Address_Config)
    DMA_Peripheral_Data_Width_Config         0x080016f1   Thumb Code    30  n32g430_dma.o(.text.DMA_Peripheral_Data_Width_Config)
    DMA_Priority_Config                      0x08001711   Thumb Code    30  n32g430_dma.o(.text.DMA_Priority_Config)
    DMA_Reset                                0x08001731   Thumb Code   290  n32g430_dma.o(.text.DMA_Reset)
    DebugMon_Handler                         0x08001855   Thumb Code     2  n32g430_it.o(.text.DebugMon_Handler)
    Debug_Printf                             0x08001859   Thumb Code    54  n32g43x_platform.o(.text.Debug_Printf)
    Drv_Init                                 0x08001891   Thumb Code     8  drv.o(.text.Drv_Init)
    Drv_Stop_All                             0x08001899   Thumb Code    12  drv.o(.text.Drv_Stop_All)
    Drv_Task                                 0x080018a5   Thumb Code    16  drv.o(.text.Drv_Task)
    GPIO_Alternate_Set                       0x080018b5   Thumb Code   136  n32g430_gpio.o(.text.GPIO_Alternate_Set)
    GPIO_Driver_Set                          0x0800193d   Thumb Code    60  n32g430_gpio.o(.text.GPIO_Driver_Set)
    GPIO_Mode_Set                            0x08001979   Thumb Code   148  n32g430_gpio.o(.text.GPIO_Mode_Set)
    GPIO_Peripheral_Initialize               0x08001a0d   Thumb Code   122  n32g430_gpio.o(.text.GPIO_Peripheral_Initialize)
    GPIO_Pins_Reset                          0x08001a89   Thumb Code    20  n32g430_gpio.o(.text.GPIO_Pins_Reset)
    GPIO_Pins_Set                            0x08001a9d   Thumb Code    20  n32g430_gpio.o(.text.GPIO_Pins_Set)
    GPIO_Pull_Set                            0x08001ab1   Thumb Code    60  n32g430_gpio.o(.text.GPIO_Pull_Set)
    GPIO_SlewRate_Set                        0x08001aed   Thumb Code    56  n32g430_gpio.o(.text.GPIO_SlewRate_Set)
    GPIO_Structure_Initialize                0x08001b25   Thumb Code    40  n32g430_gpio.o(.text.GPIO_Structure_Initialize)
    Goto_Standby_Event                       0x08001b4d   Thumb Code    10  app_event.o(.text.Goto_Standby_Event)
    HeatBase_Rx_Frame_Analyze                0x08001b59   Thumb Code   184  iap_rx.o(.text.HeatBase_Rx_Frame_Analyze)
    IO_Init                                  0x08001c11   Thumb Code    66  io.o(.text.IO_Init)
    IapHeatBase_Rx_Frame_Analyze             0x08001c55   Thumb Code   164  iap_rx.o(.text.IapHeatBase_Rx_Frame_Analyze)
    IapTester_Start                          0x08001cf9   Thumb Code    14  iaptester.o(.text.IapTester_Start)
    IapTester_Stop                           0x08001d09   Thumb Code     2  iaptester.o(.text.IapTester_Stop)
    IapTester_Task                           0x08001d0d   Thumb Code     2  iaptester.o(.text.IapTester_Task)
    Iap_Copy_Data                            0x08001d11   Thumb Code    64  iap_tx.o(.text.Iap_Copy_Data)
    Iap_GotoHalt_Event                       0x08001d51   Thumb Code    14  app_event.o(.text.Iap_GotoHalt_Event)
    Iap_GotoMcuUpdata_Event                  0x08001d61   Thumb Code     2  app_event.o(.text.Iap_GotoMcuUpdata_Event)
    Iap_GotoTester_Event                     0x08001d65   Thumb Code    14  app_event.o(.text.Iap_GotoTester_Event)
    Iap_GotoUser_Event                       0x08001d75   Thumb Code    14  app_event.o(.text.Iap_GotoUser_Event)
    Iap_Init                                 0x08001d85   Thumb Code     2  iap.o(.text.Iap_Init)
    Iap_PrintArray                           0x08001d89   Thumb Code    20  uart.o(.text.Iap_PrintArray)
    Iap_PrintFrame                           0x08001d9d   Thumb Code   208  iap_tx.o(.text.Iap_PrintFrame)
    Iap_Rx_Byte_Analyze                      0x08001e6d   Thumb Code   348  iap_rx.o(.text.Iap_Rx_Byte_Analyze)
    Iap_Rx_Clear                             0x08001fc9   Thumb Code    14  iap_rx.o(.text.Iap_Rx_Clear)
    Iap_Rx_Frame_Analyze                     0x08001fd9   Thumb Code   406  iap_rx.o(.text.Iap_Rx_Frame_Analyze)
    Iap_Task                                 0x08002171   Thumb Code   210  iap.o(.text.Iap_Task)
    Iap_Tx_Request                           0x08002245   Thumb Code   100  iap_tx.o(.text.Iap_Tx_Request)
    Iap_Tx_Respond                           0x080022a9   Thumb Code   324  iap_tx.o(.text.Iap_Tx_Respond)
    Log_Init                                 0x080023ed   Thumb Code   126  n32g43x_platform.o(.text.Log_Init)
    Mcu_Init                                 0x0800246d   Thumb Code     8  mcu.o(.text.Mcu_Init)
    MemManage_Handler                        0x08002475   Thumb Code     4  n32g430_it.o(.text.MemManage_Handler)
    Monitor_Task                             0x08002479   Thumb Code    34  monitor.o(.text.Monitor_Task)
    Mop_Error                                0x0800249d   Thumb Code    42  mop.o(.text.Mop_Error)
    Mop_Shut                                 0x080024c9   Thumb Code    72  mop.o(.text.Mop_Shut)
    Mop_Start                                0x08002511   Thumb Code    22  mop.o(.text.Mop_Start)
    Mop_Step_Off                             0x08002529   Thumb Code     8  mop.o(.text.Mop_Step_Off)
    Mop_Step_Shut                            0x08002531   Thumb Code    12  mop.o(.text.Mop_Step_Shut)
    Mop_Stop                                 0x0800253d   Thumb Code    36  mop.o(.text.Mop_Stop)
    Mop_Task                                 0x08002561   Thumb Code   206  mop.o(.text.Mop_Task)
    NMI_Handler                              0x08002631   Thumb Code     2  n32g430_it.o(.text.NMI_Handler)
    NVIC_Configuration                       0x08002635   Thumb Code    14  board.o(.text.NVIC_Configuration)
    NVIC_Initializes                         0x08002645   Thumb Code   170  misc.o(.text.NVIC_Initializes)
    NVIC_Vector_Table_Set                    0x080026f1   Thumb Code    36  misc.o(.text.NVIC_Vector_Table_Set)
    PLL_TrimValueLoad                        0x08002715   Thumb Code   170  system_n32g430.o(.text.PLL_TrimValueLoad)
    RCC_ADC_1M_Clock_Config                  0x080027c1   Thumb Code    62  n32g430_rcc.o(.text.RCC_ADC_1M_Clock_Config)
    RCC_ADC_Hclk_Config                      0x08002801   Thumb Code    44  n32g430_rcc.o(.text.RCC_ADC_Hclk_Config)
    RCC_ADC_Hclk_Enable                      0x0800282d   Thumb Code    18  n32g430_rcc.o(.text.RCC_ADC_Hclk_Enable)
    RCC_ADC_PLL_Clock_Disable                0x08002841   Thumb Code    18  n32g430_rcc.o(.text.RCC_ADC_PLL_Clock_Disable)
    RCC_ADC_PLL_Clock_Prescaler_Enable       0x08002855   Thumb Code    44  n32g430_rcc.o(.text.RCC_ADC_PLL_Clock_Prescaler_Enable)
    RCC_AHB_Peripheral_Clock_Enable          0x08002881   Thumb Code    24  n32g430_rcc.o(.text.RCC_AHB_Peripheral_Clock_Enable)
    RCC_APB1_Peripheral_Clock_Enable         0x08002899   Thumb Code    24  n32g430_rcc.o(.text.RCC_APB1_Peripheral_Clock_Enable)
    RCC_APB2_Peripheral_Clock_Enable         0x080028b1   Thumb Code    24  n32g430_rcc.o(.text.RCC_APB2_Peripheral_Clock_Enable)
    RCC_Clocks_Frequencies_Value_Get         0x080028c9   Thumb Code   462  n32g430_rcc.o(.text.RCC_Clocks_Frequencies_Value_Get)
    RCC_Configuration                        0x08002a99   Thumb Code    40  mcu.o(.text.RCC_Configuration)
    SEGGER_RTT_Init                          0x08002ac1   Thumb Code     8  segger_rtt.o(.text.SEGGER_RTT_Init)
    SEGGER_RTT_Write                         0x08002ac9   Thumb Code    76  segger_rtt.o(.text.SEGGER_RTT_Write)
    SEGGER_RTT_WriteNoLock                   0x08002b15   Thumb Code   176  segger_rtt.o(.text.SEGGER_RTT_WriteNoLock)
    SEGGER_RTT_printf                        0x08002bc5   Thumb Code    42  segger_rtt_printf.o(.text.SEGGER_RTT_printf)
    SEGGER_RTT_vprintf                       0x08002bf1   Thumb Code   828  segger_rtt_printf.o(.text.SEGGER_RTT_vprintf)
    SVC_Handler                              0x08002f2d   Thumb Code     2  n32g430_it.o(.text.SVC_Handler)
    SysTick_Handler                          0x08002f85   Thumb Code    16  board.o(.text.SysTick_Handler)
    System_Initializes                       0x080030fd   Thumb Code   206  system_n32g430.o(.text.System_Initializes)
    TIM2_Init                                0x080031cd   Thumb Code    84  tim2.o(.text.TIM2_Init)
    TIM4_Init                                0x08003221   Thumb Code   110  tim4.o(.text.TIM4_Init)
    TIM4_Start                               0x08003291   Thumb Code    16  tim4.o(.text.TIM4_Start)
    TIM_Auto_Reload_Preload_Enable           0x080032a1   Thumb Code    18  n32g430_tim.o(.text.TIM_Auto_Reload_Preload_Enable)
    TIM_Base_Auto_Reload_Set                 0x080032b5   Thumb Code    20  n32g430_tim.o(.text.TIM_Base_Auto_Reload_Set)
    TIM_Base_Channel1                        0x080032c9   Thumb Code    46  n32g430_tim.o(.text.TIM_Base_Channel1)
    TIM_Base_Channel2                        0x080032f9   Thumb Code    46  n32g430_tim.o(.text.TIM_Base_Channel2)
    TIM_Base_Channel3                        0x08003329   Thumb Code    46  n32g430_tim.o(.text.TIM_Base_Channel3)
    TIM_Base_Channel4                        0x08003359   Thumb Code    46  n32g430_tim.o(.text.TIM_Base_Channel4)
    TIM_Base_Count_Mode_Set                  0x08003389   Thumb Code    42  n32g430_tim.o(.text.TIM_Base_Count_Mode_Set)
    TIM_Base_Initialize                      0x080033b5   Thumb Code   308  n32g430_tim.o(.text.TIM_Base_Initialize)
    TIM_Base_OCrefClear                      0x080034e9   Thumb Code    46  n32g430_tim.o(.text.TIM_Base_OCrefClear)
    TIM_Base_Prescaler_Set                   0x08003519   Thumb Code    20  n32g430_tim.o(.text.TIM_Base_Prescaler_Set)
    TIM_Base_Reload_Mode_Set                 0x0800352d   Thumb Code    20  n32g430_tim.o(.text.TIM_Base_Reload_Mode_Set)
    TIM_Base_Repeat_Count_Set                0x08003541   Thumb Code    20  n32g430_tim.o(.text.TIM_Base_Repeat_Count_Set)
    TIM_Capture_Compare_Ch_Disable           0x08003555   Thumb Code    30  n32g430_tim.o(.text.TIM_Capture_Compare_Ch_Disable)
    TIM_Capture_Compare_Ch_Enable            0x08003575   Thumb Code    30  n32g430_tim.o(.text.TIM_Capture_Compare_Ch_Enable)
    TIM_Capture_Compare_Ch_N_Disable         0x08003595   Thumb Code    30  n32g430_tim.o(.text.TIM_Capture_Compare_Ch_N_Disable)
    TIM_Capture_Compare_Ch_N_Enable          0x080035b5   Thumb Code    30  n32g430_tim.o(.text.TIM_Capture_Compare_Ch_N_Enable)
    TIM_Clock_Division_Set                   0x080035d5   Thumb Code    34  n32g430_tim.o(.text.TIM_Clock_Division_Set)
    TIM_On                                   0x080035f9   Thumb Code    18  n32g430_tim.o(.text.TIM_On)
    TIM_Output_Channel4_Initialize           0x0800360d   Thumb Code   286  n32g430_tim.o(.text.TIM_Output_Channel4_Initialize)
    TIM_Output_Channel4_Preload_Set          0x0800372d   Thumb Code    62  n32g430_tim.o(.text.TIM_Output_Channel4_Preload_Set)
    TIM_Output_Channel_N_Polarity_Set        0x0800376d   Thumb Code    58  n32g430_tim.o(.text.TIM_Output_Channel_N_Polarity_Set)
    TIM_Output_Channel_Polarity_Set          0x080037a9   Thumb Code    58  n32g430_tim.o(.text.TIM_Output_Channel_Polarity_Set)
    U32_Add_One                              0x080037e5   Thumb Code    28  number.o(.text.U32_Add_One)
    USART1_IRQHandler                        0x08003845   Thumb Code   146  usart1_rx.o(.text.USART1_IRQHandler)
    USART1_Init                              0x080038d9   Thumb Code   134  usart1.o(.text.USART1_Init)
    USART1_PrintArray                        0x08003961   Thumb Code    48  usart1_tx.o(.text.USART1_PrintArray)
    USART1_Printc                            0x08003991   Thumb Code    50  usart1_tx.o(.text.USART1_Printc)
    USART1_Rx_Byte_Isr                       0x080039c5   Thumb Code    20  uart.o(.text.USART1_Rx_Byte_Isr)
    USART_Baud_Rate_Config                   0x080039d9   Thumb Code   176  n32g430_usart.o(.text.USART_Baud_Rate_Config)
    USART_DMA_Transfer_Enable                0x08003a89   Thumb Code    24  n32g430_usart.o(.text.USART_DMA_Transfer_Enable)
    USART_Data_Receive                       0x08003aa1   Thumb Code    16  n32g430_usart.o(.text.USART_Data_Receive)
    USART_Data_Send                          0x08003ab1   Thumb Code    24  n32g430_usart.o(.text.USART_Data_Send)
    USART_Enable                             0x08003ac9   Thumb Code    18  n32g430_usart.o(.text.USART_Enable)
    USART_Flag_Status_Get                    0x08003add   Thumb Code    48  n32g430_usart.o(.text.USART_Flag_Status_Get)
    USART_Hardware_Flow_Control_Config       0x08003b0d   Thumb Code    46  n32g430_usart.o(.text.USART_Hardware_Flow_Control_Config)
    USART_Initializes                        0x08003b3d   Thumb Code    72  n32g430_usart.o(.text.USART_Initializes)
    USART_Interrput_Enable                   0x08003b85   Thumb Code   104  n32g430_usart.o(.text.USART_Interrput_Enable)
    USART_Interrupt_Status_Clear             0x08003bed   Thumb Code    52  n32g430_usart.o(.text.USART_Interrupt_Status_Clear)
    USART_Interrupt_Status_Get               0x08003c21   Thumb Code   156  n32g430_usart.o(.text.USART_Interrupt_Status_Get)
    USART_Mode_Config                        0x08003cbd   Thumb Code    46  n32g430_usart.o(.text.USART_Mode_Config)
    USART_Parity_Config                      0x08003ced   Thumb Code    46  n32g430_usart.o(.text.USART_Parity_Config)
    USART_Stop_Bits_Config                   0x08003d1d   Thumb Code    46  n32g430_usart.o(.text.USART_Stop_Bits_Config)
    USART_Structure_Initializes              0x08003d4d   Thumb Code    40  n32g430_usart.o(.text.USART_Structure_Initializes)
    USART_Word_Length_Config                 0x08003d75   Thumb Code    46  n32g430_usart.o(.text.USART_Word_Length_Config)
    UsageFault_Handler                       0x08003da5   Thumb Code     4  n32g430_it.o(.text.UsageFault_Handler)
    UserMain                                 0x08003da9   Thumb Code   338  usermain.o(.text.UserMain)
    __rt_ffs                                 0x08004585   Thumb Code   126  kservice.o(.text.__rt_ffs)
    getVoterResult                           0x080047f9   Thumb Code   238  monitor.o(.text.getVoterResult)
    gpio_init                                0x080048e9   Thumb Code    52  io.o(.text.gpio_init)
    $Super$$main                             0x0800491d   Thumb Code    10  main.o(.text.main)
    main_thread_entry                        0x08004929   Thumb Code    18  components.o(.text.main_thread_entry)
    platform_log                             0x0800493d   Thumb Code    66  n32g43x_platform.o(.text.platform_log)
    rt_application_init                      0x08004cc9   Thumb Code    52  components.o(.text.rt_application_init)
    rt_components_board_init                 0x08004cfd   Thumb Code    52  components.o(.text.rt_components_board_init)
    rt_components_init                       0x08004d31   Thumb Code    52  components.o(.text.rt_components_init)
    rt_enter_critical                        0x08004d65   Thumb Code    34  scheduler.o(.text.rt_enter_critical)
    rt_exit_critical                         0x08004d89   Thumb Code    86  scheduler.o(.text.rt_exit_critical)
    rt_free                                  0x08004de1   Thumb Code   198  mem.o(.text.rt_free)
    rt_hw_board_init                         0x08004ea9   Thumb Code    56  board.o(.text.rt_hw_board_init)
    rt_hw_console_output                     0x08004ee1   Thumb Code    34  rtt_finsh.o(.text.rt_hw_console_output)
    rt_hw_hard_fault_exception               0x08004f05   Thumb Code    94  cpuport.o(.text.rt_hw_hard_fault_exception)
    rt_hw_stack_init                         0x08004f65   Thumb Code   128  cpuport.o(.text.rt_hw_stack_init)
    rt_interrupt_enter                       0x08004fe5   Thumb Code    34  irq.o(.text.rt_interrupt_enter)
    rt_interrupt_leave                       0x08005009   Thumb Code    34  irq.o(.text.rt_interrupt_leave)
    rt_malloc                                0x080052fd   Thumb Code   650  mem.o(.text.rt_malloc)
    rt_mb_create                             0x08005589   Thumb Code   122  ipc.o(.text.rt_mb_create)
    rt_mb_recv                               0x08005605   Thumb Code   340  ipc.o(.text.rt_mb_recv)
    rt_mb_send                               0x08005759   Thumb Code    22  ipc.o(.text.rt_mb_send)
    rt_mb_send_wait                          0x08005771   Thumb Code   358  ipc.o(.text.rt_mb_send_wait)
    rt_memset                                0x080058d9   Thumb Code   178  kservice.o(.text.rt_memset)
    rt_object_allocate                       0x0800598d   Thumb Code   116  object.o(.text.rt_object_allocate)
    rt_object_delete                         0x08005a01   Thumb Code    42  object.o(.text.rt_object_delete)
    rt_object_detach                         0x08005a2d   Thumb Code    36  object.o(.text.rt_object_detach)
    rt_object_get_information                0x08005a51   Thumb Code    84  object.o(.text.rt_object_get_information)
    rt_object_init                           0x08005aa5   Thumb Code   128  object.o(.text.rt_object_init)
    rt_object_is_systemobject                0x08005b25   Thumb Code    34  object.o(.text.rt_object_is_systemobject)
    rt_schedule                              0x08005b49   Thumb Code   174  scheduler.o(.text.rt_schedule)
    rt_schedule_insert_thread                0x08005bf9   Thumb Code    80  scheduler.o(.text.rt_schedule_insert_thread)
    rt_schedule_remove_thread                0x08005c49   Thumb Code    76  scheduler.o(.text.rt_schedule_remove_thread)
    rt_sem_create                            0x08005c95   Thumb Code    66  ipc.o(.text.rt_sem_create)
    rt_sem_init                              0x08005cd9   Thumb Code    50  ipc.o(.text.rt_sem_init)
    rt_sem_release                           0x08005d0d   Thumb Code   114  ipc.o(.text.rt_sem_release)
    rt_sem_take                              0x08005d81   Thumb Code   158  ipc.o(.text.rt_sem_take)
    rt_show_version                          0x08005e21   Thumb Code     2  kservice.o(.text.rt_show_version)
    rt_sprintf                               0x08005e25   Thumb Code    42  kservice.o(.text.rt_sprintf)
    rt_strncpy                               0x08005e51   Thumb Code    92  kservice.o(.text.rt_strncpy)
    rt_system_heap_init                      0x08005ead   Thumb Code   238  mem.o(.text.rt_system_heap_init)
    rt_system_scheduler_init                 0x08005f9d   Thumb Code   106  scheduler.o(.text.rt_system_scheduler_init)
    rt_system_scheduler_start                0x08006009   Thumb Code    64  scheduler.o(.text.rt_system_scheduler_start)
    rt_system_timer_init                     0x08006049   Thumb Code    48  timer.o(.text.rt_system_timer_init)
    rt_system_timer_thread_init              0x08006079   Thumb Code     2  timer.o(.text.rt_system_timer_thread_init)
    rt_thread_create                         0x0800607d   Thumb Code   126  thread.o(.text.rt_thread_create)
    rt_thread_exit                           0x080060fd   Thumb Code   104  thread.o(.text.rt_thread_exit)
    rt_thread_idle_excute                    0x08006175   Thumb Code    76  idle.o(.text.rt_thread_idle_excute)
    rt_thread_idle_init                      0x080061c1   Thumb Code    72  idle.o(.text.rt_thread_idle_init)
    rt_thread_init                           0x08006209   Thumb Code    88  thread.o(.text.rt_thread_init)
    rt_thread_resume                         0x08006261   Thumb Code    76  thread.o(.text.rt_thread_resume)
    rt_thread_self                           0x080062ad   Thumb Code    12  thread.o(.text.rt_thread_self)
    rt_thread_startup                        0x080062b9   Thumb Code    62  thread.o(.text.rt_thread_startup)
    rt_thread_suspend                        0x080062f9   Thumb Code    84  thread.o(.text.rt_thread_suspend)
    rt_thread_timeout                        0x0800634d   Thumb Code    40  thread.o(.text.rt_thread_timeout)
    rt_thread_yield                          0x08006375   Thumb Code   116  thread.o(.text.rt_thread_yield)
    rt_tick_get                              0x080063e9   Thumb Code    12  clock.o(.text.rt_tick_get)
    rt_tick_increase                         0x080063f5   Thumb Code    60  clock.o(.text.rt_tick_increase)
    rt_timer_check                           0x08006431   Thumb Code   214  timer.o(.text.rt_timer_check)
    rt_timer_control                         0x08006509   Thumb Code   122  timer.o(.text.rt_timer_control)
    rt_timer_detach                          0x08006585   Thumb Code    46  timer.o(.text.rt_timer_detach)
    rt_timer_init                            0x080065b5   Thumb Code    62  timer.o(.text.rt_timer_init)
    rt_timer_start                           0x080065f5   Thumb Code   330  timer.o(.text.rt_timer_start)
    rt_timer_stop                            0x08006741   Thumb Code    64  timer.o(.text.rt_timer_stop)
    rt_vsnprintf                             0x08006781   Thumb Code  1480  kservice.o(.text.rt_vsnprintf)
    rt_vsprintf                              0x08006d49   Thumb Code    28  kservice.o(.text.rt_vsprintf)
    rtthread_startup                         0x08006d75   Thumb Code    42  components.o(.text.rtthread_startup)
    __0vsnprintf                             0x08006dd9   Thumb Code    46  printfa.o(i.__0vsnprintf)
    __1vsnprintf                             0x08006dd9   Thumb Code     0  printfa.o(i.__0vsnprintf)
    __2vsnprintf                             0x08006dd9   Thumb Code     0  printfa.o(i.__0vsnprintf)
    __c89vsnprintf                           0x08006dd9   Thumb Code     0  printfa.o(i.__0vsnprintf)
    vsnprintf                                0x08006dd9   Thumb Code     0  printfa.o(i.__0vsnprintf)
    __scatterload_copy                       0x08006e0d   Thumb Code    14  handlers.o(i.__scatterload_copy)
    __scatterload_null                       0x08006e1b   Thumb Code     2  handlers.o(i.__scatterload_null)
    __scatterload_zeroinit                   0x08006e1d   Thumb Code    14  handlers.o(i.__scatterload_zeroinit)
    __lowest_bit_bitmap                      0x08007755   Data         256  kservice.o(.rodata.__lowest_bit_bitmap)
    nCrcTab_Crc8Poly0x07Ref0                 0x08007855   Data         256  crc8.o(.rodata.nCrcTab_Crc8Poly0x07Ref0)
    __rt_init_rti_start                      0x08007b74   Data           4  components.o(.rti_fn.0)
    __rt_init_rti_board_start                0x08007b78   Data           4  components.o(.rti_fn.0.end)
    __rt_init_rti_board_end                  0x08007b7c   Data           4  components.o(.rti_fn.1.end)
    __rt_init_rti_end                        0x08007b80   Data           4  components.o(.rti_fn.6.end)
    Region$$Table$$Base                      0x08007b84   Number         0  anon$$obj.o(Region$$Table)
    Region$$Table$$Limit                     0x08007ba4   Number         0  anon$$obj.o(Region$$Table)
    SystemClockFrequency                     0x20000000   Data           4  system_n32g430.o(.data.SystemClockFrequency)
    App                                      0x20000048   Data           8  app.o(.bss.App)
    Iap                                      0x200000d0   Data           8  iap.o(.bss.Iap)
    IapTester                                0x200000d8   Data           8  iaptester.o(.bss.IapTester)
    Iap_Rx                                   0x200000e0   Data         124  iap_rx.o(.bss.Iap_Rx)
    Iap_Tx                                   0x2000015c   Data         101  iap_tx.o(.bss.Iap_Tx)
    Mcu                                      0x200001c4   Data          32  mcu.o(.bss.Mcu)
    Mop                                      0x200001e4   Data          16  mop.o(.bss.Mop)
    _SEGGER_RTT                              0x200001f4   Data         168  segger_rtt.o(.bss._SEGGER_RTT)
    base_module                              0x200006ac   Data          36  monitor.o(.bss.base_module)
    brush_fan                                0x200006d0   Data           8  brush_fan.o(.bss.brush_fan)
    brush_heater                             0x200006d8   Data           8  brush_heater.o(.bss.brush_heater)
    g_adc_filter                             0x200006e0   Data          22  monitor.o(.bss.g_adc_filter)
    i                                        0x20000720   Data           2  usart1_rx.o(.bss.i)
    mb_AppEvent                              0x200007a4   Data           4  app_event.o(.bss.mb_AppEvent)
    rt_current_priority                      0x200007ac   Data           1  scheduler.o(.bss.rt_current_priority)
    rt_current_thread                        0x200007b0   Data           4  scheduler.o(.bss.rt_current_thread)
    rt_interrupt_from_thread                 0x200007b8   Data           4  cpuport.o(.bss.rt_interrupt_from_thread)
    rt_interrupt_nest                        0x200007bc   Data           1  irq.o(.bss.rt_interrupt_nest)
    rt_interrupt_to_thread                   0x200007c0   Data           4  cpuport.o(.bss.rt_interrupt_to_thread)
    rt_thread_defunct                        0x200007c8   Data           8  scheduler.o(.bss.rt_thread_defunct)
    rt_thread_priority_table                 0x200007d0   Data         256  scheduler.o(.bss.rt_thread_priority_table)
    rt_thread_ready_priority_group           0x200008d0   Data           4  scheduler.o(.bss.rt_thread_ready_priority_group)
    rt_thread_switch_interrupt_flag          0x200009d4   Data           4  cpuport.o(.bss.rt_thread_switch_interrupt_flag)
    sADC                                     0x200009e8   Data         144  sadc.o(.bss.sADC)
    sem_UserTick_1ms                         0x20000a78   Data           4  usermain.o(.bss.sem_UserTick_1ms)
    tmp_array                                0x20000a7c   Data         512  usart1_rx.o(.bss.tmp_array)
    __initial_sp                             0x20001080   Data           0  startup_n32g430.o(STACK)



==============================================================================

Memory Map of the image

  Image Entry point : 0x08000115

  Load Region LR_IROM1 (Base: 0x08000000, Size: 0x00007bf0, Max: 0x00010000, ABSOLUTE)

    Execution Region ER_IROM1 (Exec base: 0x08000000, Load base: 0x08000000, Size: 0x00007ba4, Max: 0x00010000, ABSOLUTE)

    Exec Addr    Load Addr    Size         Type   Attr      Idx    E Section Name        Object

    0x08000000   0x08000000   0x00000114   Data   RO            3    RESET               startup_n32g430.o
    0x08000114   0x08000114   0x00000000   Code   RO         2043  * .ARM.Collect$$$$00000000  mc_w.l(entry.o)
    0x08000114   0x08000114   0x00000004   Code   RO         2086    .ARM.Collect$$$$00000001  mc_w.l(entry2.o)
    0x08000118   0x08000118   0x00000004   Code   RO         2089    .ARM.Collect$$$$00000004  mc_w.l(entry5.o)
    0x0800011c   0x0800011c   0x00000000   Code   RO         2091    .ARM.Collect$$$$00000008  mc_w.l(entry7b.o)
    0x0800011c   0x0800011c   0x00000000   Code   RO         2093    .ARM.Collect$$$$0000000A  mc_w.l(entry8b.o)
    0x0800011c   0x0800011c   0x00000008   Code   RO         2094    .ARM.Collect$$$$0000000B  mc_w.l(entry9a.o)
    0x08000124   0x08000124   0x00000000   Code   RO         2096    .ARM.Collect$$$$0000000D  mc_w.l(entry10a.o)
    0x08000124   0x08000124   0x00000000   Code   RO         2098    .ARM.Collect$$$$0000000F  mc_w.l(entry11a.o)
    0x08000124   0x08000124   0x00000004   Code   RO         2087    .ARM.Collect$$$$00002712  mc_w.l(entry2.o)
    0x08000128   0x08000128   0x00000024   Code   RO            4    .text               startup_n32g430.o
    0x0800014c   0x0800014c   0x00000134   Code   RO         1593    .text               context_rvds.o
    0x08000280   0x08000280   0x00000024   Code   RO         2046    .text               mc_w.l(memcpya.o)
    0x080002a4   0x080002a4   0x00000024   Code   RO         2048    .text               mc_w.l(memseta.o)
    0x080002c8   0x080002c8   0x0000002c   Code   RO         2114    .text               mc_w.l(uidiv.o)
    0x080002f4   0x080002f4   0x00000062   Code   RO         2116    .text               mc_w.l(uldiv.o)
    0x08000356   0x08000356   0x00000020   Code   RO         2118    .text               mc_w.l(llushr.o)
    0x08000376   0x08000376   0x00000000   Code   RO         2127    .text               mc_w.l(iusefp.o)
    0x08000376   0x08000376   0x000000ba   Code   RO         2128    .text               mf_w.l(depilogue.o)
    0x08000430   0x08000430   0x0000014e   Code   RO         2130    .text               mf_w.l(dadd.o)
    0x0800057e   0x0800057e   0x000000e4   Code   RO         2132    .text               mf_w.l(dmul.o)
    0x08000662   0x08000662   0x000000de   Code   RO         2134    .text               mf_w.l(ddiv.o)
    0x08000740   0x08000740   0x00000030   Code   RO         2138    .text               mf_w.l(dfixul.o)
    0x08000770   0x08000770   0x00000030   Code   RO         2140    .text               mf_w.l(cdrcmple.o)
    0x080007a0   0x080007a0   0x00000024   Code   RO         2142    .text               mc_w.l(init.o)
    0x080007c4   0x080007c4   0x0000001e   Code   RO         2145    .text               mc_w.l(llshl.o)
    0x080007e2   0x080007e2   0x00000024   Code   RO         2147    .text               mc_w.l(llsshr.o)
    0x08000806   0x08000806   0x00000002   PAD
    0x08000808   0x08000808   0x0000000a   Code   RO         1649    .text.$Sub$$main    components.o
    0x08000812   0x08000812   0x00000002   PAD
    0x08000814   0x08000814   0x00000012   Code   RO          124    .text.ADC_AHB_Clock_Mode_Config  n32g430_adc.o
    0x08000826   0x08000826   0x00000002   PAD
    0x08000828   0x08000828   0x00000080   Code   RO           62    .text.ADC_Calibration_Operation  n32g430_adc.o
    0x080008a8   0x080008a8   0x000000bc   Code   RO           70    .text.ADC_Channel_Sample_Time_Config  n32g430_adc.o
    0x08000964   0x08000964   0x00000036   Code   RO          150    .text.ADC_Clock_Mode_Config  n32g430_adc.o
    0x0800099a   0x0800099a   0x00000002   PAD
    0x0800099c   0x0800099c   0x00000012   Code   RO           38    .text.ADC_Continue_Conversion_Disable  n32g430_adc.o
    0x080009ae   0x080009ae   0x00000002   PAD
    0x080009b0   0x080009b0   0x00000012   Code   RO           36    .text.ADC_Continue_Conversion_Enable  n32g430_adc.o
    0x080009c2   0x080009c2   0x00000002   PAD
    0x080009c4   0x080009c4   0x00000012   Code   RO           54    .text.ADC_DMA_Transfer_Enable  n32g430_adc.o
    0x080009d6   0x080009d6   0x00000002   PAD
    0x080009d8   0x080009d8   0x00000020   Code   RO           42    .text.ADC_Data_Alignment_Config  n32g430_adc.o
    0x080009f8   0x080009f8   0x00000082   Code   RO           74    .text.ADC_External_Trigger_Conversion_Config  n32g430_adc.o
    0x08000a7a   0x08000a7a   0x00000002   PAD
    0x08000a7c   0x08000a7c   0x00000068   Code   RO          110    .text.ADC_Flag_Status_Get  n32g430_adc.o
    0x08000ae4   0x08000ae4   0x000000f6   Code   RO         1270    .text.ADC_Init      sadc.o
    0x08000bda   0x08000bda   0x00000002   PAD
    0x08000bdc   0x08000bdc   0x0000004a   Code   RO           46    .text.ADC_Initializes  n32g430_adc.o
    0x08000c26   0x08000c26   0x00000002   PAD
    0x08000c28   0x08000c28   0x0000001e   Code   RO           48    .text.ADC_Initializes_Structure  n32g430_adc.o
    0x08000c46   0x08000c46   0x00000002   PAD
    0x08000c48   0x08000c48   0x00000012   Code   RO           34    .text.ADC_Multichannels_Disable  n32g430_adc.o
    0x08000c5a   0x08000c5a   0x00000002   PAD
    0x08000c5c   0x08000c5c   0x00000012   Code   RO           32    .text.ADC_Multichannels_Enable  n32g430_adc.o
    0x08000c6e   0x08000c6e   0x00000002   PAD
    0x08000c70   0x08000c70   0x00000012   Code   RO           50    .text.ADC_ON        n32g430_adc.o
    0x08000c82   0x08000c82   0x00000002   PAD
    0x08000c84   0x08000c84   0x00000012   Code   RO          126    .text.ADC_PLL_Clock_Mode_Config  n32g430_adc.o
    0x08000c96   0x08000c96   0x00000002   PAD
    0x08000c98   0x08000c98   0x00000020   Code   RO           44    .text.ADC_Regular_Channels_Number_Config  n32g430_adc.o
    0x08000cb8   0x08000cb8   0x0000007e   Code   RO           64    .text.ADC_Regular_Channels_Software_Conversion_Operation  n32g430_adc.o
    0x08000d36   0x08000d36   0x00000002   PAD
    0x08000d38   0x08000d38   0x00000020   Code   RO           40    .text.ADC_Regular_Group_External_Trigger_Source_Config  n32g430_adc.o
    0x08000d58   0x08000d58   0x000000cc   Code   RO           72    .text.ADC_Regular_Sequence_Conversion_Number_Config  n32g430_adc.o
    0x08000e24   0x08000e24   0x00000098   Code   RO         1485    .text.AppState_Goto  app.o
    0x08000ebc   0x08000ebc   0x0000001e   Code   RO         1481    .text.App_Init      app.o
    0x08000eda   0x08000eda   0x00000002   PAD
    0x08000edc   0x08000edc   0x00000094   Code   RO         1483    .text.App_Task      app.o
    0x08000f70   0x08000f70   0x00000068   Code   RO         1375    .text.Base_Inflow_Info_Update  monitor.o
    0x08000fd8   0x08000fd8   0x00000068   Code   RO         1377    .text.Base_NTC_Info_Update  monitor.o
    0x08001040   0x08001040   0x00000078   Code   RO         1373    .text.Brush_Fan_Info_Update  monitor.o
    0x080010b8   0x080010b8   0x00000012   Code   RO         1465    .text.Brush_Fan_OFF  brush_fan.o
    0x080010ca   0x080010ca   0x00000002   PAD
    0x080010cc   0x080010cc   0x00000012   Code   RO         1463    .text.Brush_Fan_ON  brush_fan.o
    0x080010de   0x080010de   0x00000002   PAD
    0x080010e0   0x080010e0   0x00000014   Code   RO         1467    .text.Brush_Fan_Start  brush_fan.o
    0x080010f4   0x080010f4   0x00000014   Code   RO         1469    .text.Brush_Fan_Stop  brush_fan.o
    0x08001108   0x08001108   0x00000014   Code   RO         1449    .text.Brush_Heater_Close  brush_heater.o
    0x0800111c   0x0800111c   0x00000014   Code   RO         1445    .text.Brush_Heater_Open  brush_heater.o
    0x08001130   0x08001130   0x00000026   Code   RO         1443    .text.Brush_Heater_Start  brush_heater.o
    0x08001156   0x08001156   0x00000002   PAD
    0x08001158   0x08001158   0x00000014   Code   RO         1447    .text.Brush_Heater_Stop  brush_heater.o
    0x0800116c   0x0800116c   0x0000004e   Code   RO         1451    .text.Brush_Heater_Task  brush_heater.o
    0x080011ba   0x080011ba   0x00000002   PAD
    0x080011bc   0x080011bc   0x000000a2   Code   RO         1231    .text.Bsp_DMA_Init  dma.o
    0x0800125e   0x0800125e   0x00000002   PAD
    0x08001260   0x08001260   0x00000020   Code   RO         1217    .text.Bsp_Init      bsp.o
    0x08001280   0x08001280   0x00000008   Code   RO         1219    .text.Bsp_Start     bsp.o
    0x08001288   0x08001288   0x00000002   Code   RO         1221    .text.Bsp_Task      bsp.o
    0x0800128a   0x0800128a   0x00000002   PAD
    0x0800128c   0x0800128c   0x00000004   Code   RO          960    .text.BusFault_Handler  n32g430_it.o
    0x08001290   0x08001290   0x00000040   Code   RO          988    .text.CRC8_Calc     crc8.o
    0x080012d0   0x080012d0   0x00000034   Code   RO         1255    .text.Cal_General_TIM_CLock  mcu.o
    0x08001304   0x08001304   0x00000030   Code   RO         1496    .text.Comm_Connect_Event  app_event.o
    0x08001334   0x08001334   0x00000040   Code   RO         1498    .text.Comm_Disconnect_Event  app_event.o
    0x08001374   0x08001374   0x00000022   Code   RO          986    .text.Crc8_Byte     crc8.o
    0x08001396   0x08001396   0x00000002   PAD
    0x08001398   0x08001398   0x00000010   Code   RO          172    .text.DMA_Buffer_Size_Config  n32g430_dma.o
    0x080013a8   0x080013a8   0x00000178   Code   RO         1233    .text.DMA_Channel1_IRQHandler  dma.o
    0x08001520   0x08001520   0x00000012   Code   RO          190    .text.DMA_Channel_Enable  n32g430_dma.o
    0x08001532   0x08001532   0x00000002   PAD
    0x08001534   0x08001534   0x00000010   Code   RO          210    .text.DMA_Channel_Request_Remap  n32g430_dma.o
    0x08001544   0x08001544   0x0000001e   Code   RO          182    .text.DMA_Circular_Mode_Config  n32g430_dma.o
    0x08001562   0x08001562   0x00000002   PAD
    0x08001564   0x08001564   0x0000001e   Code   RO          170    .text.DMA_Destination_Config  n32g430_dma.o
    0x08001582   0x08001582   0x00000002   PAD
    0x08001584   0x08001584   0x00000010   Code   RO          204    .text.DMA_Flag_Status_Clear  n32g430_dma.o
    0x08001594   0x08001594   0x0000002a   Code   RO          202    .text.DMA_Flag_Status_Get  n32g430_dma.o
    0x080015be   0x080015be   0x00000002   PAD
    0x080015c0   0x080015c0   0x0000007a   Code   RO          164    .text.DMA_Initializes  n32g430_dma.o
    0x0800163a   0x0800163a   0x00000002   PAD
    0x0800163c   0x0800163c   0x00000014   Code   RO          194    .text.DMA_Interrupts_Enable  n32g430_dma.o
    0x08001650   0x08001650   0x0000001e   Code   RO          186    .text.DMA_Memory_2_Memory_Config  n32g430_dma.o
    0x0800166e   0x0800166e   0x00000002   PAD
    0x08001670   0x08001670   0x0000001e   Code   RO          176    .text.DMA_Memory_Addr_Increment_Config  n32g430_dma.o
    0x0800168e   0x0800168e   0x00000002   PAD
    0x08001690   0x08001690   0x00000010   Code   RO          168    .text.DMA_Memory_Address_Config  n32g430_dma.o
    0x080016a0   0x080016a0   0x0000001e   Code   RO          180    .text.DMA_Memory_Data_Width_Config  n32g430_dma.o
    0x080016be   0x080016be   0x00000002   PAD
    0x080016c0   0x080016c0   0x0000001e   Code   RO          174    .text.DMA_Peripheral_Addr_Increment_Config  n32g430_dma.o
    0x080016de   0x080016de   0x00000002   PAD
    0x080016e0   0x080016e0   0x00000010   Code   RO          166    .text.DMA_Peripheral_Address_Config  n32g430_dma.o
    0x080016f0   0x080016f0   0x0000001e   Code   RO          178    .text.DMA_Peripheral_Data_Width_Config  n32g430_dma.o
    0x0800170e   0x0800170e   0x00000002   PAD
    0x08001710   0x08001710   0x0000001e   Code   RO          184    .text.DMA_Priority_Config  n32g430_dma.o
    0x0800172e   0x0800172e   0x00000002   PAD
    0x08001730   0x08001730   0x00000122   Code   RO          162    .text.DMA_Reset     n32g430_dma.o
    0x08001852   0x08001852   0x00000002   PAD
    0x08001854   0x08001854   0x00000002   Code   RO          966    .text.DebugMon_Handler  n32g430_it.o
    0x08001856   0x08001856   0x00000002   PAD
    0x08001858   0x08001858   0x00000036   Code   RO         1581    .text.Debug_Printf  n32g43x_platform.o
    0x0800188e   0x0800188e   0x00000002   PAD
    0x08001890   0x08001890   0x00000008   Code   RO         1356    .text.Drv_Init      drv.o
    0x08001898   0x08001898   0x0000000c   Code   RO         1362    .text.Drv_Stop_All  drv.o
    0x080018a4   0x080018a4   0x00000010   Code   RO         1358    .text.Drv_Task      drv.o
    0x080018b4   0x080018b4   0x00000088   Code   RO          233    .text.GPIO_Alternate_Set  n32g430_gpio.o
    0x0800193c   0x0800193c   0x0000003c   Code   RO          241    .text.GPIO_Driver_Set  n32g430_gpio.o
    0x08001978   0x08001978   0x00000094   Code   RO          235    .text.GPIO_Mode_Set  n32g430_gpio.o
    0x08001a0c   0x08001a0c   0x0000007a   Code   RO          243    .text.GPIO_Peripheral_Initialize  n32g430_gpio.o
    0x08001a86   0x08001a86   0x00000002   PAD
    0x08001a88   0x08001a88   0x00000014   Code   RO          259    .text.GPIO_Pins_Reset  n32g430_gpio.o
    0x08001a9c   0x08001a9c   0x00000014   Code   RO          257    .text.GPIO_Pins_Set  n32g430_gpio.o
    0x08001ab0   0x08001ab0   0x0000003c   Code   RO          237    .text.GPIO_Pull_Set  n32g430_gpio.o
    0x08001aec   0x08001aec   0x00000038   Code   RO          239    .text.GPIO_SlewRate_Set  n32g430_gpio.o
    0x08001b24   0x08001b24   0x00000028   Code   RO          247    .text.GPIO_Structure_Initialize  n32g430_gpio.o
    0x08001b4c   0x08001b4c   0x0000000a   Code   RO         1500    .text.Goto_Standby_Event  app_event.o
    0x08001b56   0x08001b56   0x00000002   PAD
    0x08001b58   0x08001b58   0x000000b8   Code   RO         1414    .text.HeatBase_Rx_Frame_Analyze  iap_rx.o
    0x08001c10   0x08001c10   0x00000042   Code   RO         1244    .text.IO_Init       io.o
    0x08001c52   0x08001c52   0x00000002   PAD
    0x08001c54   0x08001c54   0x000000a4   Code   RO         1410    .text.IapHeatBase_Rx_Frame_Analyze  iap_rx.o
    0x08001cf8   0x08001cf8   0x0000000e   Code   RO         1518    .text.IapTester_Start  iaptester.o
    0x08001d06   0x08001d06   0x00000002   PAD
    0x08001d08   0x08001d08   0x00000002   Code   RO         1520    .text.IapTester_Stop  iaptester.o
    0x08001d0a   0x08001d0a   0x00000002   PAD
    0x08001d0c   0x08001d0c   0x00000002   Code   RO         1522    .text.IapTester_Task  iaptester.o
    0x08001d0e   0x08001d0e   0x00000002   PAD
    0x08001d10   0x08001d10   0x00000040   Code   RO         1426    .text.Iap_Copy_Data  iap_tx.o
    0x08001d50   0x08001d50   0x0000000e   Code   RO         1504    .text.Iap_GotoHalt_Event  app_event.o
    0x08001d5e   0x08001d5e   0x00000002   PAD
    0x08001d60   0x08001d60   0x00000002   Code   RO         1508    .text.Iap_GotoMcuUpdata_Event  app_event.o
    0x08001d62   0x08001d62   0x00000002   PAD
    0x08001d64   0x08001d64   0x0000000e   Code   RO         1506    .text.Iap_GotoTester_Event  app_event.o
    0x08001d72   0x08001d72   0x00000002   PAD
    0x08001d74   0x08001d74   0x0000000e   Code   RO         1502    .text.Iap_GotoUser_Event  app_event.o
    0x08001d82   0x08001d82   0x00000002   PAD
    0x08001d84   0x08001d84   0x00000002   Code   RO         1392    .text.Iap_Init      iap.o
    0x08001d86   0x08001d86   0x00000002   PAD
    0x08001d88   0x08001d88   0x00000014   Code   RO         1304    .text.Iap_PrintArray  uart.o
    0x08001d9c   0x08001d9c   0x000000d0   Code   RO         1424    .text.Iap_PrintFrame  iap_tx.o
    0x08001e6c   0x08001e6c   0x0000015c   Code   RO         1408    .text.Iap_Rx_Byte_Analyze  iap_rx.o
    0x08001fc8   0x08001fc8   0x0000000e   Code   RO         1406    .text.Iap_Rx_Clear  iap_rx.o
    0x08001fd6   0x08001fd6   0x00000002   PAD
    0x08001fd8   0x08001fd8   0x00000196   Code   RO         1412    .text.Iap_Rx_Frame_Analyze  iap_rx.o
    0x0800216e   0x0800216e   0x00000002   PAD
    0x08002170   0x08002170   0x000000d2   Code   RO         1396    .text.Iap_Task      iap.o
    0x08002242   0x08002242   0x00000002   PAD
    0x08002244   0x08002244   0x00000064   Code   RO         1430    .text.Iap_Tx_Request  iap_tx.o
    0x080022a8   0x080022a8   0x00000144   Code   RO         1428    .text.Iap_Tx_Respond  iap_tx.o
    0x080023ec   0x080023ec   0x0000007e   Code   RO         1579    .text.Log_Init      n32g43x_platform.o
    0x0800246a   0x0800246a   0x00000002   PAD
    0x0800246c   0x0800246c   0x00000008   Code   RO         1257    .text.Mcu_Init      mcu.o
    0x08002474   0x08002474   0x00000004   Code   RO          958    .text.MemManage_Handler  n32g430_it.o
    0x08002478   0x08002478   0x00000022   Code   RO         1381    .text.Monitor_Task  monitor.o
    0x0800249a   0x0800249a   0x00000002   PAD
    0x0800249c   0x0800249c   0x0000002a   Code   RO         1542    .text.Mop_Error     mop.o
    0x080024c6   0x080024c6   0x00000002   PAD
    0x080024c8   0x080024c8   0x00000048   Code   RO         1538    .text.Mop_Shut      mop.o
    0x08002510   0x08002510   0x00000016   Code   RO         1536    .text.Mop_Start     mop.o
    0x08002526   0x08002526   0x00000002   PAD
    0x08002528   0x08002528   0x00000008   Code   RO         1534    .text.Mop_Step_Off  mop.o
    0x08002530   0x08002530   0x0000000c   Code   RO         1532    .text.Mop_Step_Shut  mop.o
    0x0800253c   0x0800253c   0x00000024   Code   RO         1540    .text.Mop_Stop      mop.o
    0x08002560   0x08002560   0x000000ce   Code   RO         1544    .text.Mop_Task      mop.o
    0x0800262e   0x0800262e   0x00000002   PAD
    0x08002630   0x08002630   0x00000002   Code   RO          956    .text.NMI_Handler   n32g430_it.o
    0x08002632   0x08002632   0x00000002   PAD
    0x08002634   0x08002634   0x0000000e   Code   RO         2021    .text.NVIC_Configuration  board.o
    0x08002642   0x08002642   0x00000002   PAD
    0x08002644   0x08002644   0x000000aa   Code   RO          899    .text.NVIC_Initializes  misc.o
    0x080026ee   0x080026ee   0x00000002   PAD
    0x080026f0   0x080026f0   0x00000024   Code   RO          901    .text.NVIC_Vector_Table_Set  misc.o
    0x08002714   0x08002714   0x000000aa   Code   RO           11    .text.PLL_TrimValueLoad  system_n32g430.o
    0x080027be   0x080027be   0x00000002   PAD
    0x080027c0   0x080027c0   0x0000003e   Code   RO          369    .text.RCC_ADC_1M_Clock_Config  n32g430_rcc.o
    0x080027fe   0x080027fe   0x00000002   PAD
    0x08002800   0x08002800   0x0000002c   Code   RO          375    .text.RCC_ADC_Hclk_Config  n32g430_rcc.o
    0x0800282c   0x0800282c   0x00000012   Code   RO          377    .text.RCC_ADC_Hclk_Enable  n32g430_rcc.o
    0x0800283e   0x0800283e   0x00000002   PAD
    0x08002840   0x08002840   0x00000012   Code   RO          373    .text.RCC_ADC_PLL_Clock_Disable  n32g430_rcc.o
    0x08002852   0x08002852   0x00000002   PAD
    0x08002854   0x08002854   0x0000002c   Code   RO          371    .text.RCC_ADC_PLL_Clock_Prescaler_Enable  n32g430_rcc.o
    0x08002880   0x08002880   0x00000018   Code   RO          415    .text.RCC_AHB_Peripheral_Clock_Enable  n32g430_rcc.o
    0x08002898   0x08002898   0x00000018   Code   RO          385    .text.RCC_APB1_Peripheral_Clock_Enable  n32g430_rcc.o
    0x080028b0   0x080028b0   0x00000018   Code   RO          419    .text.RCC_APB2_Peripheral_Clock_Enable  n32g430_rcc.o
    0x080028c8   0x080028c8   0x000001ce   Code   RO          331    .text.RCC_Clocks_Frequencies_Value_Get  n32g430_rcc.o
    0x08002a96   0x08002a96   0x00000002   PAD
    0x08002a98   0x08002a98   0x00000028   Code   RO         1253    .text.RCC_Configuration  mcu.o
    0x08002ac0   0x08002ac0   0x00000008   Code   RO         1173    .text.SEGGER_RTT_Init  segger_rtt.o
    0x08002ac8   0x08002ac8   0x0000004c   Code   RO         1137    .text.SEGGER_RTT_Write  segger_rtt.o
    0x08002b14   0x08002b14   0x000000b0   Code   RO         1133    .text.SEGGER_RTT_WriteNoLock  segger_rtt.o
    0x08002bc4   0x08002bc4   0x0000002a   Code   RO         1207    .text.SEGGER_RTT_printf  segger_rtt_printf.o
    0x08002bee   0x08002bee   0x00000002   PAD
    0x08002bf0   0x08002bf0   0x0000033c   Code   RO         1199    .text.SEGGER_RTT_vprintf  segger_rtt_printf.o
    0x08002f2c   0x08002f2c   0x00000002   Code   RO          964    .text.SVC_Handler   n32g430_it.o
    0x08002f2e   0x08002f2e   0x00000002   PAD
    0x08002f30   0x08002f30   0x00000052   Code   RO         2027    .text.SysTick_Config  board.o
    0x08002f82   0x08002f82   0x00000002   PAD
    0x08002f84   0x08002f84   0x00000010   Code   RO         2023    .text.SysTick_Handler  board.o
    0x08002f94   0x08002f94   0x00000168   Code   RO           15    .text.System_Clock_Set  system_n32g430.o
    0x080030fc   0x080030fc   0x000000ce   Code   RO           13    .text.System_Initializes  system_n32g430.o
    0x080031ca   0x080031ca   0x00000002   PAD
    0x080031cc   0x080031cc   0x00000054   Code   RO         1280    .text.TIM2_Init     tim2.o
    0x08003220   0x08003220   0x0000006e   Code   RO         1293    .text.TIM4_Init     tim4.o
    0x0800328e   0x0800328e   0x00000002   PAD
    0x08003290   0x08003290   0x00000010   Code   RO         1295    .text.TIM4_Start    tim4.o
    0x080032a0   0x080032a0   0x00000012   Code   RO          517    .text.TIM_Auto_Reload_Preload_Enable  n32g430_tim.o
    0x080032b2   0x080032b2   0x00000002   PAD
    0x080032b4   0x080032b4   0x00000014   Code   RO          463    .text.TIM_Base_Auto_Reload_Set  n32g430_tim.o
    0x080032c8   0x080032c8   0x0000002e   Code   RO          471    .text.TIM_Base_Channel1  n32g430_tim.o
    0x080032f6   0x080032f6   0x00000002   PAD
    0x080032f8   0x080032f8   0x0000002e   Code   RO          473    .text.TIM_Base_Channel2  n32g430_tim.o
    0x08003326   0x08003326   0x00000002   PAD
    0x08003328   0x08003328   0x0000002e   Code   RO          475    .text.TIM_Base_Channel3  n32g430_tim.o
    0x08003356   0x08003356   0x00000002   PAD
    0x08003358   0x08003358   0x0000002e   Code   RO          477    .text.TIM_Base_Channel4  n32g430_tim.o
    0x08003386   0x08003386   0x00000002   PAD
    0x08003388   0x08003388   0x0000002a   Code   RO          455    .text.TIM_Base_Count_Mode_Set  n32g430_tim.o
    0x080033b2   0x080033b2   0x00000002   PAD
    0x080033b4   0x080033b4   0x00000134   Code   RO          481    .text.TIM_Base_Initialize  n32g430_tim.o
    0x080034e8   0x080034e8   0x0000002e   Code   RO          479    .text.TIM_Base_OCrefClear  n32g430_tim.o
    0x08003516   0x08003516   0x00000002   PAD
    0x08003518   0x08003518   0x00000014   Code   RO          465    .text.TIM_Base_Prescaler_Set  n32g430_tim.o
    0x0800352c   0x0800352c   0x00000014   Code   RO          467    .text.TIM_Base_Reload_Mode_Set  n32g430_tim.o
    0x08003540   0x08003540   0x00000014   Code   RO          469    .text.TIM_Base_Repeat_Count_Set  n32g430_tim.o
    0x08003554   0x08003554   0x0000001e   Code   RO          659    .text.TIM_Capture_Compare_Ch_Disable  n32g430_tim.o
    0x08003572   0x08003572   0x00000002   PAD
    0x08003574   0x08003574   0x0000001e   Code   RO          657    .text.TIM_Capture_Compare_Ch_Enable  n32g430_tim.o
    0x08003592   0x08003592   0x00000002   PAD
    0x08003594   0x08003594   0x0000001e   Code   RO          663    .text.TIM_Capture_Compare_Ch_N_Disable  n32g430_tim.o
    0x080035b2   0x080035b2   0x00000002   PAD
    0x080035b4   0x080035b4   0x0000001e   Code   RO          661    .text.TIM_Capture_Compare_Ch_N_Enable  n32g430_tim.o
    0x080035d2   0x080035d2   0x00000002   PAD
    0x080035d4   0x080035d4   0x00000022   Code   RO          483    .text.TIM_Clock_Division_Set  n32g430_tim.o
    0x080035f6   0x080035f6   0x00000002   PAD
    0x080035f8   0x080035f8   0x00000012   Code   RO          495    .text.TIM_On        n32g430_tim.o
    0x0800360a   0x0800360a   0x00000002   PAD
    0x0800360c   0x0800360c   0x0000011e   Code   RO          711    .text.TIM_Output_Channel4_Initialize  n32g430_tim.o
    0x0800372a   0x0800372a   0x00000002   PAD
    0x0800372c   0x0800372c   0x0000003e   Code   RO          505    .text.TIM_Output_Channel4_Preload_Set  n32g430_tim.o
    0x0800376a   0x0800376a   0x00000002   PAD
    0x0800376c   0x0800376c   0x0000003a   Code   RO          655    .text.TIM_Output_Channel_N_Polarity_Set  n32g430_tim.o
    0x080037a6   0x080037a6   0x00000002   PAD
    0x080037a8   0x080037a8   0x0000003a   Code   RO          653    .text.TIM_Output_Channel_Polarity_Set  n32g430_tim.o
    0x080037e2   0x080037e2   0x00000002   PAD
    0x080037e4   0x080037e4   0x0000001c   Code   RO         1040    .text.U32_Add_One   number.o
    0x08003800   0x08003800   0x00000042   Code   RO         1317    .text.USART1_GPIO_Configuration  usart1.o
    0x08003842   0x08003842   0x00000002   PAD
    0x08003844   0x08003844   0x00000092   Code   RO         1326    .text.USART1_IRQHandler  usart1_rx.o
    0x080038d6   0x080038d6   0x00000002   PAD
    0x080038d8   0x080038d8   0x00000086   Code   RO         1315    .text.USART1_Init   usart1.o
    0x0800395e   0x0800395e   0x00000002   PAD
    0x08003960   0x08003960   0x00000030   Code   RO         1340    .text.USART1_PrintArray  usart1_tx.o
    0x08003990   0x08003990   0x00000032   Code   RO         1338    .text.USART1_Printc  usart1_tx.o
    0x080039c2   0x080039c2   0x00000002   PAD
    0x080039c4   0x080039c4   0x00000014   Code   RO         1306    .text.USART1_Rx_Byte_Isr  uart.o
    0x080039d8   0x080039d8   0x000000b0   Code   RO          802    .text.USART_Baud_Rate_Config  n32g430_usart.o
    0x08003a88   0x08003a88   0x00000018   Code   RO          836    .text.USART_DMA_Transfer_Enable  n32g430_usart.o
    0x08003aa0   0x08003aa0   0x00000010   Code   RO          856    .text.USART_Data_Receive  n32g430_usart.o
    0x08003ab0   0x08003ab0   0x00000018   Code   RO          854    .text.USART_Data_Send  n32g430_usart.o
    0x08003ac8   0x08003ac8   0x00000012   Code   RO          828    .text.USART_Enable  n32g430_usart.o
    0x08003ada   0x08003ada   0x00000002   PAD
    0x08003adc   0x08003adc   0x00000030   Code   RO          882    .text.USART_Flag_Status_Get  n32g430_usart.o
    0x08003b0c   0x08003b0c   0x0000002e   Code   RO          812    .text.USART_Hardware_Flow_Control_Config  n32g430_usart.o
    0x08003b3a   0x08003b3a   0x00000002   PAD
    0x08003b3c   0x08003b3c   0x00000048   Code   RO          800    .text.USART_Initializes  n32g430_usart.o
    0x08003b84   0x08003b84   0x00000068   Code   RO          832    .text.USART_Interrput_Enable  n32g430_usart.o
    0x08003bec   0x08003bec   0x00000034   Code   RO          888    .text.USART_Interrupt_Status_Clear  n32g430_usart.o
    0x08003c20   0x08003c20   0x0000009c   Code   RO          886    .text.USART_Interrupt_Status_Get  n32g430_usart.o
    0x08003cbc   0x08003cbc   0x0000002e   Code   RO          810    .text.USART_Mode_Config  n32g430_usart.o
    0x08003cea   0x08003cea   0x00000002   PAD
    0x08003cec   0x08003cec   0x0000002e   Code   RO          808    .text.USART_Parity_Config  n32g430_usart.o
    0x08003d1a   0x08003d1a   0x00000002   PAD
    0x08003d1c   0x08003d1c   0x0000002e   Code   RO          806    .text.USART_Stop_Bits_Config  n32g430_usart.o
    0x08003d4a   0x08003d4a   0x00000002   PAD
    0x08003d4c   0x08003d4c   0x00000028   Code   RO          814    .text.USART_Structure_Initializes  n32g430_usart.o
    0x08003d74   0x08003d74   0x0000002e   Code   RO          804    .text.USART_Word_Length_Config  n32g430_usart.o
    0x08003da2   0x08003da2   0x00000002   PAD
    0x08003da4   0x08003da4   0x00000004   Code   RO          962    .text.UsageFault_Handler  n32g430_it.o
    0x08003da8   0x08003da8   0x00000152   Code   RO         1568    .text.UserMain      usermain.o
    0x08003efa   0x08003efa   0x00000002   PAD
    0x08003efc   0x08003efc   0x000000a4   Code   RO         1115    .text._DoInit       segger_rtt.o
    0x08003fa0   0x08003fa0   0x0000003e   Code   RO         1127    .text._GetAvailWriteSpace  segger_rtt.o
    0x08003fde   0x08003fde   0x00000002   PAD
    0x08003fe0   0x08003fe0   0x000001cc   Code   RO         1203    .text._PrintInt     segger_rtt_printf.o
    0x080041ac   0x080041ac   0x000001ac   Code   RO         1205    .text._PrintUnsigned  segger_rtt_printf.o
    0x08004358   0x08004358   0x00000076   Code   RO         1201    .text._StoreChar    segger_rtt_printf.o
    0x080043ce   0x080043ce   0x00000002   PAD
    0x080043d0   0x080043d0   0x000000e4   Code   RO         1131    .text._WriteBlocking  segger_rtt.o
    0x080044b4   0x080044b4   0x0000008c   Code   RO         1129    .text._WriteNoCheck  segger_rtt.o
    0x08004540   0x08004540   0x00000042   Code   RO         2029    .text.__NVIC_SetPriority  board.o
    0x08004582   0x08004582   0x00000002   PAD
    0x08004584   0x08004584   0x0000007e   Code   RO         1806    .text.__rt_ffs      kservice.o
    0x08004602   0x08004602   0x00000002   PAD
    0x08004604   0x08004604   0x0000001c   Code   RO         1671    .text._has_defunct_thread  idle.o
    0x08004620   0x08004620   0x000000c4   Code   RO         1931    .text._rt_thread_init  thread.o
    0x080046e4   0x080046e4   0x00000068   Code   RO         1978    .text._rt_timer_init  timer.o
    0x0800474c   0x0800474c   0x00000030   Code   RO         1982    .text._rt_timer_remove  timer.o
    0x0800477c   0x0800477c   0x00000026   Code   RO         1925    .text._thread_cleanup_execute  thread.o
    0x080047a2   0x080047a2   0x00000002   PAD
    0x080047a4   0x080047a4   0x00000052   Code   RO         1808    .text.divide        kservice.o
    0x080047f6   0x080047f6   0x00000002   PAD
    0x080047f8   0x080047f8   0x000000ee   Code   RO         1371    .text.getVoterResult  monitor.o
    0x080048e6   0x080048e6   0x00000002   PAD
    0x080048e8   0x080048e8   0x00000034   Code   RO         1242    .text.gpio_init     io.o
    0x0800491c   0x0800491c   0x0000000a   Code   RO          947    .text.main          main.o
    0x08004926   0x08004926   0x00000002   PAD
    0x08004928   0x08004928   0x00000012   Code   RO         1653    .text.main_thread_entry  components.o
    0x0800493a   0x0800493a   0x00000002   PAD
    0x0800493c   0x0800493c   0x00000042   Code   RO         1583    .text.platform_log  n32g43x_platform.o
    0x0800497e   0x0800497e   0x00000002   PAD
    0x08004980   0x08004980   0x000000e2   Code   RO         1830    .text.plug_holes    mem.o
    0x08004a62   0x08004a62   0x00000002   PAD
    0x08004a64   0x08004a64   0x00000264   Code   RO         1794    .text.print_number  kservice.o
    0x08004cc8   0x08004cc8   0x00000034   Code   RO         1655    .text.rt_application_init  components.o
    0x08004cfc   0x08004cfc   0x00000034   Code   RO         1645    .text.rt_components_board_init  components.o
    0x08004d30   0x08004d30   0x00000034   Code   RO         1647    .text.rt_components_init  components.o
    0x08004d64   0x08004d64   0x00000022   Code   RO         1904    .text.rt_enter_critical  scheduler.o
    0x08004d86   0x08004d86   0x00000002   PAD
    0x08004d88   0x08004d88   0x00000056   Code   RO         1906    .text.rt_exit_critical  scheduler.o
    0x08004dde   0x08004dde   0x00000002   PAD
    0x08004de0   0x08004de0   0x000000c6   Code   RO         1828    .text.rt_free       mem.o
    0x08004ea6   0x08004ea6   0x00000002   PAD
    0x08004ea8   0x08004ea8   0x00000038   Code   RO         2025    .text.rt_hw_board_init  board.o
    0x08004ee0   0x08004ee0   0x00000022   Code   RO         1103    .text.rt_hw_console_output  rtt_finsh.o
    0x08004f02   0x08004f02   0x00000002   PAD
    0x08004f04   0x08004f04   0x0000005e   Code   RO         1602    .text.rt_hw_hard_fault_exception  cpuport.o
    0x08004f62   0x08004f62   0x00000002   PAD
    0x08004f64   0x08004f64   0x00000080   Code   RO         1598    .text.rt_hw_stack_init  cpuport.o
    0x08004fe4   0x08004fe4   0x00000022   Code   RO         1744    .text.rt_interrupt_enter  irq.o
    0x08005006   0x08005006   0x00000002   PAD
    0x08005008   0x08005008   0x00000022   Code   RO         1746    .text.rt_interrupt_leave  irq.o
    0x0800502a   0x0800502a   0x00000002   PAD
    0x0800502c   0x0800502c   0x0000001a   Code   RO         1713    .text.rt_ipc_list_resume  ipc.o
    0x08005046   0x08005046   0x00000002   PAD
    0x08005048   0x08005048   0x00000094   Code   RO         1705    .text.rt_ipc_list_suspend  ipc.o
    0x080050dc   0x080050dc   0x00000014   Code   RO         1693    .text.rt_ipc_object_init  ipc.o
    0x080050f0   0x080050f0   0x00000010   Code   RO         1719    .text.rt_list_init  ipc.o
    0x08005100   0x08005100   0x00000010   Code   RO         1888    .text.rt_list_init  scheduler.o
    0x08005110   0x08005110   0x00000010   Code   RO         1967    .text.rt_list_init  thread.o
    0x08005120   0x08005120   0x00000010   Code   RO         1998    .text.rt_list_init  timer.o
    0x08005130   0x08005130   0x00000026   Code   RO         1862    .text.rt_list_insert_after  object.o
    0x08005156   0x08005156   0x00000002   PAD
    0x08005158   0x08005158   0x00000026   Code   RO         1927    .text.rt_list_insert_after  thread.o
    0x0800517e   0x0800517e   0x00000002   PAD
    0x08005180   0x08005180   0x00000026   Code   RO         1990    .text.rt_list_insert_after  timer.o
    0x080051a6   0x080051a6   0x00000002   PAD
    0x080051a8   0x080051a8   0x00000026   Code   RO         1735    .text.rt_list_insert_before  ipc.o
    0x080051ce   0x080051ce   0x00000002   PAD
    0x080051d0   0x080051d0   0x00000026   Code   RO         1896    .text.rt_list_insert_before  scheduler.o
    0x080051f6   0x080051f6   0x00000002   PAD
    0x080051f8   0x080051f8   0x00000026   Code   RO         1949    .text.rt_list_insert_before  thread.o
    0x0800521e   0x0800521e   0x00000002   PAD
    0x08005220   0x08005220   0x00000014   Code   RO         1711    .text.rt_list_isempty  ipc.o
    0x08005234   0x08005234   0x00000014   Code   RO         1902    .text.rt_list_isempty  scheduler.o
    0x08005248   0x08005248   0x00000014   Code   RO         2000    .text.rt_list_isempty  timer.o
    0x0800525c   0x0800525c   0x00000020   Code   RO         1673    .text.rt_list_remove  idle.o
    0x0800527c   0x0800527c   0x00000020   Code   RO         1866    .text.rt_list_remove  object.o
    0x0800529c   0x0800529c   0x00000020   Code   RO         1900    .text.rt_list_remove  scheduler.o
    0x080052bc   0x080052bc   0x00000020   Code   RO         1947    .text.rt_list_remove  thread.o
    0x080052dc   0x080052dc   0x00000020   Code   RO         2002    .text.rt_list_remove  timer.o
    0x080052fc   0x080052fc   0x0000028a   Code   RO         1824    .text.rt_malloc     mem.o
    0x08005586   0x08005586   0x00000002   PAD
    0x08005588   0x08005588   0x0000007a   Code   RO         1723    .text.rt_mb_create  ipc.o
    0x08005602   0x08005602   0x00000002   PAD
    0x08005604   0x08005604   0x00000154   Code   RO         1731    .text.rt_mb_recv    ipc.o
    0x08005758   0x08005758   0x00000016   Code   RO         1729    .text.rt_mb_send    ipc.o
    0x0800576e   0x0800576e   0x00000002   PAD
    0x08005770   0x08005770   0x00000166   Code   RO         1727    .text.rt_mb_send_wait  ipc.o
    0x080058d6   0x080058d6   0x00000002   PAD
    0x080058d8   0x080058d8   0x000000b2   Code   RO         1764    .text.rt_memset     kservice.o
    0x0800598a   0x0800598a   0x00000002   PAD
    0x0800598c   0x0800598c   0x00000074   Code   RO         1868    .text.rt_object_allocate  object.o
    0x08005a00   0x08005a00   0x0000002a   Code   RO         1870    .text.rt_object_delete  object.o
    0x08005a2a   0x08005a2a   0x00000002   PAD
    0x08005a2c   0x08005a2c   0x00000024   Code   RO         1864    .text.rt_object_detach  object.o
    0x08005a50   0x08005a50   0x00000054   Code   RO         1854    .text.rt_object_get_information  object.o
    0x08005aa4   0x08005aa4   0x00000080   Code   RO         1860    .text.rt_object_init  object.o
    0x08005b24   0x08005b24   0x00000022   Code   RO         1872    .text.rt_object_is_systemobject  object.o
    0x08005b46   0x08005b46   0x00000002   PAD
    0x08005b48   0x08005b48   0x000000ae   Code   RO         1892    .text.rt_schedule   scheduler.o
    0x08005bf6   0x08005bf6   0x00000002   PAD
    0x08005bf8   0x08005bf8   0x00000050   Code   RO         1894    .text.rt_schedule_insert_thread  scheduler.o
    0x08005c48   0x08005c48   0x0000004c   Code   RO         1898    .text.rt_schedule_remove_thread  scheduler.o
    0x08005c94   0x08005c94   0x00000042   Code   RO         1699    .text.rt_sem_create  ipc.o
    0x08005cd6   0x08005cd6   0x00000002   PAD
    0x08005cd8   0x08005cd8   0x00000032   Code   RO         1691    .text.rt_sem_init   ipc.o
    0x08005d0a   0x08005d0a   0x00000002   PAD
    0x08005d0c   0x08005d0c   0x00000072   Code   RO         1709    .text.rt_sem_release  ipc.o
    0x08005d7e   0x08005d7e   0x00000002   PAD
    0x08005d80   0x08005d80   0x0000009e   Code   RO         1703    .text.rt_sem_take   ipc.o
    0x08005e1e   0x08005e1e   0x00000002   PAD
    0x08005e20   0x08005e20   0x00000002   Code   RO         1788    .text.rt_show_version  kservice.o
    0x08005e22   0x08005e22   0x00000002   PAD
    0x08005e24   0x08005e24   0x0000002a   Code   RO         1800    .text.rt_sprintf    kservice.o
    0x08005e4e   0x08005e4e   0x00000002   PAD
    0x08005e50   0x08005e50   0x0000005c   Code   RO         1778    .text.rt_strncpy    kservice.o
    0x08005eac   0x08005eac   0x000000ee   Code   RO         1822    .text.rt_system_heap_init  mem.o
    0x08005f9a   0x08005f9a   0x00000002   PAD
    0x08005f9c   0x08005f9c   0x0000006a   Code   RO         1886    .text.rt_system_scheduler_init  scheduler.o
    0x08006006   0x08006006   0x00000002   PAD
    0x08006008   0x08006008   0x00000040   Code   RO         1890    .text.rt_system_scheduler_start  scheduler.o
    0x08006048   0x08006048   0x00000030   Code   RO         2008    .text.rt_system_timer_init  timer.o
    0x08006078   0x08006078   0x00000002   Code   RO         2010    .text.rt_system_timer_thread_init  timer.o
    0x0800607a   0x0800607a   0x00000002   PAD
    0x0800607c   0x0800607c   0x0000007e   Code   RO         1941    .text.rt_thread_create  thread.o
    0x080060fa   0x080060fa   0x00000002   PAD
    0x080060fc   0x080060fc   0x00000068   Code   RO         1923    .text.rt_thread_exit  thread.o
    0x08006164   0x08006164   0x0000000e   Code   RO         1677    .text.rt_thread_idle_entry  idle.o
    0x08006172   0x08006172   0x00000002   PAD
    0x08006174   0x08006174   0x0000004c   Code   RO         1669    .text.rt_thread_idle_excute  idle.o
    0x080061c0   0x080061c0   0x00000048   Code   RO         1675    .text.rt_thread_idle_init  idle.o
    0x08006208   0x08006208   0x00000058   Code   RO         1929    .text.rt_thread_init  thread.o
    0x08006260   0x08006260   0x0000004c   Code   RO         1937    .text.rt_thread_resume  thread.o
    0x080062ac   0x080062ac   0x0000000c   Code   RO         1933    .text.rt_thread_self  thread.o
    0x080062b8   0x080062b8   0x0000003e   Code   RO         1935    .text.rt_thread_startup  thread.o
    0x080062f6   0x080062f6   0x00000002   PAD
    0x080062f8   0x080062f8   0x00000054   Code   RO         1953    .text.rt_thread_suspend  thread.o
    0x0800634c   0x0800634c   0x00000028   Code   RO         1963    .text.rt_thread_timeout  thread.o
    0x08006374   0x08006374   0x00000074   Code   RO         1945    .text.rt_thread_yield  thread.o
    0x080063e8   0x080063e8   0x0000000c   Code   RO         1621    .text.rt_tick_get   clock.o
    0x080063f4   0x080063f4   0x0000003c   Code   RO         1625    .text.rt_tick_increase  clock.o
    0x08006430   0x08006430   0x000000d6   Code   RO         1996    .text.rt_timer_check  timer.o
    0x08006506   0x08006506   0x00000002   PAD
    0x08006508   0x08006508   0x0000007a   Code   RO         1994    .text.rt_timer_control  timer.o
    0x08006582   0x08006582   0x00000002   PAD
    0x08006584   0x08006584   0x0000002e   Code   RO         1980    .text.rt_timer_detach  timer.o
    0x080065b2   0x080065b2   0x00000002   PAD
    0x080065b4   0x080065b4   0x0000003e   Code   RO         1976    .text.rt_timer_init  timer.o
    0x080065f2   0x080065f2   0x00000002   PAD
    0x080065f4   0x080065f4   0x0000014a   Code   RO         1988    .text.rt_timer_start  timer.o
    0x0800673e   0x0800673e   0x00000002   PAD
    0x08006740   0x08006740   0x00000040   Code   RO         1992    .text.rt_timer_stop  timer.o
    0x08006780   0x08006780   0x000005c8   Code   RO         1790    .text.rt_vsnprintf  kservice.o
    0x08006d48   0x08006d48   0x0000001c   Code   RO         1798    .text.rt_vsprintf   kservice.o
    0x08006d64   0x08006d64   0x00000004   Code   RO         1641    .text.rti_board_end  components.o
    0x08006d68   0x08006d68   0x00000004   Code   RO         1639    .text.rti_board_start  components.o
    0x08006d6c   0x08006d6c   0x00000004   Code   RO         1643    .text.rti_end       components.o
    0x08006d70   0x08006d70   0x00000004   Code   RO         1637    .text.rti_start     components.o
    0x08006d74   0x08006d74   0x0000002a   Code   RO         1651    .text.rtthread_startup  components.o
    0x08006d9e   0x08006d9e   0x00000002   PAD
    0x08006da0   0x08006da0   0x00000038   Code   RO         1792    .text.skip_atoi     kservice.o
    0x08006dd8   0x08006dd8   0x00000034   Code   RO         2060    i.__0vsnprintf      mc_w.l(printfa.o)
    0x08006e0c   0x08006e0c   0x0000000e   Code   RO         2152    i.__scatterload_copy  mc_w.l(handlers.o)
    0x08006e1a   0x08006e1a   0x00000002   Code   RO         2153    i.__scatterload_null  mc_w.l(handlers.o)
    0x08006e1c   0x08006e1c   0x0000000e   Code   RO         2154    i.__scatterload_zeroinit  mc_w.l(handlers.o)
    0x08006e2a   0x08006e2a   0x00000002   PAD
    0x08006e2c   0x08006e2c   0x00000184   Code   RO         2062    i._fp_digits        mc_w.l(printfa.o)
    0x08006fb0   0x08006fb0   0x000006dc   Code   RO         2063    i._printf_core      mc_w.l(printfa.o)
    0x0800768c   0x0800768c   0x00000024   Code   RO         2064    i._printf_post_padding  mc_w.l(printfa.o)
    0x080076b0   0x080076b0   0x0000002e   Code   RO         2065    i._printf_pre_padding  mc_w.l(printfa.o)
    0x080076de   0x080076de   0x00000016   Code   RO         2066    i._snputc           mc_w.l(printfa.o)
    0x080076f4   0x080076f4   0x00000010   Data   RO          444    .rodata.ADCHCLKPresTable  n32g430_rcc.o
    0x08007704   0x08007704   0x00000020   Data   RO          445    .rodata.ADCPLLCLKPresTable  n32g430_rcc.o
    0x08007724   0x08007724   0x00000010   Data   RO          443    .rodata.APBAHBPresTable  n32g430_rcc.o
    0x08007734   0x08007734   0x00000011   Data   RO         1188    .rodata._DoInit._aInitStr  segger_rtt.o
    0x08007745   0x08007745   0x00000010   Data   RO         1209    .rodata._PrintUnsigned._aV2C  segger_rtt_printf.o
    0x08007755   0x08007755   0x00000100   Data   RO         1812    .rodata.__lowest_bit_bitmap  kservice.o
    0x08007855   0x08007855   0x00000100   Data   RO          990    .rodata.nCrcTab_Crc8Poly0x07Ref0  crc8.o
    0x08007955   0x08007955   0x00000011   Data   RO         1814    .rodata.print_number.large_digits  kservice.o
    0x08007966   0x08007966   0x00000011   Data   RO         1813    .rodata.print_number.small_digits  kservice.o
    0x08007977   0x08007977   0x00000009   Data   RO         1189    .rodata.str1.1      segger_rtt.o
    0x08007980   0x08007980   0x00000032   Data   RO         1433    .rodata.str1.1      iap_tx.o
    0x080079b2   0x080079b2   0x00000004   Data   RO         1488    .rodata.str1.1      app.o
    0x080079b6   0x080079b6   0x00000038   Data   RO         1571    .rodata.str1.1      usermain.o
    0x080079ee   0x080079ee   0x0000016c   Data   RO         1585    .rodata.str1.1      n32g43x_platform.o
    0x08007b5a   0x08007b5a   0x00000005   Data   RO         1661    .rodata.str1.1      components.o
    0x08007b5f   0x08007b5f   0x00000006   Data   RO         1682    .rodata.str1.1      idle.o
    0x08007b65   0x08007b65   0x00000007   Data   RO         1811    .rodata.str1.1      kservice.o
    0x08007b6c   0x08007b6c   0x00000005   Data   RO         1840    .rodata.str1.1      mem.o
    0x08007b71   0x08007b71   0x00000003   PAD
    0x08007b74   0x08007b74   0x00000004   Data   RO         1657    .rti_fn.0           components.o
    0x08007b78   0x08007b78   0x00000004   Data   RO         1658    .rti_fn.0.end       components.o
    0x08007b7c   0x08007b7c   0x00000004   Data   RO         1659    .rti_fn.1.end       components.o
    0x08007b80   0x08007b80   0x00000004   Data   RO         1660    .rti_fn.6.end       components.o
    0x08007b84   0x08007b84   0x00000020   Data   RO         2151    Region$$Table       anon$$obj.o


    Execution Region RW_IRAM1 (Exec base: 0x20000000, Load base: 0x08007ba8, Size: 0x00001080, Max: 0x00004000, ABSOLUTE)

    Exec Addr    Load Addr    Size         Type   Attr      Idx    E Section Name        Object

    0x20000000   0x08007ba8   0x00000004   Data   RW           19    .data.SystemClockFrequency  system_n32g430.o
    0x20000004   0x08007bac   0x00000040   Data   RW         1878    .data.rt_object_container  object.o
    0x20000044   0x08007bec   0x00000004   PAD
    0x20000048        -       0x00000008   Zero   RW         1487    .bss.App            app.o
    0x20000050        -       0x00000080   Zero   RW         1586    .bss.Debug_Printf.rt_log_buf  n32g43x_platform.o
    0x200000d0        -       0x00000008   Zero   RW         1398    .bss.Iap            iap.o
    0x200000d8        -       0x00000008   Zero   RW         1524    .bss.IapTester      iaptester.o
    0x200000e0        -       0x0000007c   Zero   RW         1416    .bss.Iap_Rx         iap_rx.o
    0x2000015c        -       0x00000065   Zero   RW         1432    .bss.Iap_Tx         iap_tx.o
    0x200001c1   0x08007bec   0x00000003   PAD
    0x200001c4        -       0x00000020   Zero   RW         1259    .bss.Mcu            mcu.o
    0x200001e4        -       0x00000010   Zero   RW         1546    .bss.Mop            mop.o
    0x200001f4        -       0x000000a8   Zero   RW         1185    .bss._SEGGER_RTT    segger_rtt.o
    0x2000029c        -       0x00000010   Zero   RW         1191    .bss._acDownBuffer  segger_rtt.o
    0x200002ac        -       0x00000400   Zero   RW         1190    .bss._acUpBuffer    segger_rtt.o
    0x200006ac        -       0x00000024   Zero   RW         1383    .bss.base_module    monitor.o
    0x200006d0        -       0x00000008   Zero   RW         1473    .bss.brush_fan      brush_fan.o
    0x200006d8        -       0x00000008   Zero   RW         1453    .bss.brush_heater   brush_heater.o
    0x200006e0        -       0x00000016   Zero   RW         1384    .bss.g_adc_filter   monitor.o
    0x200006f6   0x08007bec   0x00000002   PAD
    0x200006f8        -       0x00000004   Zero   RW         1838    .bss.heap_end       mem.o
    0x200006fc        -       0x00000004   Zero   RW         1837    .bss.heap_ptr       mem.o
    0x20000700        -       0x00000020   Zero   RW         1839    .bss.heap_sem       mem.o
    0x20000720        -       0x00000002   Zero   RW         1328    .bss.i              usart1_rx.o
    0x20000722   0x08007bec   0x00000002   PAD
    0x20000724        -       0x00000078   Zero   RW         1681    .bss.idle           idle.o
    0x2000079c        -       0x00000004   Zero   RW         1841    .bss.lfree          mem.o
    0x200007a0        -       0x00000004   Zero   RW         1843    .bss.max_mem        mem.o
    0x200007a4        -       0x00000004   Zero   RW         1510    .bss.mb_AppEvent    app_event.o
    0x200007a8        -       0x00000004   Zero   RW         1836    .bss.mem_size_aligned  mem.o
    0x200007ac        -       0x00000001   Zero   RW         1913    .bss.rt_current_priority  scheduler.o
    0x200007ad   0x08007bec   0x00000003   PAD
    0x200007b0        -       0x00000004   Zero   RW         1910    .bss.rt_current_thread  scheduler.o
    0x200007b4        -       0x00000004   Zero   RW         1608    .bss.rt_exception_hook  cpuport.o
    0x200007b8        -       0x00000004   Zero   RW         1609    .bss.rt_interrupt_from_thread  cpuport.o
    0x200007bc        -       0x00000001   Zero   RW         1750    .bss.rt_interrupt_nest  irq.o
    0x200007bd   0x08007bec   0x00000003   PAD
    0x200007c0        -       0x00000004   Zero   RW         1610    .bss.rt_interrupt_to_thread  cpuport.o
    0x200007c4        -       0x00000002   Zero   RW         1911    .bss.rt_scheduler_lock_nest  scheduler.o
    0x200007c6   0x08007bec   0x00000002   PAD
    0x200007c8        -       0x00000008   Zero   RW         1915    .bss.rt_thread_defunct  scheduler.o
    0x200007d0        -       0x00000100   Zero   RW         1912    .bss.rt_thread_priority_table  scheduler.o
    0x200008d0        -       0x00000004   Zero   RW         1914    .bss.rt_thread_ready_priority_group  scheduler.o
    0x200008d4        -       0x00000100   Zero   RW         1683    .bss.rt_thread_stack  idle.o
    0x200009d4        -       0x00000004   Zero   RW         1611    .bss.rt_thread_switch_interrupt_flag  cpuport.o
    0x200009d8        -       0x00000004   Zero   RW         1629    .bss.rt_tick        clock.o
    0x200009dc        -       0x00000008   Zero   RW         2013    .bss.rt_timer_list  timer.o
    0x200009e4        -       0x00000004   Zero   RW         2012    .bss.rt_timer_start.random_nr  timer.o
    0x200009e8        -       0x00000090   Zero   RW         1272    .bss.sADC           sadc.o
    0x20000a78        -       0x00000004   Zero   RW         1572    .bss.sem_UserTick_1ms  usermain.o
    0x20000a7c        -       0x00000200   Zero   RW         1329    .bss.tmp_array      usart1_rx.o
    0x20000c7c        -       0x00000004   Zero   RW         1842    .bss.used_mem       mem.o
    0x20000c80        -       0x00000400   Zero   RW            1    STACK               startup_n32g430.o


==============================================================================

Image component sizes


      Code (inc. data)   RO Data    RW Data    ZI Data      Debug   Object Name

       330         26          4          0          8       1422   app.o
       166          0          0          0          4       2065   app_event.o
       234          0          0          0          0       3653   board.o
        76          0          0          0          8       1627   brush_fan.o
       176          0          0          0          8       1810   brush_heater.o
        42          0          0          0          0        553   bsp.o
        72          0          0          0          4       2521   clock.o
       242          0         21          0          0       3116   components.o
       308         28          0          0          0        944   context_rvds.o
       222          0          0          0         16       2567   cpuport.o
        98          0        256          0          0       1031   crc8.o
       538          0          0          0          0       4231   dma.o
        36          0          0          0          0       1148   drv.o
       212          0          0          0          8       1260   iap.o
      1116         58          0          0        124       2712   iap_rx.o
       696          0         50          0        101       2356   iap_tx.o
        18          0          0          0          8       1033   iaptester.o
       222          0          6          0        376       2838   idle.o
       118          0          0          0          0       1468   io.o
      1498          0          0          0          0       7963   ipc.o
        68          0          0          0          1       1135   irq.o
      2698        168        297          0          0      10266   kservice.o
        10          0          0          0          0        387   main.o
       100          0          0          0         32       2248   mcu.o
      1312          0          5          0         56       4374   mem.o
       206          0          0          0          0       3191   misc.o
       600          0          0          0         58       2479   monitor.o
       398          6          0          0         16       2016   mop.o
      1278          0          0          0          0      11067   n32g430_adc.o
       812          0          0          0          0       5448   n32g430_dma.o
       662          0          0          0          0      10063   n32g430_gpio.o
        18          0          0          0          0        770   n32g430_it.o
       720          0         64          0          0      11262   n32g430_rcc.o
      1314          0          0          0          0      32782   n32g430_tim.o
       960          0          0          0          0       9485   n32g430_usart.o
       246          0        364          0        128       2265   n32g43x_platform.o
        28          0          0          0          0       2572   number.o
       510          0          0         64          0       4778   object.o
        34          0          0          0          0        732   rtt_finsh.o
       246          0          0          0        144       2023   sadc.o
       726          0          0          0        275       4259   scheduler.o
       854          0         26          0       1208      13229   segger_rtt.o
      1876         14         16          0          0       3846   segger_rtt_printf.o
        36          8        276          0       1024        916   startup_n32g430.o
       736          0          0          4          0       4163   system_n32g430.o
      1066          0          0          0          0       7182   thread.o
        84          0          0          0          0       2459   tim2.o
       126          0          0          0          0       2615   tim4.o
      1146          6          0          0         12       5805   timer.o
        40          0          0          0          0        778   uart.o
       200          0          0          0          0       3698   usart1.o
       146          0          0          0        514       1331   usart1_rx.o
        98          0          0          0          0       2305   usart1_tx.o
       338          0         56          0          4       1470   usermain.o

    ----------------------------------------------------------------------
     26408        314       1476         68       4156     219717   Object Totals
         0          0         32          0          0          0   (incl. Generated)
       296          0          3          0         19          0   (incl. Padding)

    ----------------------------------------------------------------------

      Code (inc. data)   RO Data    RW Data    ZI Data      Debug   Library Member Name

         0          0          0          0          0          0   entry.o
         0          0          0          0          0          0   entry10a.o
         0          0          0          0          0          0   entry11a.o
         8          4          0          0          0          0   entry2.o
         4          0          0          0          0          0   entry5.o
         0          0          0          0          0          0   entry7b.o
         0          0          0          0          0          0   entry8b.o
         8          4          0          0          0          0   entry9a.o
        30          0          0          0          0          0   handlers.o
        36          8          0          0          0         68   init.o
         0          0          0          0          0          0   iusefp.o
        30          0          0          0          0         68   llshl.o
        36          0          0          0          0         68   llsshr.o
        32          0          0          0          0         68   llushr.o
        36          0          0          0          0         68   memcpya.o
        36          0          0          0          0        108   memseta.o
      2300         86          0          0          0        516   printfa.o
        44          0          0          0          0         80   uidiv.o
        98          0          0          0          0         92   uldiv.o
        48          0          0          0          0         68   cdrcmple.o
       334          0          0          0          0        148   dadd.o
       222          0          0          0          0        100   ddiv.o
       186          0          0          0          0        176   depilogue.o
        48          0          0          0          0         68   dfixul.o
       228          0          0          0          0         96   dmul.o

    ----------------------------------------------------------------------
      3768        102          0          0          0       1792   Library Totals
         4          0          0          0          0          0   (incl. Padding)

    ----------------------------------------------------------------------

      Code (inc. data)   RO Data    RW Data    ZI Data      Debug   Library Name

      2698        102          0          0          0       1136   mc_w.l
      1066          0          0          0          0        656   mf_w.l

    ----------------------------------------------------------------------
      3768        102          0          0          0       1792   Library Totals

    ----------------------------------------------------------------------

==============================================================================


      Code (inc. data)   RO Data    RW Data    ZI Data      Debug   

     30176        416       1476         68       4156     219657   Grand Totals
     30176        416       1476         68       4156     219657   ELF Image Totals
     30176        416       1476         68          0          0   ROM Totals

==============================================================================

    Total RO  Size (Code + RO Data)                31652 (  30.91kB)
    Total RW  Size (RW Data + ZI Data)              4224 (   4.13kB)
    Total ROM Size (Code + RO Data + RW Data)      31720 (  30.98kB)

==============================================================================

