<html>
<body>
<pre>
<h1>µVision Build Log</h1>
<h2>Tool Versions:</h2>
IDE-Version: ¦ÌVision V5.36.0.0
Copyright (C) 2021 ARM Ltd and ARM Germany GmbH. All rights reserved.
License Information: xxxx xxxx, xxxx, LIC=X1E4T-R006G-MSDYP-MFW2D-XVRY4-TJ1SI
 
Tool Versions:
Toolchain:       MDK-ARM Professional  Version: 5.36.0.0
Toolchain Path:  D:\soft\ARM\ARMCLANG\Bin
C Compiler:      ArmClang.exe V6.16
Assembler:       Armasm.exe V6.16
Linker/Locator:  ArmLink.exe V6.16
Library Manager: ArmAr.exe V6.16
Hex Converter:   FromElf.exe V6.16
CPU DLL:         SARMCM3.DLL V5.36.0.0
Dialog DLL:      DCM.DLL V1.17.3.0
Target DLL:      Segger\JL2CM3.dll V2.99.40.0
Dialog DLL:      TCM.DLL V1.53.0.0
 
<h2>Project:</h2>
D:\develop_code\haier_n32g43x_jz_app\haier_fw2023\projects\MDK-ARM\project.uvprojx
Project File Date:  10/30/2022

<h2>Output:</h2>
*** Using Compiler 'V6.16', folder: 'D:\soft\ARM\ARMCLANG\Bin'
Build target 'N32G43x'
compiling Bsp.c...
compiling UART.c...
compiling TIM3.c...
compiling Exti.c...
compiling TIM5.c...
compiling sADC.c...
compiling TIM4.c...
compiling TIM2.c...
compiling USART1.c...
compiling TIM1.c...
compiling USART1_Rx.c...
compiling DMA.c...
compiling Drv.c...
compiling Iap_Rx.c...
compiling Iap.c...
compiling monitor.c...
compiling IO.c...
compiling USART1_Tx.c...
compiling rubbish_Heater.c...
compiling brush_Heater.c...
compiling Iap_Tx.c...
compiling drain_Valve.c...
compiling magnetic_Valve.c...
compiling led.c...
compiling IapTester.c...
compiling App.c...
compiling App_Event.c...
compiling Fan.c...
compiling brush_Fan.c...
compiling rubbish_Fan.c...
compiling peristaltic_Pump.c...
compiling Mop.c...
compiling UserMain.c...
linking...
Program Size: Code=28834 RO-data=1018 RW-data=68 ZI-data=7500  
FromELF: creating hex file...
".\Objects\project.axf" - 0 Error(s), 0 Warning(s).

<h2>Software Packages used:</h2>

Package Vendor: Nationstech
                http://www.keil.com/pack/Nationstech.N32G430_DFP.1.0.0.pack
                Nationstech.N32G430_DFP.1.0.0
                Nationstech N32G430 Series Device Support, Drivers and Examples

Package Vendor: RealThread
                https://www.rt-thread.org/download/mdk/RealThread.RT-Thread.3.1.5.pack
                RealThread.RT-Thread.3.1.5
                RT-Thread Software Components
   * Component: kernel Version: 3.1.5

<h2>Collection of Component include folders:</h2>
  .\RTE\RTOS
  .\RTE\_N32G43x
  C:\Users\admin\AppData\Local\Arm\Packs\Nationstech\N32G430_DFP\1.0.0\firmware\CMSIS\device
  C:\Users\admin\AppData\Local\Arm\Packs\RealThread\RT-Thread\3.1.5\include

<h2>Collection of Component Files used:</h2>

   * Component: RealThread.RT-Thread::RTOS:kernel:3.1.5
      Source file:   src\components.c
      Source file:   src\clock.c
      Include file:  bsp\_template\rtconfig.h
      Source file:   bsp\_template\board.c
      Source file:   src\kservice.c
      Source file:   libcpu\arm\cortex-m4\cpuport.c
      Source file:   src\idle.c
      Source file:   libcpu\arm\cortex-m4\context_rvds.S
      Source file:   src\object.c
      Source file:   src\thread.c
      Source file:   src\mem.c
      Source file:   src\timer.c
      Source file:   src\irq.c
      Source file:   src\ipc.c
      Source file:   src\scheduler.c
      Source file:   src\mempool.c
Build Time Elapsed:  00:00:14
</pre>
</body>
</html>
